C:\projects\job4j_tracker>jstat -gc 4216 1s 10
 S0C    S1C    S0U    S1U      EC       EU        OC         OU       MC     MU    CCSC   CCSU   YGC     YGCT    FGC    FGCT    CGC    CGCT     GCT
 0,0   1024,0  0,0   861,3  25600,0  12288,0   104448,0    3707,0   9856,0 9249,9 1152,0 990,1       2    0,021   0      0,000   0      0,000    0,021
 0,0   1024,0  0,0   861,3  25600,0  12288,0   104448,0    3707,0   9856,0 9249,9 1152,0 990,1       2    0,021   0      0,000   0      0,000    0,021
 0,0   1024,0  0,0   861,3  25600,0  12288,0   104448,0    3707,0   9856,0 9249,9 1152,0 990,1       2    0,021   0      0,000   0      0,000    0,021
 0,0   1024,0  0,0   861,3  25600,0  12288,0   104448,0    3707,0   9856,0 9249,9 1152,0 990,1       2    0,021   0      0,000   0      0,000    0,021
 0,0   1024,0  0,0   861,3  25600,0  12288,0   104448,0    3707,0   9856,0 9249,9 1152,0 990,1       2    0,021   0      0,000   0      0,000    0,021
 0,0   1024,0  0,0   861,3  25600,0  12288,0   104448,0    3707,0   9856,0 9249,9 1152,0 990,1       2    0,021   0      0,000   0      0,000    0,021
 0,0   1024,0  0,0   861,3  25600,0  12288,0   104448,0    3707,0   9856,0 9249,9 1152,0 990,1       2    0,021   0      0,000   0      0,000    0,021
 0,0   1024,0  0,0   861,3  25600,0  12288,0   104448,0    3707,0   9856,0 9249,9 1152,0 990,1       2    0,021   0      0,000   0      0,000    0,021
 0,0   1024,0  0,0   861,3  25600,0  12288,0   104448,0    3707,0   9856,0 9249,9 1152,0 990,1       2    0,021   0      0,000   0      0,000    0,021
 0,0   1024,0  0,0   861,3  25600,0  12288,0   104448,0    3707,0   9856,0 9249,9 1152,0 990,1       2    0,021   0      0,000   0      0,000    0,021

C:\projects\job4j_tracker>jmap -histo 4216
No dump file specified
 num     #instances         #bytes  class name (module)
-------------------------------------------------------
   1:         63361        5491000  [B (java.base@15)
   2:         11751        2718928  [I (java.base@15)
   3:          7239        2097288  [C (java.base@15)
   4:         45187        1995408  [Ljava.lang.Object; (java.base@15)
   5:         31649        1012768  java.io.ObjectStreamClass$WeakClassKey (java.base@15)
   6:         36605         878520  java.lang.String (java.base@15)
   7:          5346         641520  java.io.ObjectStreamClass (java.base@15)
   8:          2915         351432  java.lang.Class (java.base@15)
   9:         10202         326464  java.util.HashMap$Node (java.base@15)
  10:         13204         316896  java.lang.Long (java.base@15)
  11:          6179         296592  java.util.HashMap (java.base@15)
  12:          1141         283024  [J (java.base@15)
  13:          3320         253592  [Ljava.util.HashMap$Node; (java.base@15)
  14:          8115         247720  [Ljava.lang.String; (java.base@15)
  15:          9290         222960  java.lang.StringBuilder (java.base@15)
  16:          6195         198240  java.util.concurrent.ConcurrentHashMap$Node (java.base@15)
  17:          1775         156200  java.lang.reflect.Method (java.base@15)
  18:          3600         144000  java.util.TreeMap$Entry (java.base@15)
  19:          3587         143480  java.io.DataOutputStream (java.base@15)
  20:          4024         138840  [Ljavax.management.ObjectName$Property; (java.management@15)
  21:          5124         122976  javax.management.Attribute (java.management@15)
  22:          4939         118536  java.io.SerialCallbackContext (java.base@15)
  23:          2828         113120  java.io.ObjectOutputStream$HandleTable (java.base@15)
  24:          2674         106960  java.io.ObjectStreamClass$FieldReflectorKey (java.base@15)
  25:          4044         105448  [Ljava.lang.Class; (java.base@15)
  26:          1414         101808  sun.rmi.transport.ConnectionInputStream (java.rmi@15)
  27:          1581          96552  [Ljava.io.ObjectInputStream$HandleTable$HandleList; (java.base@15)
  28:          2837          90784  java.rmi.server.UID (java.rmi@15)
  29:          1414          90496  sun.rmi.transport.ConnectionOutputStream (java.rmi@15)
  30:           991          79216  [S (java.base@15)
  31:          1414          79184  java.io.ObjectInputStream$BlockDataInputStream (java.base@15)
  32:          2299          73568  java.util.TreeMap$EntryIterator (java.base@15)
  33:          4475          71600  java.lang.Object (java.base@15)
  34:          1563          62520  sun.util.locale.LocaleObjectCache$CacheEntry (java.base@15)
  35:           111          60496  [Ljava.util.concurrent.ConcurrentHashMap$Node; (java.base@15)
  36:          1415          56600  java.util.HashMap$ValueIterator (java.base@15)
  37:          1415          56600  sun.rmi.transport.StreamRemoteCall (java.rmi@15)
  38:          1414          56560  java.io.ObjectOutputStream$BlockDataOutputStream (java.base@15)
  39:          1767          56544  java.util.TreeMap$KeyIterator (java.base@15)
  40:          1409          56360  java.lang.ref.SoftReference (java.base@15)
  41:          2193          52632  javax.management.ObjectName$Property (java.management@15)
  42:          1192          47680  java.util.LinkedHashMap$Entry (java.base@15)
  43:          1420          45440  java.io.DataInputStream (java.base@15)
  44:          1415          45280  sun.rmi.transport.Transport$1 (java.rmi@15)
  45:          1414          45248  java.io.ObjectInputStream$HandleTable (java.base@15)
  46:          1414          45248  java.io.ObjectInputStream$PeekInputStream (java.base@15)
  47:          2828          45248  sun.rmi.transport.Transport$$Lambda$127/0x0000000800c333c0 (java.rmi@15)
  48:          1825          43800  java.util.ArrayList (java.base@15)
  49:          1352          43264  javax.management.ObjectName (java.management@15)
  50:           892          42816  java.util.TreeMap (java.base@15)
  51:          1320          42240  javax.management.AttributeList (java.management@15)
  52:           837          40176  java.lang.management.MemoryUsage (java.management@15)
  53:           537          38664  java.lang.reflect.Field (java.base@15)
  54:          1419          34056  java.rmi.server.ObjID (java.rmi@15)
  55:          1417          34008  sun.rmi.transport.ObjectEndpoint (java.rmi@15)
  56:          1414          33936  java.io.ObjectOutputStream$ReplaceTable (java.base@15)
  57:          1407          33768  javax.management.remote.rmi.RMIConnectionImpl$PrivilegedOperation (java.management.rmi@15)
  58:          1368          32832  java.io.ObjectStreamClass$ClassDataSlot (java.base@15)
  59:           684          32832  java.lang.invoke.MemberName (java.base@15)
  60:          1350          32424  [Ljava.io.ObjectStreamClass$ClassDataSlot; (java.base@15)
  61:           444          31968  java.lang.reflect.Constructor (java.base@15)
  62:          1323          31752  [Ljava.io.ObjectInputStream$FieldValues; (java.base@15)
  63:          1323          31752  java.io.ObjectInputStream$FieldValues (java.base@15)
  64:           491          31424  java.util.concurrent.ConcurrentHashMap (java.base@15)
  65:           408          26112  java.lang.Class$ReflectionData (java.base@15)
  66:           800          25600  java.util.Locale (java.base@15)
  67:          1599          25584  java.util.HashSet (java.base@15)
  68:           799          25568  sun.util.locale.BaseLocale (java.base@15)
  69:           780          24960  sun.util.locale.BaseLocale$Key (java.base@15)
  70:           995          23880  java.util.Collections$UnmodifiableCollection$1 (java.base@15)
  71:          1426          22816  java.util.HashMap$Values (java.base@15)
  72:          1414          22624  java.io.ObjectInputStream$ValidationList (java.base@15)
  73:          1414          22624  sun.rmi.server.MarshalOutputStream$1 (java.rmi@15)
  74:           537          21480  java.lang.invoke.MethodType (java.base@15)
  75:           855          20520  javax.management.openmbean.CompositeDataSupport (java.management@15)
  76:           272          18496  [Ljava.lang.ref.SoftReference; (java.base@15)
  77:           569          18208  java.lang.invoke.LambdaForm$Name (java.base@15)
  78:           546          17472  java.lang.invoke.MethodType$ConcurrentWeakInternSet$WeakEntry (java.base@15)
  79:           408          16320  java.math.BigInteger (java.base@15)
  80:           862          13792  java.util.TreeMap$KeySet (java.base@15)
  81:           558          13392  java.security.Provider$ServiceKey (java.base@15)
  82:           837          13392  java.util.TreeMap$EntrySet (java.base@15)
  83:           328          13120  java.lang.reflect.InvocationTargetException (java.base@15)
  84:           536          12864  java.lang.invoke.ResolvedMethodName (java.base@15)
  85:           388          12416  java.net.InetAddress$InetAddressHolder (java.base@15)
  86:           220          12320  java.security.Provider$Service (java.base@15)
  87:           191          11352  [Ljava.lang.reflect.Method; (java.base@15)
  88:           347          11104  java.lang.ref.WeakReference (java.base@15)
  89:           189          10584  java.lang.Module (java.base@15)
  90:           396           9504  java.lang.module.ModuleDescriptor$Exports (java.base@15)
  91:           118           9440  jdk.internal.reflect.DelegatingClassLoader (java.base@15)
  92:           514           8224  java.lang.Integer (java.base@15)
  93:           254           8128  java.net.Inet6Address$Inet6AddressHolder (java.base@15)
  94:           201           8040  java.io.ObjectStreamField (java.base@15)
  95:           247           7904  sun.security.util.KnownOIDs (java.base@15)
  96:           150           6936  [Ljava.lang.invoke.LambdaForm$Name; (java.base@15)
  97:           144           6912  java.lang.invoke.LambdaForm (java.base@15)
  98:           290           6800  [Ljava.lang.reflect.Constructor; (java.base@15)
  99:           164           6560  java.lang.UnsupportedOperationException (java.base@15)
 100:           264           6336  java.util.ImmutableCollections$Set12 (java.base@15)
 101:           157           6280  java.util.WeakHashMap$Entry (java.base@15)
 102:           193           6176  java.lang.invoke.DirectMethodHandle (java.base@15)
 103:            87           6136  [Ljava.lang.Thread; (java.base@15)
 104:           254           6096  java.net.Inet6Address (java.base@15)
 105:           252           6048  javax.management.ImmutableDescriptor (java.management@15)
 106:           177           5664  java.lang.module.ModuleDescriptor$Requires (java.base@15)
 107:            70           5600  java.net.URI (java.base@15)
 108:            15           5520  java.lang.Thread (java.base@15)
 109:           137           5480  java.security.ProtectionDomain (java.base@15)
 110:           170           5440  java.lang.invoke.LambdaForm$NamedFunction (java.base@15)
 111:           132           5280  java.security.CodeSource (java.base@15)
 112:           208           4992  jdk.internal.reflect.NativeConstructorAccessorImpl (java.base@15)
 113:           155           4960  com.sun.jmx.mbeanserver.ConvertingMethod (java.management@15)
 114:           153           4896  java.lang.invoke.MethodTypeForm (java.base@15)
 115:            97           4656  java.util.logging.LogManager$LoggerWeakRef (java.logging@15)
 116:            83           4648  [Ljava.net.InetAddress; (java.base@15)
 117:           187           4488  java.security.Provider$UString (java.base@15)
 118:            70           4480  java.lang.module.ModuleDescriptor (java.base@15)
 119:           170           4080  jdk.internal.module.ServicesCatalog$ServiceProvider (java.base@15)
 120:           126           4032  jdk.internal.loader.NativeLibraries (java.base@15)
 121:           166           3984  java.util.ImmutableCollections$SetN (java.base@15)
 122:            70           3920  jdk.internal.module.ModuleReferenceImpl (java.base@15)
 123:           150           3600  java.util.ImmutableCollections$List12 (java.base@15)
 124:            34           3584  [Ljava.util.WeakHashMap$Entry; (java.base@15)
 125:            41           3488  [Ljava.lang.invoke.MethodHandle; (java.base@15)
 126:           108           3456  java.lang.invoke.BoundMethodHandle$Species_L (java.base@15)
 127:           209           3344  jdk.internal.reflect.DelegatingConstructorAccessorImpl (java.base@15)
 128:           166           3320  [Lcom.sun.jmx.mbeanserver.MXBeanMapping; (java.management@15)
 129:           134           3216  java.net.Inet4Address (java.base@15)
 130:            79           3160  com.sun.management.internal.DiagnosticCommandArgumentInfo (jdk.management@15)
 131:            49           3136  javax.management.openmbean.OpenMBeanAttributeInfoSupport (java.management@15)
 132:            70           3112  [Ljava.lang.reflect.Field; (java.base@15)
 133:            91           2912  java.util.logging.LogManager$LogNode (java.logging@15)
 134:            55           2888  [Ljavax.management.MBeanAttributeInfo; (java.management@15)
 135:           115           2760  java.util.Arrays$ArrayItr (java.base@15)
 136:           104           2744  [[C (java.base@15)
 137:           111           2664  java.util.concurrent.CopyOnWriteArrayList (java.base@15)
 138:            65           2600  org.postgresql.PGProperty
 139:            54           2592  javax.management.MBeanInfo (java.management@15)
 140:           155           2480  java.util.Collections$UnmodifiableSet (java.base@15)
 141:            85           2368  [Ljava.io.ObjectStreamField; (java.base@15)
 142:            58           2320  java.lang.invoke.BoundMethodHandle$Species_LL (java.base@15)
 143:           137           2192  [Ljava.security.Principal; (java.base@15)
 144:           137           2192  java.security.ProtectionDomain$Key (java.base@15)
 145:           134           2144  java.util.HashMap$EntrySet (java.base@15)
 146:            38           2128  jdk.internal.org.objectweb.asm.SymbolTable$Entry (java.base@15)
 147:            53           2120  sun.security.util.NamedCurve (java.base@15)
 148:            66           2112  java.lang.invoke.LambdaForm$Kind (java.base@15)
 149:            44           2112  java.lang.invoke.LambdaFormEditor$Transform (java.base@15)
 150:             2           2080  [Ljdk.internal.org.objectweb.asm.SymbolTable$Entry; (java.base@15)
 151:            65           2080  javax.management.MBeanAttributeInfo (java.management@15)
 152:           128           2048  java.lang.Character (java.base@15)
 153:            84           2016  java.util.concurrent.ConcurrentSkipListMap$Node (java.base@15)
 154:            36           2016  java.util.logging.Logger (java.logging@15)
 155:            36           2016  sun.util.calendar.ZoneInfo (java.base@15)
 156:            41           1968  com.sun.management.internal.DiagnosticCommandInfo (jdk.management@15)
 157:            48           1920  java.lang.invoke.DirectMethodHandle$Constructor (java.base@15)
 158:            60           1920  jdk.internal.loader.BuiltinClassLoader$LoadedModule (java.base@15)
 159:            59           1888  java.lang.ref.ReferenceQueue (java.base@15)
 160:            72           1728  java.lang.module.ModuleDescriptor$Provides (java.base@15)
 161:            53           1696  java.security.spec.EllipticCurve (java.base@15)
 162:            53           1696  sun.security.util.ObjectIdentifier (java.base@15)
 163:            42           1680  java.net.InetAddress$CachedAddresses (java.base@15)
 164:            70           1680  jdk.internal.module.SystemModuleFinders$2 (java.base@15)
 165:            68           1632  sun.reflect.generics.tree.SimpleClassTypeSignature (java.base@15)
 166:             2           1584  [[B (java.base@15)
 167:            99           1584  jdk.internal.reflect.DelegatingMethodAccessorImpl (java.base@15)
 168:            38           1520  javax.management.MBeanOperationInfo (java.management@15)
 169:            62           1488  java.util.Arrays$ArrayList (java.base@15)
 170:            31           1488  jdk.internal.ref.CleanerImpl$PhantomCleanableRef (java.base@15)
 171:            37           1480  java.util.logging.Logger$ConfigurationData (java.logging@15)
 172:            61           1464  java.lang.module.ResolvedModule (java.base@15)
 173:            61           1464  jdk.internal.module.SystemModuleFinders$SystemModuleReader (java.base@15)
 174:            30           1440  java.time.temporal.ValueRange (java.base@15)
 175:            29           1392  java.util.WeakHashMap (java.base@15)
 176:            42           1344  java.net.InetAddress$CachedLocalHost (java.base@15)
 177:            42           1344  javax.management.MBeanParameterInfo (java.management@15)
 178:            45           1336  [Ljavax.management.MBeanOperationInfo; (java.management@15)
 179:            71           1320  [Lsun.reflect.generics.tree.TypeArgument; (java.base@15)
 180:            41           1312  com.sun.management.internal.DiagnosticCommandImpl$Wrapper (jdk.management@15)
 181:            41           1312  java.util.concurrent.ConcurrentSkipListMap$KeyIterator (java.base@15)
 182:            54           1296  java.security.spec.ECPoint (java.base@15)
 183:            39           1248  jdk.internal.reflect.UnsafeQualifiedStaticLongFieldAccessorImpl (java.base@15)
 184:            30           1200  java.lang.invoke.DirectMethodHandle$Accessor (java.base@15)
 185:            30           1200  java.time.temporal.ChronoField (java.base@15)
 186:            38           1184  [Ljava.math.BigInteger; (java.base@15)
 187:            21           1176  java.util.LinkedHashMap (java.base@15)
 188:            29           1160  java.io.ObjectStreamClass$FieldReflector (java.base@15)
 189:            29           1160  java.security.AccessControlContext (java.base@15)
 190:            47           1128  java.util.jar.Attributes$Name (java.base@15)
 191:            70           1120  java.util.HashMap$KeySet (java.base@15)
 192:            27           1080  java.lang.invoke.MethodHandleImpl$AsVarargsCollector (java.base@15)
 193:             2           1064  [Ljava.lang.Integer; (java.base@15)
 194:            66           1056  sun.reflect.generics.tree.ClassTypeSignature (java.base@15)
 195:             1           1048  [Lsun.security.util.KnownOIDs; (java.base@15)
 196:             1           1040  [Ljava.lang.Long; (java.base@15)
 197:            65           1040  jdk.internal.module.SystemModuleFinders$3 (java.base@15)
 198:            41           1024  [Lcom.sun.management.internal.DiagnosticCommandArgumentInfo; (jdk.management@15)
 199:            32           1024  java.lang.ThreadLocal$ThreadLocalMap$Entry (java.base@15)
 200:            18           1008  sun.security.ec.SunEC$ProviderServiceA (jdk.crypto.ec@15)
 201:            31            992  java.lang.invoke.VarHandle$AccessMode (java.base@15)
 202:            41            984  com.sun.jmx.mbeanserver.PerInterface$MethodAndSig (java.management@15)
 203:            41            984  java.net.InetAddress$NameServiceAddresses (java.base@15)
 204:            61            976  java.lang.ref.ReferenceQueue$Lock (java.base@15)
 205:            24            960  com.sun.jmx.mbeanserver.MXBeanSupport (java.management@15)
 206:            30            960  java.security.Provider$EngineDescription (java.base@15)
 207:            17            952  javax.management.openmbean.CompositeType (java.management@15)
 208:            23            920  java.lang.Package$VersionInfo (java.base@15)
 209:            19            912  javax.management.openmbean.ArrayType (java.management@15)
 210:            37            904  [Ljavax.management.MBeanParameterInfo; (java.management@15)
 211:             4            896  jdk.internal.org.objectweb.asm.MethodWriter (java.base@15)
 212:            16            896  sun.security.ec.SunEC$ProviderService (jdk.crypto.ec@15)
 213:             3            888  [[Ljava.lang.String; (java.base@15)
 214:             6            864  [Ljava.lang.invoke.MemberName; (java.base@15)
 215:            36            864  java.lang.management.ManagementPermission (java.management@15)
 216:            25            800  com.sun.jmx.mbeanserver.WeakIdentityHashMap$IdentityWeakReference (java.management@15)
 217:            20            800  sun.reflect.generics.repository.MethodRepository (java.base@15)
 218:            14            784  javax.management.openmbean.OpenMBeanParameterInfoSupport (java.management@15)
 219:            32            768  com.sun.jmx.mbeanserver.DefaultMXBeanMappingFactory$IdentityMapping (java.management@15)
 220:            24            768  java.lang.Package (java.base@15)
 221:            12            768  java.nio.DirectByteBuffer (java.base@15)
 222:            33            736  [Ljava.lang.reflect.Type; (java.base@15)
 223:            23            736  sun.management.MappedMXBeanType$BasicMXBeanType (java.management@15)
 224:            18            720  java.lang.invoke.BoundMethodHandle$Species_LJ (java.base@15)
 225:            11            704  org.postgresql.core.v3.SimpleQuery
 226:             7            680  [D (java.base@15)
 227:            35            672  [Lsun.reflect.generics.tree.FieldTypeSignature; (java.base@15)
 228:            28            672  java.time.LocalTime (java.base@15)
 229:            41            656  jdk.internal.reflect.BootstrapConstructorAccessorImpl (java.base@15)
 230:            27            648  java.util.Collections$SingletonList (java.base@15)
 231:            20            640  sun.reflect.generics.tree.MethodTypeSignature (java.base@15)
 232:             3            624  [Ljava.lang.invoke.LambdaForm; (java.base@15)
 233:            26            624  com.sun.jmx.mbeanserver.NamedObject (java.management@15)
 234:            26            624  java.security.spec.ECFieldF2m (java.base@15)
 235:            25            600  java.util.Collections$UnmodifiableRandomAccessList (java.base@15)
 236:            18            576  java.lang.invoke.MethodHandleNatives$CallSiteContext (java.base@15)
 237:             9            576  java.net.URL (java.base@15)
 238:            18            576  java.util.concurrent.locks.ReentrantLock$NonfairSync (java.base@15)
 239:             7            560  java.util.concurrent.TimeUnit (java.base@15)
 240:            14            560  javax.management.openmbean.SimpleType (java.management@15)
 241:            10            560  sun.invoke.util.Wrapper (java.base@15)
 242:             7            560  sun.nio.ch.NioSocketImpl (java.base@15)
 243:            23            552  java.lang.invoke.Invokers (java.base@15)
 244:            23            552  java.lang.invoke.LambdaFormEditor$TransformKey (java.base@15)
 245:            23            552  java.time.Duration (java.base@15)
 246:            23            552  sun.reflect.generics.factory.CoreReflectionFactory (java.base@15)
 247:            34            544  java.util.ImmutableCollections$ListN (java.base@15)
 248:             1            528  [Ljava.lang.Character; (java.base@15)
 249:            11            528  com.sun.jmx.mbeanserver.DefaultMXBeanMappingFactory$CompositeMapping (java.management@15)
 250:            22            528  jdk.internal.reflect.NativeMethodAccessorImpl (java.base@15)
 251:            13            520  com.sun.jmx.mbeanserver.PerInterface (java.management@15)
 252:            16            512  java.lang.invoke.MethodHandles$Lookup (java.base@15)
 253:            16            512  java.time.temporal.ChronoUnit (java.base@15)
 254:            21            504  java.lang.RuntimePermission (java.base@15)
 255:             7            496  [Lsun.invoke.util.Wrapper; (java.base@15)
 256:             6            480  [Ljava.lang.ThreadLocal$ThreadLocalMap$Entry; (java.base@15)
 257:            12            480  java.io.FileDescriptor (java.base@15)
 258:            12            480  java.lang.invoke.VarHandleReferences$FieldInstanceReadWrite (java.base@15)
 259:            20            480  sun.reflect.generics.reflectiveObjects.ParameterizedTypeImpl (java.base@15)
 260:            20            480  sun.reflect.generics.scope.MethodScope (java.base@15)
 261:            19            456  java.lang.Class$AnnotationData (java.base@15)
 262:             8            448  java.lang.invoke.BoundMethodHandle$Species_LLLLLLL (java.base@15)
 263:            14            448  java.lang.invoke.VarHandle$AccessDescriptor (java.base@15)
 264:             8            448  sun.management.MemoryPoolImpl (java.management@15)
 265:            20            440  [Ljavax.management.MBeanNotificationInfo; (java.management@15)
 266:            11            440  java.lang.OutOfMemoryError (java.base@15)
 267:             1            432  [[[C (java.base@15)
 268:             9            432  java.lang.invoke.BoundMethodHandle$SpeciesData (java.base@15)
 269:            27            432  java.security.spec.ECFieldFp (java.base@15)
 270:             9            432  java.util.Hashtable (java.base@15)
 271:            18            432  java.util.concurrent.ConcurrentSkipListMap$Index (java.base@15)
 272:            18            432  javax.management.StandardMBean (java.management@15)
 273:             9            424  [Ljava.util.Hashtable$Entry; (java.base@15)
 274:            13            416  sun.security.jca.ProviderConfig (java.base@15)
 275:            24            408  [Lsun.reflect.generics.tree.FormalTypeParameter; (java.base@15)
 276:            17            408  java.io.ObjectStreamClass$ExceptionInfo (java.base@15)
 277:            17            408  sun.nio.ch.OptionKey (java.base@15)
 278:            17            408  sun.nio.ch.SocketOptionRegistry$RegistryKey (java.base@15)
 279:             5            400  [Ljava.nio.ByteBuffer; (java.base@15)
 280:            10            400  java.util.IdentityHashMap (java.base@15)
 281:            10            400  sun.nio.fs.WindowsPath (java.base@15)
 282:             7            392  java.nio.HeapByteBuffer (java.base@15)
 283:             7            392  java.util.Properties (java.base@15)
 284:             8            384  java.lang.invoke.BoundMethodHandle$Species_LLLLL (java.base@15)
 285:            12            384  jdk.jfr.internal.LogTag (jdk.jfr@15)
 286:            16            384  sun.management.MemoryUsageCompositeData (java.management@15)
 287:             1            376  com.intellij.rt.execution.application.AppMainV2$1
 288:             1            376  java.lang.ref.Finalizer$FinalizerThread (java.base@15)
 289:             1            376  java.util.logging.LogManager$Cleaner (java.logging@15)
 290:             1            376  jdk.internal.misc.InnocuousThread (java.base@15)
 291:            23            368  java.lang.invoke.LambdaFormEditor (java.base@15)
 292:             1            368  java.lang.ref.Reference$ReferenceHandler (java.base@15)
 293:             9            360  [Ljava.lang.invoke.BoundMethodHandle$SpeciesData; (java.base@15)
 294:            20            360  [Lsun.reflect.generics.tree.TypeSignature; (java.base@15)
 295:             9            360  sun.util.resources.Bundles$BundleReference (java.base@15)
 296:             8            352  [Ljava.lang.invoke.MethodType; (java.base@15)
 297:             4            352  java.util.regex.Pattern (java.base@15)
 298:            11            352  jdk.internal.org.objectweb.asm.Type (java.base@15)
 299:            11            352  jdk.internal.reflect.UnsafeQualifiedStaticObjectFieldAccessorImpl (java.base@15)
 300:            11            352  org.postgresql.core.NativeQuery
 301:             7            336  java.io.ObjectInputStream$FilterValues (java.base@15)
 302:             7            336  java.lang.invoke.BoundMethodHandle$Species_LLLL (java.base@15)
 303:             6            336  java.nio.DirectLongBufferU (java.base@15)
 304:            14            336  org.postgresql.core.ServerVersion
 305:             3            336  sun.security.provider.HashDrbg (java.base@15)
 306:            21            336  sun.util.logging.internal.LoggingProviderImpl$JULWrapper (java.logging@15)
 307:             3            328  [Z (java.base@15)
 308:             8            320  java.lang.invoke.DirectMethodHandle$Interface (java.base@15)
 309:             8            320  jdk.internal.loader.NativeLibraries$NativeLibraryImpl (java.base@15)
 310:             8            320  sun.management.MemoryPoolImpl$CollectionSensor (java.management@15)
 311:             8            320  sun.management.MemoryPoolImpl$PoolSensor (java.management@15)
 312:             5            320  sun.nio.cs.SingleByte$Encoder (java.base@15)
 313:             8            320  sun.rmi.transport.tcp.TCPEndpoint (java.rmi@15)
 314:            17            312  [Ljavax.management.MBeanConstructorInfo; (java.management@15)
 315:            13            312  java.util.concurrent.atomic.AtomicLong (java.base@15)
 316:             2            304  jdk.internal.org.objectweb.asm.ClassWriter (java.base@15)
 317:            12            288  com.sun.jmx.remote.util.ClassLogger (java.management@15)
 318:            12            288  java.net.StandardSocketOptions$StdSocketOption (java.base@15)
 319:             9            288  java.util.ArrayList$Itr (java.base@15)
 320:             9            288  java.util.Collections$UnmodifiableMap (java.base@15)
 321:             9            288  java.util.Hashtable$Entry (java.base@15)
 322:            18            288  java.util.concurrent.locks.ReentrantLock (java.base@15)
 323:             9            288  java.util.logging.Level (java.logging@15)
 324:             9            288  java.util.logging.Level$KnownLevel (java.logging@15)
 325:             9            288  javax.management.MBeanNotificationInfo (java.management@15)
 326:             9            288  sun.util.resources.Bundles$CacheKey (java.base@15)
 327:             1            280  [Ljava.lang.invoke.LambdaForm$Kind; (java.base@15)
 328:             1            280  [Lorg.postgresql.PGProperty;
 329:             7            280  javax.management.remote.rmi.RMIConnectionImpl$4 (java.management.rmi@15)
 330:             5            280  jdk.internal.org.objectweb.asm.Label (java.base@15)
 331:             7            280  sun.util.locale.provider.LocaleResources$ResourceReference (java.base@15)
 332:             7            264  [Ljavax.management.openmbean.OpenType; (java.management@15)
 333:            11            264  java.lang.invoke.MethodHandleImpl$Intrinsic (java.base@15)
 334:            11            264  java.security.Permissions (java.base@15)
 335:             8            256  java.lang.reflect.ProxyGenerator$PrimitiveTypeInfo (java.base@15)
 336:            16            256  java.util.Collections$UnmodifiableMap$UnmodifiableEntrySet$UnmodifiableEntry (java.base@15)
 337:            16            256  java.util.concurrent.atomic.AtomicInteger (java.base@15)
 338:             6            240  java.net.Socket (java.base@15)
 339:            10            240  java.nio.charset.CoderResult (java.base@15)
 340:            10            240  java.nio.file.StandardOpenOption (java.base@15)
 341:             5            240  sun.nio.cs.UTF_8$Encoder (java.base@15)
 342:             5            232  [Ljava.lang.invoke.LambdaForm$NamedFunction; (java.base@15)
 343:             7            224  org.postgresql.core.Parser$SqlParseState
 344:             7            224  org.postgresql.core.SqlCommand
 345:             9            216  com.sun.jmx.interceptor.DefaultMBeanServerInterceptor$ListenerWrapper (java.management@15)
 346:             9            216  java.util.ArrayDeque (java.base@15)
 347:             9            216  java.util.LinkedList$Node (java.base@15)
 348:             9            216  org.postgresql.shaded.com.ongres.scram.common.ScramAttributes
 349:             9            216  sun.rmi.runtime.Log$LoggerLog (java.rmi@15)
 350:             9            216  sun.util.logging.PlatformLogger$Level (java.base@15)
 351:             2            208  java.lang.invoke.InnerClassLambdaMetafactory (java.base@15)
 352:             1            208  org.postgresql.core.v3.QueryExecutorImpl
 353:             5            200  java.util.EnumMap (java.base@15)
 354:             5            200  java.util.stream.StreamOpFlag (java.base@15)
 355:             5            200  jdk.internal.ref.Cleaner (java.base@15)
 356:             6            192  com.sun.jmx.mbeanserver.DefaultMXBeanMappingFactory$CollectionMapping (java.management@15)
 357:             6            192  java.io.BufferedOutputStream (java.base@15)
 358:             4            192  java.lang.ThreadGroup (java.base@15)
 359:             6            192  java.lang.invoke.LambdaForm$BasicType (java.base@15)
 360:             8            192  java.math.RoundingMode (java.base@15)
 361:             8            192  java.net.NetPermission (java.base@15)
 362:             3            192  java.nio.DirectByteBufferR (java.base@15)
 363:             8            192  java.util.Collections$SetFromMap (java.base@15)
 364:            12            192  java.util.Collections$SingletonSet (java.base@15)
 365:             6            192  java.util.Collections$SynchronizedMap (java.base@15)
 366:             6            192  java.util.RegularEnumSet (java.base@15)
 367:             4            192  java.util.concurrent.ThreadPoolExecutor$Worker (java.base@15)
 368:             2            192  java.util.jar.JarFile$JarFileEntry (java.base@15)
 369:             6            192  javax.management.remote.NotificationResult (java.management@15)
 370:             8            192  jdk.internal.org.objectweb.asm.ByteVector (java.base@15)
 371:             4            192  org.postgresql.shaded.com.ongres.scram.common.ScramMechanisms
 372:             6            192  sun.management.NotificationEmitterSupport$ListenerInfo (java.management@15)
 373:             4            192  sun.nio.cs.SingleByte$Decoder (java.base@15)
 374:             4            192  sun.nio.cs.StreamEncoder (java.base@15)
 375:            11            176  java.lang.ThreadLocal (java.base@15)
 376:             1            168  [[Ljava.math.BigInteger; (java.base@15)
 377:             7            168  java.lang.System$Logger$Level (java.base@15)
 378:             3            168  java.nio.HeapCharBuffer (java.base@15)
 379:             3            168  javax.management.openmbean.OpenMBeanOperationInfoSupport (java.management@15)
 380:             7            168  org.postgresql.core.SqlCommandType
 381:             7            168  sun.management.counter.Units (java.management@15)
 382:             3            168  sun.rmi.transport.Target (java.rmi@15)
 383:             3            168  sun.rmi.transport.tcp.TCPConnection (java.rmi@15)
 384:             3            160  [Ljava.util.logging.Level; (java.logging@15)
 385:             2            160  [[Ljava.lang.Object; (java.base@15)
 386:             4            160  java.io.BufferedInputStream (java.base@15)
 387:             5            160  java.lang.StringCoding$StringEncoder (java.base@15)
 388:             5            160  java.lang.invoke.SimpleMethodHandle (java.base@15)
 389:             5            160  java.lang.invoke.VarHandle$AccessType (java.base@15)
 390:             5            160  java.nio.DirectByteBuffer$Deallocator (java.base@15)
 391:             5            160  java.util.ImmutableCollections$MapN (java.base@15)
 392:             5            160  java.util.LinkedList (java.base@15)
 393:             5            160  java.util.Vector (java.base@15)
 394:             2            160  java.util.zip.ZipFile$Source (java.base@15)
 395:             5            160  javax.management.StandardEmitterMBean (java.management@15)
 396:             5            160  sun.util.locale.provider.LocaleProviderAdapter$Type (java.base@15)
 397:             5            160  sun.util.locale.provider.LocaleResources (java.base@15)
 398:             1            144  [Ljava.lang.invoke.VarHandle$AccessMode; (java.base@15)
 399:             6            144  [Ljava.security.ProtectionDomain; (java.base@15)
 400:             6            144  java.lang.NamedPackage (java.base@15)
 401:             6            144  java.lang.Thread$State (java.base@15)
 402:             6            144  java.lang.ThreadLocal$ThreadLocalMap (java.base@15)
 403:             6            144  java.lang.invoke.VarForm (java.base@15)
 404:             9            144  java.rmi.server.Operation (java.rmi@15)
 405:             6            144  java.util.BitSet (java.base@15)
 406:             1            144  java.util.Scanner (java.base@15)
 407:             2            144  java.util.concurrent.ScheduledThreadPoolExecutor$ScheduledFutureTask (java.base@15)
 408:             3            144  javax.management.openmbean.TabularType (java.management@15)
 409:             6            144  jdk.internal.perf.PerfCounter (java.base@15)
 410:             6            144  org.postgresql.jdbc.SslMode
 411:             6            144  sun.reflect.annotation.AnnotationInvocationHandler (java.base@15)
 412:             3            144  sun.rmi.transport.tcp.TCPChannel (java.rmi@15)
 413:             6            144  sun.security.util.LazyCodeSourcePermissionCollection (java.base@15)
 414:             1            136  [Ljava.time.temporal.ChronoField; (java.base@15)
 415:             4            128  [Ljava.lang.invoke.LambdaFormEditor$Transform; (java.base@15)
 416:             4            128  com.sun.jmx.mbeanserver.DefaultMXBeanMappingFactory$ArrayMapping (java.management@15)
 417:             4            128  java.lang.StringCoding$StringDecoder (java.base@15)
 418:             4            128  java.lang.invoke.VarHandleInts$FieldInstanceReadWrite (java.base@15)
 419:             2            128  java.net.SocksSocketImpl (java.base@15)
 420:             2            128  java.security.SecureRandom (java.base@15)
 421:             4            128  java.util.stream.FindOps$FindOp (java.base@15)
 422:             2            128  java.util.zip.Inflater (java.base@15)
 423:             2            128  jdk.internal.org.objectweb.asm.SymbolTable (java.base@15)
 424:             2            128  org.postgresql.util.LruCache$LimitedMap
 425:             2            128  sun.nio.fs.WindowsFileAttributes (java.base@15)
 426:             4            128  sun.reflect.generics.reflectiveObjects.TypeVariableImpl (java.base@15)
 427:             4            128  sun.reflect.generics.repository.ClassRepository (java.base@15)
 428:             2            128  sun.security.provider.SHA2$SHA256 (java.base@15)
 429:             3            120  [Ljava.lang.invoke.LambdaForm$BasicType; (java.base@15)
 430:             5            120  [Ljava.lang.reflect.TypeVariable; (java.base@15)
 431:             5            120  java.lang.StringCoding$Result (java.base@15)
 432:             5            120  java.lang.invoke.ConstantCallSite (java.base@15)
 433:             3            120  java.lang.invoke.MethodHandleImpl$IntrinsicMethodHandle (java.base@15)
 434:             5            120  java.lang.module.ModuleDescriptor$Opens (java.base@15)
 435:             3            120  java.lang.reflect.ProxyGenerator$ProxyMethod (java.base@15)
 436:             5            120  java.net.Socket$SocketInputStream (java.base@15)
 437:             5            120  java.time.LocalDateTime (java.base@15)
 438:             5            120  java.util.stream.StreamOpFlag$Type (java.base@15)
 439:             5            120  jdk.internal.math.FloatingDecimal$PreparedASCIIToBinaryBuffer (java.base@15)
 440:             5            120  jdk.net.ExtendedSocketOptions$ExtSocketOption (jdk.net@15)
 441:             1            120  org.postgresql.jdbc.PgConnection
 442:             5            120  sun.nio.ch.Util$BufferCache (java.base@15)
 443:             5            120  sun.nio.fs.WindowsPathType (java.base@15)
 444:             3            120  sun.rmi.transport.WeakRef (java.rmi@15)
 445:             3            120  sun.rmi.transport.tcp.TCPTransport$ConnectionHandler (java.rmi@15)
 446:             4            112  [Ljava.rmi.server.Operation; (java.rmi@15)
 447:             1            112  [Ljava.time.LocalTime; (java.base@15)
 448:             2            112  java.io.FileCleanable (java.base@15)
 449:             2            112  java.net.SocketPermission (java.base@15)
 450:             2            112  java.nio.DirectIntBufferRU (java.base@15)
 451:             7            112  java.security.SecureClassLoader$CodeSourceKey (java.base@15)
 452:             1            112  java.util.GregorianCalendar (java.base@15)
 453:             2            112  java.util.concurrent.ConcurrentHashMap$ValueIterator (java.base@15)
 454:             2            112  java.util.jar.JarFile (java.base@15)
 455:             1            112  jdk.internal.loader.ClassLoaders$AppClassLoader (java.base@15)
 456:             2            104  [Lsun.util.logging.PlatformLogger$Level; (java.base@15)
 457:             1            104  com.sun.crypto.provider.SunJCE (java.base@15)
 458:             1            104  jdk.internal.loader.ClassLoaders$BootClassLoader (java.base@15)
 459:             1            104  jdk.internal.loader.ClassLoaders$PlatformClassLoader (java.base@15)
 460:             1            104  sun.security.ec.SunEC (jdk.crypto.ec@15)
 461:             1            104  sun.security.jca.ProviderList$1 (java.base@15)
 462:             1            104  sun.security.provider.Sun (java.base@15)
 463:             1            104  sun.security.rsa.SunRsaSign (java.base@15)
 464:             1            104  sun.security.ssl.SunJSSE (java.base@15)
 465:             2             96  [Ljava.lang.System$Logger$Level; (java.base@15)
 466:             2             96  [Ljava.lang.management.MemoryUsage; (java.management@15)
 467:             6             96  [Ljavax.management.remote.TargetedNotification; (java.management@15)
 468:             2             96  [Lorg.postgresql.core.Parser$SqlParseState;
 469:             4             96  [Lsun.reflect.generics.tree.ClassTypeSignature; (java.base@15)
 470:             1             96  [Lsun.util.locale.BaseLocale; (java.base@15)
 471:             3             96  com.sun.jmx.mbeanserver.DefaultMXBeanMappingFactory$EnumMapping (java.management@15)
 472:             2             96  com.sun.management.internal.GarbageCollectorExtImpl (jdk.management@15)
 473:             6             96  com.sun.proxy.$Proxy1
 474:             3             96  java.io.File (java.base@15)
 475:             4             96  java.io.OutputStreamWriter (java.base@15)
 476:             3             96  java.lang.Runtime$Version (java.base@15)
 477:             4             96  java.lang.module.ModuleDescriptor$Modifier (java.base@15)
 478:             4             96  java.lang.module.ModuleDescriptor$Requires$Modifier (java.base@15)
 479:             4             96  java.net.Socket$SocketOutputStream (java.base@15)
 480:             4             96  java.security.BasicPermissionCollection (java.base@15)
 481:             4             96  java.sql.SQLPermission (java.sql@15)
 482:             4             96  java.time.LocalDate (java.base@15)
 483:             4             96  java.time.OffsetDateTime (java.base@15)
 484:             3             96  java.util.concurrent.locks.AbstractQueuedSynchronizer$ConditionNode (java.base@15)
 485:             4             96  java.util.regex.Pattern$CharPropertyGreedy (java.base@15)
 486:             4             96  java.util.regex.Pattern$Qtype (java.base@15)
 487:             4             96  java.util.regex.Pattern$Start (java.base@15)
 488:             4             96  java.util.stream.StreamShape (java.base@15)
 489:             3             96  javax.management.MBeanConstructorInfo (java.management@15)
 490:             1             96  jdk.internal.jimage.ImageReader$SharedImageReader (java.base@15)
 491:             4             96  jdk.internal.loader.AbstractClassLoaderValue$Sub (java.base@15)
 492:             6             96  jdk.internal.loader.ClassLoaderValue (java.base@15)
 493:             2             96  jdk.internal.loader.URLClassPath$JarLoader (java.base@15)
 494:             4             96  jdk.internal.logger.BootstrapLogger$LoggingBackend (java.base@15)
 495:             2             96  jdk.internal.org.objectweb.asm.ClassReader (java.base@15)
 496:             4             96  org.postgresql.core.JavaVersion
 497:             4             96  org.postgresql.hostchooser.HostStatus
 498:             4             96  org.postgresql.jdbc.PreferQueryMode
 499:             4             96  org.postgresql.shaded.com.ongres.scram.common.gssapi.Gs2Attributes
 500:             2             96  org.postgresql.util.LruCache
 501:             3             96  sun.net.spi.DefaultProxySelector$NonProxyInfo (java.base@15)
 502:             6             96  sun.nio.ch.NioSocketImpl$$Lambda$21/0x0000000800b61e78 (java.base@15)
 503:             2             96  sun.nio.cs.StreamDecoder (java.base@15)
 504:             4             96  sun.reflect.generics.tree.ClassSignature (java.base@15)
 505:             4             96  sun.reflect.generics.tree.FormalTypeParameter (java.base@15)
 506:             3             96  sun.rmi.transport.LiveRef (java.rmi@15)
 507:             2             96  sun.security.provider.MoreDrbgParameters (java.base@15)
 508:             1             96  sun.util.calendar.Gregorian$Date (java.base@15)
 509:             2             88  [Lsun.security.jca.ProviderConfig; (java.base@15)
 510:             1             88  com.sun.jmx.remote.util.ClassLoaderWithRepository (java.management@15)
 511:             1             88  javax.management.remote.rmi.RMIConnectionImpl$CombinedClassLoader (java.management.rmi@15)
 512:             1             88  sun.reflect.misc.MethodUtil (java.base@15)
 513:             2             80  [F (java.base@15)
 514:             1             80  [Ljava.time.temporal.ChronoUnit; (java.base@15)
 515:             1             80  [Ljava.util.concurrent.RunnableScheduledFuture; (java.base@15)
 516:             2             80  [Ljava.util.stream.StreamOpFlag$Type; (java.base@15)
 517:             2             80  [Lorg.postgresql.hostchooser.HostRequirement;
 518:             2             80  [Lorg.postgresql.jdbc.SslMode;
 519:             2             80  com.sun.jmx.mbeanserver.DefaultMXBeanMappingFactory$TabularMapping (java.management@15)
 520:             2             80  java.io.BufferedWriter (java.base@15)
 521:             2             80  java.io.PrintStream (java.base@15)
 522:             5             80  java.lang.Byte (java.base@15)
 523:             2             80  java.lang.ModuleLayer (java.base@15)
 524:             2             80  java.lang.VirtualMachineError (java.base@15)
 525:             2             80  java.lang.WeakPairMap$Pair$Weak (java.base@15)
 526:             2             80  java.lang.invoke.BoundMethodHandle$Species_LLL (java.base@15)
 527:             2             80  java.lang.module.Configuration (java.base@15)
 528:             2             80  java.util.HashMap$EntryIterator (java.base@15)
 529:             5             80  java.util.IdentityHashMap$KeySet (java.base@15)
 530:             2             80  java.util.Locale$Category (java.base@15)
 531:             1             80  javax.management.remote.rmi.RMIConnectionImpl$CombinedClassLoader$ClassLoaderWrapper (java.management.rmi@15)
 532:             2             80  jdk.internal.math.FloatingDecimal$BinaryToASCIIBuffer (java.base@15)
 533:             1             80  org.postgresql.core.PGStream
 534:             1             80  org.postgresql.jdbc.TypeInfoCache
 535:             2             80  sun.management.MemoryManagerImpl (java.management@15)
 536:             5             80  sun.nio.ch.NioSocketImpl$1 (java.base@15)
 537:             2             80  sun.nio.cs.UTF_8$Decoder (java.base@15)
 538:             2             80  sun.rmi.server.UnicastServerRef2 (java.rmi@15)
 539:             1             80  sun.util.cldr.CLDRLocaleProviderAdapter (java.base@15)
 540:             1             80  sun.util.locale.provider.JRELocaleProviderAdapter (java.base@15)
 541:             3             72  [Ljava.lang.invoke.MethodHandles$Lookup$ClassOption; (java.base@15)
 542:             1             72  [Ljavax.management.openmbean.SimpleType; (java.management@15)
 543:             1             72  [Lorg.postgresql.core.ServerVersion;
 544:             3             72  java.io.ObjectInputFilter$Status (java.base@15)
 545:             3             72  java.lang.StackWalker$Option (java.base@15)
 546:             3             72  java.lang.WeakPairMap (java.base@15)
 547:             3             72  java.lang.annotation.RetentionPolicy (java.base@15)
 548:             3             72  java.net.Proxy$Type (java.base@15)
 549:             3             72  java.nio.file.AccessMode (java.base@15)
 550:             3             72  java.rmi.dgc.VMID (java.rmi@15)
 551:             3             72  java.security.DrbgParameters$Capability (java.base@15)
 552:             3             72  java.security.SecurityPermission (java.base@15)
 553:             3             72  java.time.ZoneOffset (java.base@15)
 554:             1             72  java.util.concurrent.ScheduledThreadPoolExecutor (java.base@15)
 555:             1             72  java.util.concurrent.ThreadPoolExecutor (java.base@15)
 556:             3             72  java.util.concurrent.locks.AbstractQueuedSynchronizer$ConditionObject (java.base@15)
 557:             1             72  java.util.regex.Matcher (java.base@15)
 558:             3             72  java.util.stream.Collector$Characteristics (java.base@15)
 559:             3             72  javax.management.NotificationBroadcasterSupport$ListenerInfo (java.management@15)
 560:             3             72  jdk.internal.math.FloatingDecimal$ExceptionalBinaryToASCIIBuffer (java.base@15)
 561:             3             72  jdk.internal.module.IllegalAccessLogger$Mode (java.base@15)
 562:             3             72  jdk.jfr.internal.SecuritySupport$SafePath (jdk.jfr@15)
 563:             3             72  org.postgresql.core.TransactionState
 564:             3             72  org.postgresql.jdbc.AutoSave
 565:             3             72  org.postgresql.jdbc.EscapeSyntaxCallMode
 566:             3             72  org.postgresql.jdbc.PgConnection$ReadOnlyBehavior
 567:             3             72  org.postgresql.shaded.com.ongres.scram.client.ScramClient$ChannelBinding
 568:             3             72  org.postgresql.shaded.com.ongres.scram.common.gssapi.Gs2CbindFlag
 569:             3             72  sun.management.ManagementFactoryHelper$1 (java.management@15)
 570:             3             72  sun.reflect.generics.parser.SignatureParser (java.base@15)
 571:             3             72  sun.reflect.generics.scope.ClassScope (java.base@15)
 572:             3             72  sun.reflect.generics.visitor.Reifier (java.base@15)
 573:             2             64  [Ljava.lang.StackWalker$Option; (java.base@15)
 574:             2             64  [Ljava.lang.annotation.RetentionPolicy; (java.base@15)
 575:             1             64  [Ljava.lang.invoke.MethodHandleImpl$Intrinsic; (java.base@15)
 576:             2             64  [Ljava.nio.charset.CoderResult; (java.base@15)
 577:             2             64  [Ljava.util.stream.Collector$Characteristics; (java.base@15)
 578:             1             64  [Ljdk.jfr.internal.LogTag; (jdk.jfr@15)
 579:             2             64  [Lorg.postgresql.jdbc.AutoSave;
 580:             2             64  [Lorg.postgresql.jdbc.PgConnection$ReadOnlyBehavior;
 581:             1             64  com.sun.jmx.remote.internal.ArrayNotificationBuffer (java.management@15)
 582:             2             64  com.sun.management.internal.GcInfoCompositeData (jdk.management@15)
 583:             2             64  java.io.FileOutputStream (java.base@15)
 584:             2             64  java.io.RandomAccessFile (java.base@15)
 585:             2             64  java.lang.ClassValue$Entry (java.base@15)
 586:             2             64  java.lang.StackWalker (java.base@15)
 587:             2             64  java.lang.WeakPairMap$Pair$Weak$1 (java.base@15)
 588:             2             64  java.lang.invoke.MethodHandles$Lookup$ClassDefiner (java.base@15)
 589:             2             64  java.lang.ref.ReferenceQueue$Null (java.base@15)
 590:             2             64  java.security.MessageDigest$Delegate$CloneableDelegate (java.base@15)
 591:             4             64  java.util.LinkedHashMap$LinkedValues (java.base@15)
 592:             2             64  java.util.PropertyPermission (java.base@15)
 593:             4             64  java.util.concurrent.ConcurrentHashMap$EntrySetView (java.base@15)
 594:             4             64  java.util.concurrent.ConcurrentHashMap$ValuesView (java.base@15)
 595:             1             64  java.util.logging.LogManager$RootLogger (java.logging@15)
 596:             2             64  java.util.regex.Pattern$Branch (java.base@15)
 597:             1             64  java.util.stream.ReferencePipeline$3 (java.base@15)
 598:             2             64  java.util.zip.ZipFile$CleanableResource (java.base@15)
 599:             1             64  javax.management.remote.rmi.RMIConnectionImpl (java.management.rmi@15)
 600:             1             64  javax.management.remote.rmi.RMIConnectorServer (java.management.rmi@15)
 601:             1             64  javax.management.remote.rmi.RMIJRMPServerImpl (java.management.rmi@15)
 602:             2             64  jdk.internal.reflect.UnsafeQualifiedObjectFieldAccessorImpl (java.base@15)
 603:             2             64  org.postgresql.core.CachedQuery
 604:             4             64  sun.nio.ch.NioSocketImpl$2 (java.base@15)
 605:             2             64  sun.nio.fs.NativeBuffer (java.base@15)
 606:             2             64  sun.reflect.annotation.AnnotationType (java.base@15)
 607:             2             64  sun.rmi.transport.tcp.TCPTransport (java.rmi@15)
 608:             1             56  [Ljava.lang.Runnable; (java.base@15)
 609:             1             56  [Ljava.nio.file.StandardOpenOption; (java.base@15)
 610:             1             56  [Lorg.postgresql.shaded.com.ongres.scram.common.ScramAttributes;
 611:             1             56  [[I (java.base@15)
 612:             1             56  com.sun.jmx.remote.internal.ServerNotifForwarder (java.management@15)
 613:             1             56  com.sun.management.GcInfo (jdk.management@15)
 614:             1             56  java.io.ObjectInputFilter$Config$Global (java.base@15)
 615:             1             56  java.lang.invoke.BoundMethodHandle$Specializer (java.base@15)
 616:             1             56  java.lang.invoke.BoundMethodHandle$Species_LLLLLL (java.base@15)
 617:             1             56  java.util.ServiceLoader (java.base@15)
 618:             1             56  java.util.logging.LogManager (java.logging@15)
 619:             1             56  java.util.stream.ReferencePipeline$Head (java.base@15)
 620:             1             56  jdk.internal.ref.CleanerImpl$SoftCleanableRef (java.base@15)
 621:             3             48  [Ljava.lang.StackTraceElement; (java.base@15)
 622:             3             48  [Ljava.lang.annotation.Annotation; (java.base@15)
 623:             1             48  [Ljava.lang.management.MemoryPoolMXBean; (java.management@15)
 624:             1             48  [Ljava.math.RoundingMode; (java.base@15)
 625:             1             48  [Ljava.util.concurrent.TimeUnit; (java.base@15)
 626:             2             48  [Ljava.util.regex.Pattern$Node; (java.base@15)
 627:             1             48  [Lorg.postgresql.core.SqlCommandType;
 628:             1             48  [Lsun.management.counter.Units; (java.management@15)
 629:             2             48  com.sun.jmx.mbeanserver.ClassLoaderRepositorySupport$LoaderEntry (java.management@15)
 630:             1             48  com.sun.jmx.mbeanserver.DefaultMXBeanMappingFactory$Mappings (java.management@15)
 631:             1             48  com.sun.jmx.mbeanserver.MBeanIntrospector$MBeanInfoMap (java.management@15)
 632:             1             48  com.sun.jmx.mbeanserver.MBeanIntrospector$PerInterfaceMap (java.management@15)
 633:             2             48  com.sun.jmx.mbeanserver.WeakIdentityHashMap (java.management@15)
 634:             2             48  com.sun.jmx.remote.internal.ServerNotifForwarder$IdAndFilter (java.management@15)
 635:             2             48  com.sun.management.internal.GarbageCollectionNotifInfoCompositeData (jdk.management@15)
 636:             1             48  com.sun.management.internal.GcInfoBuilder (jdk.management@15)
 637:             1             48  java.io.BufferedReader (java.base@15)
 638:             2             48  java.io.File$PathStatus (java.base@15)
 639:             2             48  java.io.InputStreamReader (java.base@15)
 640:             1             48  java.lang.NullPointerException (java.base@15)
 641:             2             48  java.lang.PublicMethods$MethodList (java.base@15)
 642:             1             48  java.lang.invoke.BoundMethodHandle$Specializer$Factory (java.base@15)
 643:             2             48  java.lang.invoke.InfoFromMemberName (java.base@15)
 644:             2             48  java.lang.invoke.InnerClassLambdaMetafactory$1 (java.base@15)
 645:             2             48  java.lang.invoke.InnerClassLambdaMetafactory$ForwardingMethodGenerator (java.base@15)
 646:             2             48  java.lang.invoke.MethodHandles$Lookup$ClassFile (java.base@15)
 647:             2             48  java.lang.invoke.MethodHandles$Lookup$ClassOption (java.base@15)
 648:             2             48  java.lang.management.MemoryType (java.management@15)
 649:             2             48  java.lang.reflect.ReflectPermission (java.base@15)
 650:             2             48  java.net.StandardProtocolFamily (java.base@15)
 651:             3             48  java.nio.charset.CodingErrorAction (java.base@15)
 652:             2             48  java.rmi.dgc.Lease (java.rmi@15)
 653:             2             48  java.time.chrono.IsoEra (java.base@15)
 654:             2             48  java.util.Collections$UnmodifiableMap$UnmodifiableEntrySet$1 (java.base@15)
 655:             2             48  java.util.ImmutableCollections$Set12$1 (java.base@15)
 656:             3             48  java.util.LinkedHashMap$LinkedKeySet (java.base@15)
 657:             3             48  java.util.Optional (java.base@15)
 658:             3             48  java.util.ResourceBundle$NoFallbackControl (java.base@15)
 659:             3             48  java.util.WeakHashMap$KeySet (java.base@15)
 660:             2             48  java.util.concurrent.ConcurrentHashMap$KeySetView (java.base@15)
 661:             1             48  java.util.concurrent.ConcurrentSkipListMap (java.base@15)
 662:             1             48  java.util.concurrent.locks.ReentrantReadWriteLock$FairSync (java.base@15)
 663:             2             48  java.util.jar.Manifest (java.base@15)
 664:             2             48  java.util.logging.Logger$LoggerBundle (java.logging@15)
 665:             2             48  java.util.logging.LoggingPermission (java.logging@15)
 666:             2             48  java.util.regex.Pattern$BmpCharPredicate$$Lambda$76/0x0000000800ba8740 (java.base@15)
 667:             2             48  java.util.zip.Inflater$InflaterZStreamRef (java.base@15)
 668:             2             48  java.util.zip.ZipFile$Source$Key (java.base@15)
 669:             1             48  javax.management.Notification (java.management@15)
 670:             2             48  javax.management.NotificationBroadcasterSupport (java.management@15)
 671:             2             48  javax.management.openmbean.TabularDataSupport (java.management@15)
 672:             1             48  javax.management.remote.rmi.RMIConnectionImpl$RMIServerCommunicatorAdmin (java.management.rmi@15)
 673:             1             48  jdk.internal.jimage.ImageHeader (java.base@15)
 674:             2             48  jdk.internal.misc.Signal (java.base@15)
 675:             2             48  jdk.internal.misc.Signal$NativeHandler (java.base@15)
 676:             3             48  jdk.internal.module.ServicesCatalog (java.base@15)
 677:             1             48  jdk.internal.ref.CleanerImpl$WeakCleanableRef (java.base@15)
 678:             1             48  jdk.management.jfr.FlightRecorderMXBeanImpl (jdk.management.jfr@15)
 679:             1             48  org.postgresql.jdbc.TimestampUtils
 680:             2             48  sun.nio.fs.NativeBuffer$Deallocator (java.base@15)
 681:             2             48  sun.reflect.generics.tree.Wildcard (java.base@15)
 682:             1             48  sun.rmi.runtime.Log$InternalStreamHandler (java.rmi@15)
 683:             3             48  sun.rmi.transport.tcp.TCPTransport$ConnectionHandler$$Lambda$120/0x0000000800c2de98 (java.rmi@15)
 684:             2             48  sun.security.jca.ProviderList (java.base@15)
 685:             2             48  sun.security.jca.ProviderList$3 (java.base@15)
 686:             2             48  sun.security.provider.DRBG (java.base@15)
 687:             2             48  sun.util.locale.provider.LocaleServiceProviderPool (java.base@15)
 688:             1             48  sun.util.resources.TimeZoneNames (java.base@15)
 689:             1             48  sun.util.resources.TimeZoneNames_en (java.base@15)
 690:             1             48  sun.util.resources.cldr.TimeZoneNames (java.base@15)
 691:             1             48  sun.util.resources.cldr.TimeZoneNames_en (java.base@15)
 692:             2             40  [Lcom.sun.jmx.mbeanserver.ClassLoaderRepositorySupport$LoaderEntry; (java.management@15)
 693:             1             40  [Ljava.lang.Thread$State; (java.base@15)
 694:             1             40  [Ljava.lang.invoke.VarHandle$AccessType; (java.base@15)
 695:             2             40  [Ljava.net.URL; (java.base@15)
 696:             1             40  [Ljava.util.stream.StreamOpFlag; (java.base@15)
 697:             1             40  [Lsun.nio.fs.WindowsPathType; (java.base@15)
 698:             1             40  [Lsun.util.locale.provider.LocaleProviderAdapter$Type; (java.base@15)
 699:             1             40  [[Ljava.lang.invoke.LambdaForm$Name; (java.base@15)
 700:             1             40  com.sun.jmx.interceptor.DefaultMBeanServerInterceptor (java.management@15)
 701:             1             40  com.sun.jmx.mbeanserver.JmxMBeanServer (java.management@15)
 702:             1             40  com.sun.jmx.mbeanserver.MBeanServerDelegateImpl (java.management@15)
 703:             1             40  com.sun.management.internal.DiagnosticCommandImpl (jdk.management@15)
 704:             1             40  java.io.FilePermission (java.base@15)
 705:             1             40  java.lang.ArithmeticException (java.base@15)
 706:             1             40  java.lang.Exception (java.base@15)
 707:             1             40  java.lang.NoSuchFieldException (java.base@15)
 708:             1             40  java.lang.ref.Finalizer (java.base@15)
 709:             1             40  java.util.ResourceBundle$2 (java.base@15)
 710:             1             40  java.util.ServiceLoader$LazyClassPathLookupIterator (java.base@15)
 711:             1             40  javax.crypto.CryptoAllPermission (java.base@15)
 712:             1             40  jdk.internal.loader.URLClassPath (java.base@15)
 713:             1             40  jdk.internal.ref.CleanerImpl$CleanerCleanable (java.base@15)
 714:             1             40  org.postgresql.core.v3.SimpleParameterList
 715:             1             40  sun.management.MappedMXBeanType$CompositeDataMXBeanType (java.management@15)
 716:             1             40  sun.management.MappedMXBeanType$MapMXBeanType (java.management@15)
 717:             1             40  sun.nio.cs.StandardCharsets$Aliases (java.base@15)
 718:             1             40  sun.nio.cs.StandardCharsets$Cache (java.base@15)
 719:             1             40  sun.nio.cs.StandardCharsets$Classes (java.base@15)
 720:             1             40  sun.nio.cs.US_ASCII$Decoder (java.base@15)
 721:             1             40  sun.rmi.server.UnicastServerRef (java.rmi@15)
 722:             1             40  sun.text.resources.cldr.FormatData (java.base@15)
 723:             1             40  sun.text.resources.cldr.ext.FormatData_ru (jdk.localedata@15)
 724:             1             40  sun.util.locale.InternalLocaleBuilder (java.base@15)
 725:             1             40  sun.util.resources.Bundles$1 (java.base@15)
 726:             1             40  sun.util.resources.cldr.CalendarData (java.base@15)
 727:             1             32  [Ljava.io.ObjectInputFilter$Status; (java.base@15)
 728:             1             32  [Ljava.lang.OutOfMemoryError; (java.base@15)
 729:             1             32  [Ljava.lang.ThreadGroup; (java.base@15)
 730:             1             32  [Ljava.lang.management.MemoryManagerMXBean; (java.management@15)
 731:             1             32  [Ljava.lang.module.ModuleDescriptor$Modifier; (java.base@15)
 732:             1             32  [Ljava.lang.module.ModuleDescriptor$Requires$Modifier; (java.base@15)
 733:             1             32  [Ljava.net.Proxy$Type; (java.base@15)
 734:             1             32  [Ljava.nio.file.AccessMode; (java.base@15)
 735:             1             32  [Ljava.security.DrbgParameters$Capability; (java.base@15)
 736:             1             32  [Ljava.util.regex.Pattern$Qtype; (java.base@15)
 737:             1             32  [Ljava.util.stream.StreamShape; (java.base@15)
 738:             1             32  [Ljdk.internal.logger.BootstrapLogger$LoggingBackend; (java.base@15)
 739:             1             32  [Ljdk.internal.module.IllegalAccessLogger$Mode; (java.base@15)
 740:             1             32  [Lorg.postgresql.core.JavaVersion;
 741:             1             32  [Lorg.postgresql.core.TransactionState;
 742:             1             32  [Lorg.postgresql.hostchooser.HostStatus;
 743:             1             32  [Lorg.postgresql.jdbc.EscapeSyntaxCallMode;
 744:             1             32  [Lorg.postgresql.jdbc.PreferQueryMode;
 745:             1             32  [Lorg.postgresql.shaded.com.ongres.scram.client.ScramClient$ChannelBinding;
 746:             1             32  [Lorg.postgresql.shaded.com.ongres.scram.common.ScramMechanisms;
 747:             1             32  [Lorg.postgresql.shaded.com.ongres.scram.common.gssapi.Gs2Attributes;
 748:             1             32  [Lorg.postgresql.shaded.com.ongres.scram.common.gssapi.Gs2CbindFlag;
 749:             1             32  [Lsun.nio.fs.NativeBuffer; (java.base@15)
 750:             2             32  com.sun.jmx.mbeanserver.GetPropertyAction (java.management@15)
 751:             1             32  com.sun.jmx.mbeanserver.Repository (java.management@15)
 752:             1             32  com.sun.jmx.remote.internal.ArrayQueue (java.management@15)
 753:             1             32  com.sun.management.GarbageCollectionNotificationInfo (jdk.management@15)
 754:             1             32  java.io.FileInputStream (java.base@15)
 755:             1             32  java.io.WinNTFileSystem (java.base@15)
 756:             2             32  java.lang.Boolean (java.base@15)
 757:             2             32  java.lang.InheritableThreadLocal (java.base@15)
 758:             2             32  java.lang.Shutdown$Lock (java.base@15)
 759:             1             32  java.lang.invoke.VarHandleLongs$FieldInstanceReadWrite (java.base@15)
 760:             1             32  java.lang.module.ModuleDescriptor$Version (java.base@15)
 761:             2             32  java.nio.ByteOrder (java.base@15)
 762:             2             32  java.security.AllPermissionCollection (java.base@15)
 763:             2             32  java.util.Collections$UnmodifiableMap$UnmodifiableEntrySet (java.base@15)
 764:             2             32  java.util.ResourceBundle$SingleFormatControl (java.base@15)
 765:             1             32  java.util.ServiceLoader$ModuleServicesLookupIterator (java.base@15)
 766:             1             32  java.util.Spliterators$ArraySpliterator (java.base@15)
 767:             2             32  java.util.TreeSet (java.base@15)
 768:             1             32  java.util.concurrent.ScheduledThreadPoolExecutor$DelayedWorkQueue (java.base@15)
 769:             1             32  java.util.concurrent.SynchronousQueue (java.base@15)
 770:             1             32  java.util.concurrent.SynchronousQueue$TransferStack$SNode (java.base@15)
 771:             1             32  java.util.concurrent.ThreadLocalRandom (java.base@15)
 772:             1             32  java.util.concurrent.atomic.LongAdder (java.base@15)
 773:             2             32  java.util.jar.Attributes (java.base@15)
 774:             1             32  java.util.logging.LogManager$SystemLoggerContext (java.logging@15)
 775:             2             32  java.util.regex.Pattern$$Lambda$72/0x0000000800b9c7d8 (java.base@15)
 776:             2             32  java.util.regex.Pattern$BranchConn (java.base@15)
 777:             1             32  java.util.zip.ZipCoder$UTF8ZipCoder (java.base@15)
 778:             2             32  javax.management.NotificationFilterSupport (java.management@15)
 779:             1             32  javax.management.remote.JMXServiceURL (java.management@15)
 780:             1             32  jdk.internal.module.IllegalAccessLogger (java.base@15)
 781:             2             32  jdk.internal.module.ModuleResolution (java.base@15)
 782:             1             32  jdk.internal.ref.CleanerImpl (java.base@15)
 783:             1             32  jdk.management.jfr.FlightRecorderMXBeanImpl$MXBeanListener (jdk.management.jfr@15)
 784:             1             32  jdk.net.ExtendedSocketOptions$1 (jdk.net@15)
 785:             1             32  org.postgresql.core.ByteOptimizedUTF8Encoder
 786:             1             32  org.postgresql.core.CommandCompleteParser
 787:             1             32  org.postgresql.core.PGStream$1
 788:             1             32  org.postgresql.core.VisibleBufferedInputStream
 789:             1             32  org.postgresql.core.v3.Portal
 790:             1             32  org.postgresql.hostchooser.GlobalHostStatusTracker$HostSpecStatus
 791:             2             32  ru.job4j.tracker.ConsoleOutput
 792:             1             32  sun.instrument.InstrumentationImpl (java.instrument@15)
 793:             1             32  sun.management.MappedMXBeanType$InProgress (java.management@15)
 794:             1             32  sun.management.jmxremote.LocalRMIServerSocketFactory$1 (jdk.management.agent@15)
 795:             2             32  sun.rmi.server.UnicastRef2 (java.rmi@15)
 796:             2             32  sun.rmi.server.WeakClassHashMap$ValueCell (java.rmi@15)
 797:             1             32  sun.rmi.transport.DGCImpl$LeaseInfo (java.rmi@15)
 798:             1             32  sun.rmi.transport.tcp.TCPTransport$AcceptLoop (java.rmi@15)
 799:             1             32  sun.security.util.KnownOIDs$1 (java.base@15)
 800:             1             32  sun.security.util.KnownOIDs$10 (java.base@15)
 801:             1             32  sun.security.util.KnownOIDs$2 (java.base@15)
 802:             1             32  sun.security.util.KnownOIDs$3 (java.base@15)
 803:             1             32  sun.security.util.KnownOIDs$4 (java.base@15)
 804:             1             32  sun.security.util.KnownOIDs$5 (java.base@15)
 805:             1             32  sun.security.util.KnownOIDs$6 (java.base@15)
 806:             1             32  sun.security.util.KnownOIDs$7 (java.base@15)
 807:             1             32  sun.security.util.KnownOIDs$8 (java.base@15)
 808:             1             32  sun.security.util.KnownOIDs$9 (java.base@15)
 809:             2             32  sun.util.resources.LocaleData (java.base@15)
 810:             1             24  [Ljava.io.File$PathStatus; (java.base@15)
 811:             1             24  [Ljava.lang.ClassValue$Entry; (java.base@15)
 812:             1             24  [Ljava.lang.management.MemoryType; (java.management@15)
 813:             1             24  [Ljava.net.InetSocketAddress; (java.base@15)
 814:             1             24  [Ljava.net.StandardProtocolFamily; (java.base@15)
 815:             1             24  [Ljava.security.Permission; (java.base@15)
 816:             1             24  [Ljava.time.chrono.IsoEra; (java.base@15)
 817:             1             24  [Ljava.util.Locale$Category; (java.base@15)
 818:             1             24  [Ljava.util.jar.Manifest; (java.base@15)
 819:             1             24  [Lorg.postgresql.shaded.com.ongres.scram.common.stringprep.StringPreparations;
 820:             1             24  com.sun.jmx.mbeanserver.ClassLoaderRepositorySupport (java.management@15)
 821:             1             24  com.sun.jmx.mbeanserver.MXBeanLookup (java.management@15)
 822:             1             24  com.sun.jmx.remote.internal.ArrayNotificationBuffer$NamedNotification (java.management@15)
 823:             1             24  com.sun.jmx.remote.internal.ArrayNotificationBuffer$ShareBuffer (java.management@15)
 824:             1             24  com.sun.management.internal.HotSpotThreadImpl (jdk.management@15)
 825:             1             24  com.sun.management.internal.OperatingSystemImpl (jdk.management@15)
 826:             1             24  com.sun.management.internal.PlatformMBeanProviderImpl$1 (jdk.management@15)
 827:             1             24  com.sun.management.internal.PlatformMBeanProviderImpl$2 (jdk.management@15)
 828:             1             24  com.sun.management.internal.PlatformMBeanProviderImpl$3 (jdk.management@15)
 829:             1             24  com.sun.management.internal.PlatformMBeanProviderImpl$4 (jdk.management@15)
 830:             1             24  com.sun.management.internal.PlatformMBeanProviderImpl$5 (jdk.management@15)
 831:             1             24  java.lang.ClassValue$Version (java.base@15)
 832:             1             24  java.lang.Double (java.base@15)
 833:             1             24  java.lang.invoke.MethodType$ConcurrentWeakInternSet (java.base@15)
 834:             1             24  java.lang.invoke.VarHandles$1 (java.base@15)
 835:             1             24  java.lang.management.DefaultPlatformMBeanProvider$1 (java.management@15)
 836:             1             24  java.lang.management.DefaultPlatformMBeanProvider$10 (java.management@15)
 837:             1             24  java.lang.management.DefaultPlatformMBeanProvider$11 (java.management@15)
 838:             1             24  java.lang.management.DefaultPlatformMBeanProvider$2 (java.management@15)
 839:             1             24  java.lang.management.DefaultPlatformMBeanProvider$3 (java.management@15)
 840:             1             24  java.lang.management.DefaultPlatformMBeanProvider$4 (java.management@15)
 841:             1             24  java.lang.management.DefaultPlatformMBeanProvider$5 (java.management@15)
 842:             1             24  java.lang.management.DefaultPlatformMBeanProvider$6 (java.management@15)
 843:             1             24  java.lang.management.DefaultPlatformMBeanProvider$7 (java.management@15)
 844:             1             24  java.lang.management.DefaultPlatformMBeanProvider$8 (java.management@15)
 845:             1             24  java.lang.management.DefaultPlatformMBeanProvider$9 (java.management@15)
 846:             1             24  java.net.Inet6AddressImpl (java.base@15)
 847:             1             24  java.net.Proxy (java.base@15)
 848:             1             24  java.net.SocketPermissionCollection (java.base@15)
 849:             1             24  java.sql.DriverInfo (java.sql@15)
 850:             1             24  java.util.Collections$EmptyMap (java.base@15)
 851:             1             24  java.util.Collections$SynchronizedCollection (java.base@15)
 852:             1             24  java.util.Locale$Cache (java.base@15)
 853:             1             24  java.util.OptionalInt (java.base@15)
 854:             1             24  java.util.ResourceBundle$Control$CandidateListCache (java.base@15)
 855:             1             24  java.util.Scanner$PatternLRUCache (java.base@15)
 856:             1             24  java.util.ServiceLoader$2 (java.base@15)
 857:             1             24  java.util.concurrent.CopyOnWriteArrayList$COWIterator (java.base@15)
 858:             1             24  java.util.concurrent.Executors$RunnableAdapter (java.base@15)
 859:             1             24  java.util.concurrent.locks.ReentrantReadWriteLock (java.base@15)
 860:             1             24  java.util.logging.LogManager$LoggerContext (java.logging@15)
 861:             1             24  java.util.regex.Pattern$$Lambda$17/0x0000000800b5c1b0 (java.base@15)
 862:             1             24  java.util.regex.Pattern$BmpCharProperty (java.base@15)
 863:             1             24  java.util.regex.Pattern$CharPredicate$$Lambda$20/0x0000000800b5ddb0 (java.base@15)
 864:             1             24  java.util.regex.Pattern$CharProperty (java.base@15)
 865:             1             24  java.util.regex.Pattern$Dollar (java.base@15)
 866:             1             24  java.util.regex.Pattern$GroupHead (java.base@15)
 867:             1             24  java.util.regex.Pattern$GroupTail (java.base@15)
 868:             1             24  java.util.regex.Pattern$Slice (java.base@15)
 869:             1             24  java.util.stream.Nodes$FixedNodeBuilder (java.base@15)
 870:             1             24  java.util.stream.ReferencePipeline$3$1 (java.base@15)
 871:             1             24  javax.crypto.CryptoPermissions (java.base@15)
 872:             1             24  jdk.internal.jimage.ImageReader (java.base@15)
 873:             1             24  jdk.internal.loader.URLClassPath$FileLoader (java.base@15)
 874:             1             24  jdk.internal.logger.BootstrapLogger$RedirectedLoggers (java.base@15)
 875:             1             24  jdk.internal.module.ModuleBootstrap$SafeModuleFinder (java.base@15)
 876:             1             24  jdk.internal.module.ModuleHashes (java.base@15)
 877:             1             24  jdk.jfr.FlightRecorderPermission (jdk.jfr@15)
 878:             1             24  jdk.jfr.internal.SecuritySupport$SecureRecorderListener (jdk.jfr@15)
 879:             1             24  jdk.management.jfr.StreamManager (jdk.management.jfr@15)
 880:             1             24  jdk.management.jfr.internal.FlightRecorderMXBeanProvider$SingleMBeanComponent (jdk.management.jfr@15)
 881:             1             24  org.postgresql.core.Encoding
 882:             1             24  org.postgresql.core.v3.replication.V3ReplicationProtocol
 883:             1             24  org.postgresql.hostchooser.HostRequirement$1
 884:             1             24  org.postgresql.hostchooser.HostRequirement$2
 885:             1             24  org.postgresql.hostchooser.HostRequirement$3
 886:             1             24  org.postgresql.hostchooser.HostRequirement$4
 887:             1             24  org.postgresql.hostchooser.HostRequirement$5
 888:             1             24  org.postgresql.shaded.com.ongres.scram.common.bouncycastle.base64.Base64Encoder
 889:             1             24  org.postgresql.shaded.com.ongres.scram.common.stringprep.StringPreparations$1
 890:             1             24  org.postgresql.shaded.com.ongres.scram.common.stringprep.StringPreparations$2
 891:             1             24  org.postgresql.util.HostSpec
 892:             1             24  org.postgresql.util.SharedTimer
 893:             1             24  ru.job4j.tracker.ValidateInput
 894:             1             24  sun.instrument.TransformerManager (java.instrument@15)
 895:             1             24  sun.management.CompilationImpl (java.management@15)
 896:             1             24  sun.management.ManagementFactoryHelper$LoggingMXBeanAccess (java.management@15)
 897:             1             24  sun.management.ManagementFactoryHelper$PlatformLoggingImpl (java.management@15)
 898:             1             24  sun.management.MemoryImpl (java.management@15)
 899:             1             24  sun.management.RuntimeImpl (java.management@15)
 900:             1             24  sun.management.VMManagementImpl (java.management@15)
 901:             1             24  sun.net.ProgressMonitor (java.base@15)
 902:             1             24  sun.net.www.protocol.http.Handler (java.base@15)
 903:             1             24  sun.nio.cs.ISO_8859_1 (java.base@15)
 904:             1             24  sun.nio.cs.MS1251 (java.base@15)
 905:             1             24  sun.nio.cs.StandardCharsets (java.base@15)
 906:             1             24  sun.nio.cs.ThreadLocalCoders$1 (java.base@15)
 907:             1             24  sun.nio.cs.ThreadLocalCoders$2 (java.base@15)
 908:             1             24  sun.nio.cs.US_ASCII (java.base@15)
 909:             1             24  sun.nio.cs.UTF_16 (java.base@15)
 910:             1             24  sun.nio.cs.UTF_16BE (java.base@15)
 911:             1             24  sun.nio.cs.UTF_16LE (java.base@15)
 912:             1             24  sun.nio.cs.UTF_8 (java.base@15)
 913:             1             24  sun.nio.fs.WindowsFileSystem (java.base@15)
 914:             1             24  sun.nio.fs.WindowsSecurityDescriptor (java.base@15)
 915:             1             24  sun.reflect.generics.reflectiveObjects.WildcardTypeImpl (java.base@15)
 916:             1             24  sun.rmi.runtime.RuntimeUtil$1 (java.rmi@15)
 917:             1             24  sun.rmi.server.UnicastServerRef$$Lambda$128/0x0000000800c33810 (java.rmi@15)
 918:             1             24  sun.rmi.transport.DGCImpl (java.rmi@15)
 919:             1             24  sun.rmi.transport.SequenceEntry (java.rmi@15)
 920:             1             24  sun.util.cldr.CLDRCalendarDataProviderImpl (java.base@15)
 921:             1             24  sun.util.cldr.CLDRTimeZoneNameProviderImpl (java.base@15)
 922:             1             24  sun.util.locale.BaseLocale$Cache (java.base@15)
 923:             1             24  sun.util.locale.provider.DecimalFormatSymbolsProviderImpl (java.base@15)
 924:             1             24  sun.util.locale.provider.NumberFormatProviderImpl (java.base@15)
 925:             1             24  sun.util.locale.provider.TimeZoneNameProviderImpl (java.base@15)
 926:             1             16  [Ljava.lang.Throwable; (java.base@15)
 927:             1             16  [Ljava.lang.constant.ClassDesc; (java.base@15)
 928:             1             16  [Ljava.lang.management.LockInfo; (java.management@15)
 929:             1             16  [Ljava.lang.management.MonitorInfo; (java.management@15)
 930:             1             16  [Ljava.nio.file.attribute.FileAttribute; (java.base@15)
 931:             1             16  [Ljava.rmi.server.ObjID; (java.rmi@15)
 932:             1             16  [Ljava.security.Provider; (java.base@15)
 933:             1             16  [Ljava.security.cert.Certificate; (java.base@15)
 934:             1             16  [Ljava.text.FieldPosition; (java.base@15)
 935:             1             16  [Ljava.util.logging.Handler; (java.logging@15)
 936:             1             16  [Ljava.util.regex.IntHashSet; (java.base@15)
 937:             1             16  [Lsun.instrument.TransformerManager$TransformerInfo; (java.instrument@15)
 938:             1             16  com.sun.jmx.interceptor.DefaultMBeanServerInterceptor$ResourceContext$1 (java.management@15)
 939:             1             16  com.sun.jmx.mbeanserver.DefaultMXBeanMappingFactory (java.management@15)
 940:             1             16  com.sun.jmx.mbeanserver.DescriptorCache (java.management@15)
 941:             1             16  com.sun.jmx.mbeanserver.MBeanAnalyzer$MethodOrder (java.management@15)
 942:             1             16  com.sun.jmx.mbeanserver.MBeanInstantiator (java.management@15)
 943:             1             16  com.sun.jmx.mbeanserver.MXBeanIntrospector (java.management@15)
 944:             1             16  com.sun.jmx.mbeanserver.SecureClassLoaderRepository (java.management@15)
 945:             1             16  com.sun.jmx.remote.internal.ArrayNotificationBuffer$5 (java.management@15)
 946:             1             16  com.sun.jmx.remote.internal.ArrayNotificationBuffer$BroadcasterQuery (java.management@15)
 947:             1             16  com.sun.jmx.remote.internal.ArrayNotificationBuffer$BufferListener (java.management@15)
 948:             1             16  com.sun.jmx.remote.internal.ServerCommunicatorAdmin$Timeout (java.management@15)
 949:             1             16  com.sun.jmx.remote.internal.ServerNotifForwarder$NotifForwarderBufferFilter (java.management@15)
 950:             1             16  com.sun.jmx.remote.security.SubjectDelegator (java.management@15)
 951:             1             16  com.sun.management.internal.GarbageCollectionNotifInfoCompositeData$1 (jdk.management@15)
 952:             1             16  com.sun.management.internal.GcInfoCompositeData$1 (jdk.management@15)
 953:             1             16  com.sun.management.internal.GcInfoCompositeData$2 (jdk.management@15)
 954:             1             16  com.sun.management.internal.HotSpotDiagnostic (jdk.management@15)
 955:             1             16  com.sun.management.internal.PlatformMBeanProviderImpl (jdk.management@15)
 956:             1             16  com.sun.management.internal.PlatformMBeanProviderImpl$$Lambda$47/0x0000000800b7c350 (jdk.management@15)
 957:             1             16  java.io.FileDescriptor$1 (java.base@15)
 958:             1             16  java.io.FilePermission$1 (java.base@15)
 959:             1             16  java.io.ObjectInputFilter$Config$$Lambda$93/0x0000000800c15928 (java.base@15)
 960:             1             16  java.io.ObjectInputFilter$Config$$Lambda$94/0x0000000800c15d38 (java.base@15)
 961:             1             16  java.io.ObjectInputFilter$Config$Global$$Lambda$95/0x0000000800c163b0 (java.base@15)
 962:             1             16  java.io.ObjectInputFilter$Config$Global$$Lambda$96/0x0000000800c165f0 (java.base@15)
 963:             1             16  java.io.ObjectInputStream$$Lambda$124/0x0000000800c30040 (java.base@15)
 964:             1             16  java.io.ObjectInputStream$$Lambda$125/0x0000000800c30450 (java.base@15)
 965:             1             16  java.io.RandomAccessFile$2 (java.base@15)
 966:             1             16  java.lang.ApplicationShutdownHooks$1 (java.base@15)
 967:             1             16  java.lang.CharacterData00 (java.base@15)
 968:             1             16  java.lang.CharacterDataLatin1 (java.base@15)
 969:             1             16  java.lang.Class$$Lambda$86/0x0000000800c11598 (java.base@15)
 970:             1             16  java.lang.ClassValue$Identity (java.base@15)
 971:             1             16  java.lang.Float (java.base@15)
 972:             1             16  java.lang.Module$$Lambda$133/0x0000000800c4d110 (java.base@15)
 973:             1             16  java.lang.Runtime (java.base@15)
 974:             1             16  java.lang.String$CaseInsensitiveComparator (java.base@15)
 975:             1             16  java.lang.StringCoding$1 (java.base@15)
 976:             1             16  java.lang.System$2 (java.base@15)
 977:             1             16  java.lang.System$LoggerFinder$$Lambda$77/0x0000000800ba9408 (java.base@15)
 978:             1             16  java.lang.Terminator$1 (java.base@15)
 979:             1             16  java.lang.invoke.ClassSpecializer$1 (java.base@15)
 980:             1             16  java.lang.invoke.MemberName$Factory (java.base@15)
 981:             1             16  java.lang.invoke.MethodHandleImpl$1 (java.base@15)
 982:             1             16  java.lang.invoke.StringConcatFactory$1 (java.base@15)
 983:             1             16  java.lang.invoke.StringConcatFactory$2 (java.base@15)
 984:             1             16  java.lang.invoke.StringConcatFactory$3 (java.base@15)
 985:             1             16  java.lang.invoke.VarHandle$1 (java.base@15)
 986:             1             16  java.lang.management.DefaultPlatformMBeanProvider (java.management@15)
 987:             1             16  java.lang.management.DefaultPlatformMBeanProvider$5$$Lambda$83/0x0000000800bfd358 (java.management@15)
 988:             1             16  java.lang.management.ManagementFactory$$Lambda$44/0x0000000800b7aec0 (java.management@15)
 989:             1             16  java.lang.management.ManagementFactory$$Lambda$78/0x0000000800bece88 (java.management@15)
 990:             1             16  java.lang.management.ManagementFactory$$Lambda$79/0x0000000800bed0d0 (java.management@15)
 991:             1             16  java.lang.management.ManagementFactory$$Lambda$80/0x0000000800bed308 (java.management@15)
 992:             1             16  java.lang.management.ManagementFactory$PlatformMBeanFinder$$Lambda$45/0x0000000800b7b6c8 (java.management@15)
 993:             1             16  java.lang.management.ManagementFactory$PlatformMBeanFinder$$Lambda$48/0x0000000800b810f8 (java.management@15)
 994:             1             16  java.lang.management.ManagementFactory$PlatformMBeanFinder$$Lambda$49/0x0000000800b81330 (java.management@15)
 995:             1             16  java.lang.management.ManagementFactory$PlatformMBeanFinder$$Lambda$51/0x0000000800b817a0 (java.management@15)
 996:             1             16  java.lang.management.ManagementFactory$PlatformMBeanFinder$$Lambda$55/0x0000000800b82070 (java.management@15)
 997:             1             16  java.lang.management.ManagementFactory$PlatformMBeanFinder$$Lambda$56/0x0000000800b822a8 (java.management@15)
 998:             1             16  java.lang.module.ModuleDescriptor$1 (java.base@15)
 999:             1             16  java.lang.ref.Cleaner (java.base@15)
1000:             1             16  java.lang.ref.Cleaner$1 (java.base@15)
1001:             1             16  java.lang.ref.Reference$1 (java.base@15)
1002:             1             16  java.lang.reflect.Proxy$$Lambda$40/0x0000000800b74920 (java.base@15)
1003:             1             16  java.lang.reflect.ProxyGenerator$$Lambda$42/0x0000000800b76370 (java.base@15)
1004:             1             16  java.lang.reflect.ProxyGenerator$$Lambda$43/0x0000000800b765a8 (java.base@15)
1005:             1             16  java.lang.reflect.ReflectAccess (java.base@15)
1006:             1             16  java.net.InetAddress$1 (java.base@15)
1007:             1             16  java.net.InetAddress$PlatformNameService (java.base@15)
1008:             1             16  java.net.SocketImpl$$Lambda$18/0x0000000800b5cb38 (java.base@15)
1009:             1             16  java.net.URI$1 (java.base@15)
1010:             1             16  java.net.URL$3 (java.base@15)
1011:             1             16  java.net.URL$DefaultFactory (java.base@15)
1012:             1             16  java.nio.Bits$1 (java.base@15)
1013:             1             16  java.nio.Buffer$1 (java.base@15)
1014:             1             16  java.nio.file.Files$AcceptAllFilter (java.base@15)
1015:             1             16  java.rmi.server.ObjID$$Lambda$105/0x0000000800c1c4f0 (java.rmi@15)
1016:             1             16  java.rmi.server.RMIClassLoader$2 (java.rmi@15)
1017:             1             16  java.security.AllPermission (java.base@15)
1018:             1             16  java.security.ProtectionDomain$JavaSecurityAccessImpl (java.base@15)
1019:             1             16  java.text.DecimalFormatSymbols$$Lambda$30/0x0000000800b66f70 (java.base@15)
1020:             1             16  java.util.Collections$EmptyEnumeration (java.base@15)
1021:             1             16  java.util.Collections$EmptyIterator (java.base@15)
1022:             1             16  java.util.Collections$EmptyList (java.base@15)
1023:             1             16  java.util.Collections$EmptySet (java.base@15)
1024:             1             16  java.util.Collections$UnmodifiableCollection (java.base@15)
1025:             1             16  java.util.EnumMap$1 (java.base@15)
1026:             1             16  java.util.IdentityHashMap$Values (java.base@15)
1027:             1             16  java.util.LinkedHashSet (java.base@15)
1028:             1             16  java.util.Locale$Builder (java.base@15)
1029:             1             16  java.util.ResourceBundle$1 (java.base@15)
1030:             1             16  java.util.ResourceBundle$Control (java.base@15)
1031:             1             16  java.util.Spliterators$EmptySpliterator$OfDouble (java.base@15)
1032:             1             16  java.util.Spliterators$EmptySpliterator$OfInt (java.base@15)
1033:             1             16  java.util.Spliterators$EmptySpliterator$OfLong (java.base@15)
1034:             1             16  java.util.Spliterators$EmptySpliterator$OfRef (java.base@15)
1035:             1             16  java.util.concurrent.ConcurrentSkipListMap$KeySet (java.base@15)
1036:             1             16  java.util.concurrent.ConcurrentSkipListSet (java.base@15)
1037:             1             16  java.util.concurrent.SynchronousQueue$TransferStack (java.base@15)
1038:             1             16  java.util.concurrent.ThreadPoolExecutor$AbortPolicy (java.base@15)
1039:             1             16  java.util.concurrent.atomic.AtomicBoolean (java.base@15)
1040:             1             16  java.util.concurrent.locks.ReentrantReadWriteLock$ReadLock (java.base@15)
1041:             1             16  java.util.concurrent.locks.ReentrantReadWriteLock$Sync$ThreadLocalHoldCounter (java.base@15)
1042:             1             16  java.util.concurrent.locks.ReentrantReadWriteLock$WriteLock (java.base@15)
1043:             1             16  java.util.function.Function$$Lambda$50/0x0000000800b81568 (java.base@15)
1044:             1             16  java.util.jar.JavaUtilJarAccessImpl (java.base@15)
1045:             1             16  java.util.logging.ErrorManager (java.logging@15)
1046:             1             16  java.util.logging.Level$$Lambda$37/0x0000000800b6c318 (java.logging@15)
1047:             1             16  java.util.logging.Level$KnownLevel$$Lambda$35/0x0000000800b6b518 (java.logging@15)
1048:             1             16  java.util.logging.Level$KnownLevel$$Lambda$36/0x0000000800b6b750 (java.logging@15)
1049:             1             16  java.util.logging.Level$KnownLevel$$Lambda$38/0x0000000800b6c550 (java.logging@15)
1050:             1             16  java.util.logging.LogManager$LoggingProviderAccess (java.logging@15)
1051:             1             16  java.util.logging.LogManager$VisitedLoggers (java.logging@15)
1052:             1             16  java.util.logging.Logging (java.logging@15)
1053:             1             16  java.util.logging.SimpleFormatter (java.logging@15)
1054:             1             16  java.util.logging.SimpleFormatter$$Lambda$99/0x0000000800c19770 (java.logging@15)
1055:             1             16  java.util.regex.CharPredicates$$Lambda$14/0x0000000800b5aee0 (java.base@15)
1056:             1             16  java.util.regex.CharPredicates$$Lambda$16/0x0000000800b5bd68 (java.base@15)
1057:             1             16  java.util.regex.Pattern$$Lambda$15/0x0000000800b5bb10 (java.base@15)
1058:             1             16  java.util.regex.Pattern$$Lambda$75/0x0000000800ba84e8 (java.base@15)
1059:             1             16  java.util.regex.Pattern$BitClass (java.base@15)
1060:             1             16  java.util.regex.Pattern$CharPredicate$$Lambda$19/0x0000000800b5d178 (java.base@15)
1061:             1             16  java.util.regex.Pattern$LastNode (java.base@15)
1062:             1             16  java.util.regex.Pattern$Node (java.base@15)
1063:             1             16  java.util.stream.Collectors$$Lambda$25/0x0000000800b65780 (java.base@15)
1064:             1             16  java.util.stream.Collectors$$Lambda$27/0x0000000800b65bc8 (java.base@15)
1065:             1             16  java.util.stream.Collectors$$Lambda$5/0x0000000800b54a30 (java.base@15)
1066:             1             16  java.util.stream.Collectors$$Lambda$52/0x0000000800b819e0 (java.base@15)
1067:             1             16  java.util.stream.Collectors$$Lambda$6/0x0000000800b54c48 (java.base@15)
1068:             1             16  java.util.stream.Collectors$$Lambda$61/0x0000000800b83da8 (java.base@15)
1069:             1             16  java.util.stream.Collectors$$Lambda$62/0x0000000800b83fc0 (java.base@15)
1070:             1             16  java.util.stream.Collectors$$Lambda$63/0x0000000800b841e8 (java.base@15)
1071:             1             16  java.util.stream.Collectors$$Lambda$7/0x0000000800b54e70 (java.base@15)
1072:             1             16  java.util.stream.Collectors$$Lambda$8/0x0000000800b550b0 (java.base@15)
1073:             1             16  java.util.stream.Collectors$$Lambda$88/0x0000000800c119f0 (java.base@15)
1074:             1             16  java.util.stream.Collectors$$Lambda$89/0x0000000800c11c18 (java.base@15)
1075:             1             16  java.util.stream.Collectors$$Lambda$90/0x0000000800c11e58 (java.base@15)
1076:             1             16  java.util.stream.FindOps$FindSink$OfInt$$Lambda$31/0x0000000800b671b8 (java.base@15)
1077:             1             16  java.util.stream.FindOps$FindSink$OfInt$$Lambda$32/0x0000000800b67400 (java.base@15)
1078:             1             16  java.util.stream.FindOps$FindSink$OfInt$$Lambda$33/0x0000000800b67618 (java.base@15)
1079:             1             16  java.util.stream.FindOps$FindSink$OfInt$$Lambda$34/0x0000000800b67860 (java.base@15)
1080:             1             16  java.util.stream.FindOps$FindSink$OfRef$$Lambda$10/0x0000000800b55530 (java.base@15)
1081:             1             16  java.util.stream.FindOps$FindSink$OfRef$$Lambda$11/0x0000000800b55778 (java.base@15)
1082:             1             16  java.util.stream.FindOps$FindSink$OfRef$$Lambda$12/0x0000000800b55990 (java.base@15)
1083:             1             16  java.util.stream.FindOps$FindSink$OfRef$$Lambda$13/0x0000000800b55bd8 (java.base@15)
1084:             1             16  java.util.stream.Nodes$EmptyNode$OfDouble (java.base@15)
1085:             1             16  java.util.stream.Nodes$EmptyNode$OfInt (java.base@15)
1086:             1             16  java.util.stream.Nodes$EmptyNode$OfLong (java.base@15)
1087:             1             16  java.util.stream.Nodes$EmptyNode$OfRef (java.base@15)
1088:             1             16  java.util.zip.ZipFile$1 (java.base@15)
1089:             1             16  javax.crypto.CryptoAllPermissionCollection (java.base@15)
1090:             1             16  javax.crypto.JceSecurity$IdentityWrapper (java.base@15)
1091:             1             16  javax.management.JMX (java.management@15)
1092:             1             16  javax.management.MBeanServerBuilder (java.management@15)
1093:             1             16  javax.management.NotificationBroadcasterSupport$1 (java.management@15)
1094:             1             16  javax.management.remote.JMXConnectorServerFactory$$Lambda$91/0x0000000800c130e8 (java.management@15)
1095:             1             16  javax.management.remote.rmi.RMIConnectionImpl_Stub (java.management.rmi@15)
1096:             1             16  javax.management.remote.rmi.RMIServerImpl_Stub (java.management.rmi@15)
1097:             1             16  javax.net.DefaultSocketFactory (java.base@15)
1098:             1             16  jdk.internal.jimage.ImageReaderFactory$1 (java.base@15)
1099:             1             16  jdk.internal.jimage.ImageStringsReader (java.base@15)
1100:             1             16  jdk.internal.jimage.decompressor.Decompressor (java.base@15)
1101:             1             16  jdk.internal.logger.LazyLoggers$1 (java.base@15)
1102:             1             16  jdk.internal.logger.LazyLoggers$LazyLoggerFactories (java.base@15)
1103:             1             16  jdk.internal.math.FloatingDecimal$1 (java.base@15)
1104:             1             16  jdk.internal.misc.TerminatingThreadLocal$1 (java.base@15)
1105:             1             16  jdk.internal.misc.Unsafe (java.base@15)
1106:             1             16  jdk.internal.module.DefaultRoots$$Lambda$1/0x0000000800b53778 (java.base@15)
1107:             1             16  jdk.internal.module.DefaultRoots$$Lambda$2/0x0000000800b54180 (java.base@15)
1108:             1             16  jdk.internal.module.DefaultRoots$$Lambda$4/0x0000000800b54608 (java.base@15)
1109:             1             16  jdk.internal.module.DefaultRoots$$Lambda$9/0x0000000800b552e8 (java.base@15)
1110:             1             16  jdk.internal.module.ModulePatcher (java.base@15)
1111:             1             16  jdk.internal.module.ModuleTarget (java.base@15)
1112:             1             16  jdk.internal.perf.Perf (java.base@15)
1113:             1             16  jdk.internal.reflect.GeneratedConstructorAccessor1 (java.base@15)
1114:             1             16  jdk.internal.reflect.GeneratedConstructorAccessor2 (java.base@15)
1115:             1             16  jdk.internal.reflect.GeneratedMethodAccessor1 (java.base@15)
1116:             1             16  jdk.internal.reflect.GeneratedMethodAccessor10 (java.base@15)
1117:             1             16  jdk.internal.reflect.GeneratedMethodAccessor11 (java.base@15)
1118:             1             16  jdk.internal.reflect.GeneratedMethodAccessor12 (java.base@15)
1119:             1             16  jdk.internal.reflect.GeneratedMethodAccessor13 (java.base@15)
1120:             1             16  jdk.internal.reflect.GeneratedMethodAccessor14 (java.base@15)
1121:             1             16  jdk.internal.reflect.GeneratedMethodAccessor15 (java.base@15)
1122:             1             16  jdk.internal.reflect.GeneratedMethodAccessor16 (java.base@15)
1123:             1             16  jdk.internal.reflect.GeneratedMethodAccessor17 (java.base@15)
1124:             1             16  jdk.internal.reflect.GeneratedMethodAccessor18 (java.base@15)
1125:             1             16  jdk.internal.reflect.GeneratedMethodAccessor19 (java.base@15)
1126:             1             16  jdk.internal.reflect.GeneratedMethodAccessor2 (java.base@15)
1127:             1             16  jdk.internal.reflect.GeneratedMethodAccessor20 (java.base@15)
1128:             1             16  jdk.internal.reflect.GeneratedMethodAccessor21 (java.base@15)
1129:             1             16  jdk.internal.reflect.GeneratedMethodAccessor22 (java.base@15)
1130:             1             16  jdk.internal.reflect.GeneratedMethodAccessor23 (java.base@15)
1131:             1             16  jdk.internal.reflect.GeneratedMethodAccessor24 (java.base@15)
1132:             1             16  jdk.internal.reflect.GeneratedMethodAccessor25 (java.base@15)
1133:             1             16  jdk.internal.reflect.GeneratedMethodAccessor26 (java.base@15)
1134:             1             16  jdk.internal.reflect.GeneratedMethodAccessor27 (java.base@15)
1135:             1             16  jdk.internal.reflect.GeneratedMethodAccessor28 (java.base@15)
1136:             1             16  jdk.internal.reflect.GeneratedMethodAccessor29 (java.base@15)
1137:             1             16  jdk.internal.reflect.GeneratedMethodAccessor3
1138:             1             16  jdk.internal.reflect.GeneratedMethodAccessor30 (java.base@15)
1139:             1             16  jdk.internal.reflect.GeneratedMethodAccessor31 (java.base@15)
1140:             1             16  jdk.internal.reflect.GeneratedMethodAccessor32 (java.base@15)
1141:             1             16  jdk.internal.reflect.GeneratedMethodAccessor33 (java.base@15)
1142:             1             16  jdk.internal.reflect.GeneratedMethodAccessor34 (java.base@15)
1143:             1             16  jdk.internal.reflect.GeneratedMethodAccessor35 (java.base@15)
1144:             1             16  jdk.internal.reflect.GeneratedMethodAccessor36 (java.base@15)
1145:             1             16  jdk.internal.reflect.GeneratedMethodAccessor37 (java.base@15)
1146:             1             16  jdk.internal.reflect.GeneratedMethodAccessor38 (java.base@15)
1147:             1             16  jdk.internal.reflect.GeneratedMethodAccessor39 (java.base@15)
1148:             1             16  jdk.internal.reflect.GeneratedMethodAccessor4 (java.base@15)
1149:             1             16  jdk.internal.reflect.GeneratedMethodAccessor40 (java.base@15)
1150:             1             16  jdk.internal.reflect.GeneratedMethodAccessor41 (java.base@15)
1151:             1             16  jdk.internal.reflect.GeneratedMethodAccessor42 (java.base@15)
1152:             1             16  jdk.internal.reflect.GeneratedMethodAccessor43 (java.base@15)
1153:             1             16  jdk.internal.reflect.GeneratedMethodAccessor44 (java.base@15)
1154:             1             16  jdk.internal.reflect.GeneratedMethodAccessor45 (java.base@15)
1155:             1             16  jdk.internal.reflect.GeneratedMethodAccessor46 (java.base@15)
1156:             1             16  jdk.internal.reflect.GeneratedMethodAccessor47 (java.base@15)
1157:             1             16  jdk.internal.reflect.GeneratedMethodAccessor48 (java.base@15)
1158:             1             16  jdk.internal.reflect.GeneratedMethodAccessor49 (java.base@15)
1159:             1             16  jdk.internal.reflect.GeneratedMethodAccessor5 (java.base@15)
1160:             1             16  jdk.internal.reflect.GeneratedMethodAccessor50 (java.base@15)
1161:             1             16  jdk.internal.reflect.GeneratedMethodAccessor51 (java.base@15)
1162:             1             16  jdk.internal.reflect.GeneratedMethodAccessor52 (java.base@15)
1163:             1             16  jdk.internal.reflect.GeneratedMethodAccessor53 (java.base@15)
1164:             1             16  jdk.internal.reflect.GeneratedMethodAccessor54 (java.base@15)
1165:             1             16  jdk.internal.reflect.GeneratedMethodAccessor55 (java.base@15)
1166:             1             16  jdk.internal.reflect.GeneratedMethodAccessor56 (java.base@15)
1167:             1             16  jdk.internal.reflect.GeneratedMethodAccessor57 (java.base@15)
1168:             1             16  jdk.internal.reflect.GeneratedMethodAccessor58 (java.base@15)
1169:             1             16  jdk.internal.reflect.GeneratedMethodAccessor59 (java.base@15)
1170:             1             16  jdk.internal.reflect.GeneratedMethodAccessor6 (java.base@15)
1171:             1             16  jdk.internal.reflect.GeneratedMethodAccessor60 (java.base@15)
1172:             1             16  jdk.internal.reflect.GeneratedMethodAccessor61 (java.base@15)
1173:             1             16  jdk.internal.reflect.GeneratedMethodAccessor62 (java.base@15)
1174:             1             16  jdk.internal.reflect.GeneratedMethodAccessor63 (java.base@15)
1175:             1             16  jdk.internal.reflect.GeneratedMethodAccessor64 (java.base@15)
1176:             1             16  jdk.internal.reflect.GeneratedMethodAccessor65 (java.base@15)
1177:             1             16  jdk.internal.reflect.GeneratedMethodAccessor66 (java.base@15)
1178:             1             16  jdk.internal.reflect.GeneratedMethodAccessor67 (java.base@15)
1179:             1             16  jdk.internal.reflect.GeneratedMethodAccessor68 (java.base@15)
1180:             1             16  jdk.internal.reflect.GeneratedMethodAccessor69 (java.base@15)
1181:             1             16  jdk.internal.reflect.GeneratedMethodAccessor7 (java.base@15)
1182:             1             16  jdk.internal.reflect.GeneratedMethodAccessor70 (java.base@15)
1183:             1             16  jdk.internal.reflect.GeneratedMethodAccessor71 (java.base@15)
1184:             1             16  jdk.internal.reflect.GeneratedMethodAccessor72 (java.base@15)
1185:             1             16  jdk.internal.reflect.GeneratedMethodAccessor73 (java.base@15)
1186:             1             16  jdk.internal.reflect.GeneratedMethodAccessor74 (java.base@15)
1187:             1             16  jdk.internal.reflect.GeneratedMethodAccessor75 (java.base@15)
1188:             1             16  jdk.internal.reflect.GeneratedMethodAccessor76 (java.base@15)
1189:             1             16  jdk.internal.reflect.GeneratedMethodAccessor77 (java.base@15)
1190:             1             16  jdk.internal.reflect.GeneratedMethodAccessor8 (java.base@15)
1191:             1             16  jdk.internal.reflect.GeneratedMethodAccessor9 (java.base@15)
1192:             1             16  jdk.internal.reflect.GeneratedSerializationConstructorAccessor1 (java.base@15)
1193:             1             16  jdk.internal.reflect.GeneratedSerializationConstructorAccessor10 (java.base@15)
1194:             1             16  jdk.internal.reflect.GeneratedSerializationConstructorAccessor11 (java.base@15)
1195:             1             16  jdk.internal.reflect.GeneratedSerializationConstructorAccessor12 (java.base@15)
1196:             1             16  jdk.internal.reflect.GeneratedSerializationConstructorAccessor13 (java.base@15)
1197:             1             16  jdk.internal.reflect.GeneratedSerializationConstructorAccessor14 (java.base@15)
1198:             1             16  jdk.internal.reflect.GeneratedSerializationConstructorAccessor15 (java.base@15)
1199:             1             16  jdk.internal.reflect.GeneratedSerializationConstructorAccessor16 (java.base@15)
1200:             1             16  jdk.internal.reflect.GeneratedSerializationConstructorAccessor17 (java.base@15)
1201:             1             16  jdk.internal.reflect.GeneratedSerializationConstructorAccessor18 (java.base@15)
1202:             1             16  jdk.internal.reflect.GeneratedSerializationConstructorAccessor19 (java.base@15)
1203:             1             16  jdk.internal.reflect.GeneratedSerializationConstructorAccessor2 (java.base@15)
1204:             1             16  jdk.internal.reflect.GeneratedSerializationConstructorAccessor20 (java.base@15)
1205:             1             16  jdk.internal.reflect.GeneratedSerializationConstructorAccessor21 (java.base@15)
1206:             1             16  jdk.internal.reflect.GeneratedSerializationConstructorAccessor22 (java.base@15)
1207:             1             16  jdk.internal.reflect.GeneratedSerializationConstructorAccessor23 (java.base@15)
1208:             1             16  jdk.internal.reflect.GeneratedSerializationConstructorAccessor24 (java.base@15)
1209:             1             16  jdk.internal.reflect.GeneratedSerializationConstructorAccessor25 (java.base@15)
1210:             1             16  jdk.internal.reflect.GeneratedSerializationConstructorAccessor26 (java.base@15)
1211:             1             16  jdk.internal.reflect.GeneratedSerializationConstructorAccessor27 (java.base@15)
1212:             1             16  jdk.internal.reflect.GeneratedSerializationConstructorAccessor28 (java.base@15)
1213:             1             16  jdk.internal.reflect.GeneratedSerializationConstructorAccessor29 (java.base@15)
1214:             1             16  jdk.internal.reflect.GeneratedSerializationConstructorAccessor3 (java.base@15)
1215:             1             16  jdk.internal.reflect.GeneratedSerializationConstructorAccessor30 (java.base@15)
1216:             1             16  jdk.internal.reflect.GeneratedSerializationConstructorAccessor31 (java.base@15)
1217:             1             16  jdk.internal.reflect.GeneratedSerializationConstructorAccessor32 (java.base@15)
1218:             1             16  jdk.internal.reflect.GeneratedSerializationConstructorAccessor33 (java.base@15)
1219:             1             16  jdk.internal.reflect.GeneratedSerializationConstructorAccessor34 (java.base@15)
1220:             1             16  jdk.internal.reflect.GeneratedSerializationConstructorAccessor35 (java.base@15)
1221:             1             16  jdk.internal.reflect.GeneratedSerializationConstructorAccessor36 (java.base@15)
1222:             1             16  jdk.internal.reflect.GeneratedSerializationConstructorAccessor37 (java.base@15)
1223:             1             16  jdk.internal.reflect.GeneratedSerializationConstructorAccessor38 (java.base@15)
1224:             1             16  jdk.internal.reflect.GeneratedSerializationConstructorAccessor39 (java.base@15)
1225:             1             16  jdk.internal.reflect.GeneratedSerializationConstructorAccessor4 (java.base@15)
1226:             1             16  jdk.internal.reflect.GeneratedSerializationConstructorAccessor5 (java.base@15)
1227:             1             16  jdk.internal.reflect.GeneratedSerializationConstructorAccessor6 (java.base@15)
1228:             1             16  jdk.internal.reflect.GeneratedSerializationConstructorAccessor7 (java.base@15)
1229:             1             16  jdk.internal.reflect.GeneratedSerializationConstructorAccessor8 (java.base@15)
1230:             1             16  jdk.internal.reflect.GeneratedSerializationConstructorAccessor9 (java.base@15)
1231:             1             16  jdk.internal.reflect.ReflectionFactory (java.base@15)
1232:             1             16  jdk.internal.util.Preconditions$1 (java.base@15)
1233:             1             16  jdk.jfr.FlightRecorderPermission$InternalAccess (jdk.jfr@15)
1234:             1             16  jdk.jfr.internal.JVM (jdk.jfr@15)
1235:             1             16  jdk.jfr.internal.SecuritySupport$Privileged (jdk.jfr@15)
1236:             1             16  jdk.jfr.internal.consumer.FileAccess$UnPrivileged (jdk.jfr@15)
1237:             1             16  jdk.management.jfr.SettingDescriptorInfo$1 (jdk.management.jfr@15)
1238:             1             16  jdk.net.ExtendedSocketOptions$PlatformSocketOptions (jdk.net@15)
1239:             1             16  org.postgresql.Driver
1240:             1             16  org.postgresql.core.CachedQueryCreateAction
1241:             1             16  org.postgresql.core.Encoding$2
1242:             1             16  org.postgresql.core.QueryExecutorBase$1
1243:             1             16  org.postgresql.jdbc.PgConnection$1
1244:             1             16  org.postgresql.util.LruCache$1
1245:             1             16  org.postgresql.util.LruCache$2
1246:             1             16  ru.job4j.tracker.ConsoleInput
1247:             1             16  ru.job4j.tracker.CreateAction
1248:             1             16  ru.job4j.tracker.DeleteAction
1249:             1             16  ru.job4j.tracker.ExitAction
1250:             1             16  ru.job4j.tracker.FindAllAction
1251:             1             16  ru.job4j.tracker.FindByIdAction
1252:             1             16  ru.job4j.tracker.FindByNameAction
1253:             1             16  ru.job4j.tracker.ReplaceAction
1254:             1             16  ru.job4j.tracker.SqlTracker
1255:             1             16  ru.job4j.tracker.StartUI
1256:             1             16  sun.management.ClassLoadingImpl (java.management@15)
1257:             1             16  sun.management.ManagementFactoryHelper$$Lambda$138/0x0000000800c51ed8 (java.management@15)
1258:             1             16  sun.management.ManagementFactoryHelper$$Lambda$139/0x0000000800c52110 (java.management@15)
1259:             1             16  sun.management.ManagementFactoryHelper$$Lambda$84/0x0000000800c0d490 (java.management@15)
1260:             1             16  sun.management.MappedMXBeanType$CompositeDataMXBeanType$1 (java.management@15)
1261:             1             16  sun.management.MappedMXBeanType$CompositeDataMXBeanType$2 (java.management@15)
1262:             1             16  sun.management.jmxremote.ConnectorBootstrap$PermanentExporter (jdk.management.agent@15)
1263:             1             16  sun.management.jmxremote.LocalRMIServerSocketFactory (jdk.management.agent@15)
1264:             1             16  sun.net.DefaultProgressMeteringPolicy (java.base@15)
1265:             1             16  sun.net.spi.DefaultProxySelector (java.base@15)
1266:             1             16  sun.net.www.protocol.file.Handler (java.base@15)
1267:             1             16  sun.net.www.protocol.jar.Handler (java.base@15)
1268:             1             16  sun.net.www.protocol.jar.JarFileFactory (java.base@15)
1269:             1             16  sun.net.www.protocol.jrt.Handler (java.base@15)
1270:             1             16  sun.nio.ch.ExtendedSocketOption$1 (java.base@15)
1271:             1             16  sun.nio.ch.FileChannelImpl$1 (java.base@15)
1272:             1             16  sun.nio.ch.FileChannelImpl$2 (java.base@15)
1273:             1             16  sun.nio.ch.Net$1 (java.base@15)
1274:             1             16  sun.nio.ch.SocketDispatcher (java.base@15)
1275:             1             16  sun.nio.ch.Util$1 (java.base@15)
1276:             1             16  sun.nio.fs.NativeBuffers$1 (java.base@15)
1277:             1             16  sun.nio.fs.WindowsChannelFactory$1 (java.base@15)
1278:             1             16  sun.nio.fs.WindowsFileSystemProvider (java.base@15)
1279:             1             16  sun.reflect.generics.tree.BottomSignature (java.base@15)
1280:             1             16  sun.reflect.generics.tree.LongSignature (java.base@15)
1281:             1             16  sun.reflect.generics.tree.TypeVariableSignature (java.base@15)
1282:             1             16  sun.reflect.generics.tree.VoidDescriptor (java.base@15)
1283:             1             16  sun.rmi.runtime.Log$$Lambda$98/0x0000000800c18a50 (java.rmi@15)
1284:             1             16  sun.rmi.runtime.Log$LoggerLogFactory (java.rmi@15)
1285:             1             16  sun.rmi.runtime.RuntimeUtil (java.rmi@15)
1286:             1             16  sun.rmi.runtime.RuntimeUtil$$Lambda$117/0x0000000800c22fa0 (java.rmi@15)
1287:             1             16  sun.rmi.server.LoaderHandler$$Lambda$129/0x0000000800c34498 (java.rmi@15)
1288:             1             16  sun.rmi.server.LoaderHandler$$Lambda$130/0x0000000800c346b0 (java.rmi@15)
1289:             1             16  sun.rmi.server.MarshalInputStream$$Lambda$126/0x0000000800c30668 (java.rmi@15)
1290:             1             16  sun.rmi.server.UnicastRef (java.rmi@15)
1291:             1             16  sun.rmi.server.UnicastRef$$Lambda$101/0x0000000800c1b200 (java.rmi@15)
1292:             1             16  sun.rmi.server.UnicastServerRef$$Lambda$102/0x0000000800c1b418 (java.rmi@15)
1293:             1             16  sun.rmi.server.UnicastServerRef$$Lambda$103/0x0000000800c1b630 (java.rmi@15)
1294:             1             16  sun.rmi.server.UnicastServerRef$$Lambda$104/0x0000000800c1b848 (java.rmi@15)
1295:             1             16  sun.rmi.server.UnicastServerRef$HashToMethod_Maps (java.rmi@15)
1296:             1             16  sun.rmi.server.Util$$Lambda$100/0x0000000800c1afe8 (java.rmi@15)
1297:             1             16  sun.rmi.server.Util$$Lambda$97/0x0000000800c17ba0 (java.rmi@15)
1298:             1             16  sun.rmi.transport.DGCAckHandler$$Lambda$131/0x0000000800c3dee8 (java.rmi@15)
1299:             1             16  sun.rmi.transport.DGCImpl$$Lambda$114/0x0000000800c22528 (java.rmi@15)
1300:             1             16  sun.rmi.transport.DGCImpl$$Lambda$115/0x0000000800c22740 (java.rmi@15)
1301:             1             16  sun.rmi.transport.DGCImpl$$Lambda$116/0x0000000800c22958 (java.rmi@15)
1302:             1             16  sun.rmi.transport.DGCImpl$$Lambda$118/0x0000000800c25198 (java.rmi@15)
1303:             1             16  sun.rmi.transport.DGCImpl$1 (java.rmi@15)
1304:             1             16  sun.rmi.transport.DGCImpl$2$$Lambda$119/0x0000000800c257d0 (java.rmi@15)
1305:             1             16  sun.rmi.transport.DGCImpl_Skel (java.rmi@15)
1306:             1             16  sun.rmi.transport.DGCImpl_Stub (java.rmi@15)
1307:             1             16  sun.rmi.transport.ObjectTable$$Lambda$113/0x0000000800c21ef0 (java.rmi@15)
1308:             1             16  sun.rmi.transport.Transport$$Lambda$108/0x0000000800c1d668 (java.rmi@15)
1309:             1             16  sun.rmi.transport.tcp.TCPChannel$$Lambda$121/0x0000000800c2e500 (java.rmi@15)
1310:             1             16  sun.rmi.transport.tcp.TCPChannel$$Lambda$122/0x0000000800c2e718 (java.rmi@15)
1311:             1             16  sun.rmi.transport.tcp.TCPChannel$$Lambda$123/0x0000000800c2e930 (java.rmi@15)
1312:             1             16  sun.rmi.transport.tcp.TCPDirectSocketFactory (java.rmi@15)
1313:             1             16  sun.rmi.transport.tcp.TCPEndpoint$$Lambda$106/0x0000000800c1cba0 (java.rmi@15)
1314:             1             16  sun.rmi.transport.tcp.TCPTransport$$Lambda$109/0x0000000800c1d880 (java.rmi@15)
1315:             1             16  sun.rmi.transport.tcp.TCPTransport$$Lambda$110/0x0000000800c1da98 (java.rmi@15)
1316:             1             16  sun.rmi.transport.tcp.TCPTransport$$Lambda$111/0x0000000800c1dcb0 (java.rmi@15)
1317:             1             16  sun.rmi.transport.tcp.TCPTransport$$Lambda$112/0x0000000800c206b8 (java.rmi@15)
1318:             1             16  sun.rmi.transport.tcp.TCPTransport$1 (java.rmi@15)
1319:             1             16  sun.security.jca.ProviderConfig$ProviderLoader (java.base@15)
1320:             1             16  sun.security.provider.AbstractDrbg$$Lambda$66/0x0000000800b8ea88 (java.base@15)
1321:             1             16  sun.security.provider.AbstractDrbg$SeederHolder$$Lambda$70/0x0000000800b95958 (java.base@15)
1322:             1             16  sun.security.provider.DRBG$$Lambda$65/0x0000000800b8d578 (java.base@15)
1323:             1             16  sun.security.provider.NativeSeedGenerator (java.base@15)
1324:             1             16  sun.security.util.ByteArrayLexOrder (java.base@15)
1325:             1             16  sun.security.util.ByteArrayTagOrder (java.base@15)
1326:             1             16  sun.security.util.KnownOIDs$$Lambda$64/0x0000000800b8ccf0 (java.base@15)
1327:             1             16  sun.util.calendar.Gregorian (java.base@15)
1328:             1             16  sun.util.cldr.CLDRBaseLocaleDataMetaInfo (java.base@15)
1329:             1             16  sun.util.locale.InternalLocaleBuilder$CaseInsensitiveChar (java.base@15)
1330:             1             16  sun.util.locale.provider.CalendarDataUtility$CalendarWeekParameterGetter (java.base@15)
1331:             1             16  sun.util.locale.provider.NumberFormatProviderImpl$$Lambda$23/0x0000000800b650f0 (java.base@15)
1332:             1             16  sun.util.locale.provider.NumberFormatProviderImpl$$Lambda$24/0x0000000800b65548 (java.base@15)
1333:             1             16  sun.util.locale.provider.TimeZoneNameUtility$TimeZoneNameGetter (java.base@15)
1334:             1             16  sun.util.logging.internal.LoggingProviderImpl (java.logging@15)
1335:             1             16  sun.util.resources.LocaleData$LocaleDataStrategy (java.base@15)
1336:             1             16  sun.util.resources.cldr.provider.CLDRLocaleDataMetaInfo (jdk.localedata@15)
Total        382814       21429280

:
C:\projects\job4j_tracker>jstat -gc 4216 1s 10
 S0C    S1C    S0U    S1U      EC       EU        OC         OU       MC     MU    CCSC   CCSU   YGC     YGCT    FGC    FGCT    CGC    CGCT     GCT
 0,0   1024,0  0,0   955,2  80896,0   8192,0   49152,0     3707,0   10752,0 9964,3 1280,0 1056,4      3    0,024   0      0,000   0      0,000    0,024
 0,0   1024,0  0,0   955,2  80896,0   8192,0   49152,0     3707,0   10752,0 9964,3 1280,0 1056,4      3    0,024   0      0,000   0      0,000    0,024
 0,0   1024,0  0,0   955,2  80896,0   8192,0   49152,0     3707,0   10752,0 9964,3 1280,0 1056,4      3    0,024   0      0,000   0      0,000    0,024
 0,0   1024,0  0,0   955,2  80896,0   8192,0   49152,0     3707,0   10752,0 9964,3 1280,0 1056,4      3    0,024   0      0,000   0      0,000    0,024
 0,0   1024,0  0,0   955,2  80896,0   8192,0   49152,0     3707,0   10752,0 9964,3 1280,0 1056,4      3    0,024   0      0,000   0      0,000    0,024
 0,0   1024,0  0,0   955,2  80896,0   8192,0   49152,0     3707,0   10752,0 9964,3 1280,0 1056,4      3    0,024   0      0,000   0      0,000    0,024
 0,0   1024,0  0,0   955,2  80896,0   8192,0   49152,0     3707,0   10752,0 9964,3 1280,0 1056,4      3    0,024   0      0,000   0      0,000    0,024
 0,0   1024,0  0,0   955,2  80896,0   8192,0   49152,0     3707,0   10752,0 9964,3 1280,0 1056,4      3    0,024   0      0,000   0      0,000    0,024
 0,0   1024,0  0,0   955,2  80896,0   8192,0   49152,0     3707,0   10752,0 9964,3 1280,0 1056,4      3    0,024   0      0,000   0      0,000    0,024
 0,0   1024,0  0,0   955,2  80896,0   8192,0   49152,0     3707,0   10752,0 9964,3 1280,0 1056,4      3    0,024   0      0,000   0      0,000    0,024

C:\projects\job4j_tracker>
C:\projects\job4j_tracker>
C:\projects\job4j_tracker>jmap -histo 4216
No dump file specified
 num     #instances         #bytes  class name (module)
-------------------------------------------------------
   1:         52439        4373464  [B (java.base@15)
   2:          8807        2546352  [I (java.base@15)
   3:          5291        1532000  [C (java.base@15)
   4:         33404        1493472  [Ljava.lang.Object; (java.base@15)
   5:         32624         782976  java.lang.String (java.base@15)
   6:         22725         727200  java.io.ObjectStreamClass$WeakClassKey (java.base@15)
   7:          3854         462480  java.io.ObjectStreamClass (java.base@15)
   8:          3009         362832  java.lang.Class (java.base@15)
   9:          9856         315392  java.util.HashMap$Node (java.base@15)
  10:          7500         240000  java.util.concurrent.ConcurrentHashMap$Node (java.base@15)
  11:          4639         222672  java.util.HashMap (java.base@15)
  12:          2583         216824  [Ljava.util.HashMap$Node; (java.base@15)
  13:           844         205432  [J (java.base@15)
  14:          8235         197640  java.lang.Long (java.base@15)
  15:          6225         194368  [Ljava.lang.String; (java.base@15)
  16:          6643         159432  java.lang.StringBuilder (java.base@15)
  17:          1760         154880  java.lang.reflect.Method (java.base@15)
  18:          2787         111480  java.util.TreeMap$Entry (java.base@15)
  19:          2640         105600  java.io.DataOutputStream (java.base@15)
  20:          2907         100096  [Ljavax.management.ObjectName$Property; (java.management@15)
  21:          3597          91632  [Ljava.lang.Class; (java.base@15)
  22:          3667          88008  javax.management.Attribute (java.management@15)
  23:          3549          85176  java.io.SerialCallbackContext (java.base@15)
  24:          2030          81200  java.io.ObjectOutputStream$HandleTable (java.base@15)
  25:          1928          77120  java.io.ObjectStreamClass$FieldReflectorKey (java.base@15)
  26:          1015          73080  sun.rmi.transport.ConnectionInputStream (java.rmi@15)
  27:           114          72832  [Ljava.util.concurrent.ConcurrentHashMap$Node; (java.base@15)
  28:          1134          69216  [Ljava.io.ObjectInputStream$HandleTable$HandleList; (java.base@15)
  29:          2038          65216  java.rmi.server.UID (java.rmi@15)
  30:          1015          64960  sun.rmi.transport.ConnectionOutputStream (java.rmi@15)
  31:          1563          62520  sun.util.locale.LocaleObjectCache$CacheEntry (java.base@15)
  32:          3594          57504  java.lang.Object (java.base@15)
  33:           714          57056  [S (java.base@15)
  34:          1015          56840  java.io.ObjectInputStream$BlockDataInputStream (java.base@15)
  35:          1413          56520  java.lang.ref.SoftReference (java.base@15)
  36:          1655          52960  java.util.TreeMap$EntryIterator (java.base@15)
  37:          1228          49120  java.util.LinkedHashMap$Entry (java.base@15)
  38:          1307          41824  java.util.TreeMap$KeyIterator (java.base@15)
  39:          1016          40640  sun.rmi.transport.StreamRemoteCall (java.rmi@15)
  40:          1015          40600  java.io.ObjectOutputStream$BlockDataOutputStream (java.base@15)
  41:           557          40104  java.lang.reflect.Field (java.base@15)
  42:          1592          38208  javax.management.ObjectName$Property (java.management@15)
  43:          1433          34392  java.util.ArrayList (java.base@15)
  44:           696          33408  java.util.TreeMap (java.base@15)
  45:          1021          32672  java.io.DataInputStream (java.base@15)
  46:          1015          32480  java.io.ObjectInputStream$HandleTable (java.base@15)
  47:          1015          32480  java.io.ObjectInputStream$PeekInputStream (java.base@15)
  48:          2030          32480  sun.rmi.transport.Transport$$Lambda$127/0x0000000800c333c0 (java.rmi@15)
  49:          1015          32480  sun.rmi.transport.Transport$1 (java.rmi@15)
  50:           673          32304  java.lang.invoke.MemberName (java.base@15)
  51:           445          32040  java.lang.reflect.Constructor (java.base@15)
  52:           498          31872  java.util.concurrent.ConcurrentHashMap (java.base@15)
  53:           980          31360  javax.management.ObjectName (java.management@15)
  54:           947          30304  javax.management.AttributeList (java.management@15)
  55:           607          29136  java.lang.management.MemoryUsage (java.management@15)
  56:           412          26368  java.lang.Class$ReflectionData (java.base@15)
  57:           800          25600  java.util.Locale (java.base@15)
  58:           799          25568  sun.util.locale.BaseLocale (java.base@15)
  59:           780          24960  sun.util.locale.BaseLocale$Key (java.base@15)
  60:          1019          24456  java.rmi.server.ObjID (java.rmi@15)
  61:          1018          24432  sun.rmi.transport.ObjectEndpoint (java.rmi@15)
  62:          1015          24360  java.io.ObjectOutputStream$ReplaceTable (java.base@15)
  63:          1010          24240  javax.management.remote.rmi.RMIConnectionImpl$PrivilegedOperation (java.management.rmi@15)
  64:           605          24200  java.util.HashMap$ValueIterator (java.base@15)
  65:           995          23880  java.io.ObjectStreamClass$ClassDataSlot (java.base@15)
  66:           977          23472  [Ljava.io.ObjectStreamClass$ClassDataSlot; (java.base@15)
  67:           950          22800  [Ljava.io.ObjectInputStream$FieldValues; (java.base@15)
  68:           950          22800  java.io.ObjectInputStream$FieldValues (java.base@15)
  69:           498          19920  java.lang.invoke.MethodType (java.base@15)
  70:          1227          19632  java.util.HashSet (java.base@15)
  71:           268          18224  [Ljava.lang.ref.SoftReference; (java.base@15)
  72:           569          18208  java.lang.invoke.LambdaForm$Name (java.base@15)
  73:           741          17784  java.util.Collections$UnmodifiableCollection$1 (java.base@15)
  74:           416          16640  java.math.BigInteger (java.base@15)
  75:          1027          16432  java.util.HashMap$Values (java.base@15)
  76:           510          16320  java.lang.invoke.MethodType$ConcurrentWeakInternSet$WeakEntry (java.base@15)
  77:          1015          16240  java.io.ObjectInputStream$ValidationList (java.base@15)
  78:          1015          16240  sun.rmi.server.MarshalOutputStream$1 (java.rmi@15)
  79:           659          15816  javax.management.openmbean.CompositeDataSupport (java.management@15)
  80:           558          13392  java.security.Provider$ServiceKey (java.base@15)
  81:           538          12912  java.lang.invoke.ResolvedMethodName (java.base@15)
  82:           220          12320  java.security.Provider$Service (java.base@15)
  83:           190          11280  [Ljava.lang.reflect.Method; (java.base@15)
  84:           338          10816  java.lang.ref.WeakReference (java.base@15)
  85:           666          10656  java.util.TreeMap$KeySet (java.base@15)
  86:           189          10584  java.lang.Module (java.base@15)
  87:           607           9712  java.util.TreeMap$EntrySet (java.base@15)
  88:           396           9504  java.lang.module.ModuleDescriptor$Exports (java.base@15)
  89:           236           9440  java.lang.reflect.InvocationTargetException (java.base@15)
  90:           118           9440  jdk.internal.reflect.DelegatingClassLoader (java.base@15)
  91:           280           8960  java.net.InetAddress$InetAddressHolder (java.base@15)
  92:           201           8040  java.io.ObjectStreamField (java.base@15)
  93:           247           7904  sun.security.util.KnownOIDs (java.base@15)
  94:           493           7888  java.lang.Integer (java.base@15)
  95:           144           6912  java.lang.invoke.LambdaForm (java.base@15)
  96:           149           6904  [Ljava.lang.invoke.LambdaForm$Name; (java.base@15)
  97:           291           6824  [Ljava.lang.reflect.Constructor; (java.base@15)
  98:           262           6288  java.util.ImmutableCollections$Set12 (java.base@15)
  99:           157           6280  java.util.WeakHashMap$Entry (java.base@15)
 100:           196           6272  java.lang.invoke.DirectMethodHandle (java.base@15)
 101:           252           6048  javax.management.ImmutableDescriptor (java.management@15)
 102:           182           5824  java.net.Inet6Address$Inet6AddressHolder (java.base@15)
 103:           177           5664  java.lang.module.ModuleDescriptor$Requires (java.base@15)
 104:            70           5600  java.net.URI (java.base@15)
 105:            15           5520  java.lang.Thread (java.base@15)
 106:           137           5480  java.security.ProtectionDomain (java.base@15)
 107:           170           5440  java.lang.invoke.LambdaForm$NamedFunction (java.base@15)
 108:           132           5280  java.security.CodeSource (java.base@15)
 109:           211           5064  jdk.internal.reflect.NativeConstructorAccessorImpl (java.base@15)
 110:           155           4960  com.sun.jmx.mbeanserver.ConvertingMethod (java.management@15)
 111:           150           4800  java.lang.invoke.MethodTypeForm (java.base@15)
 112:           118           4720  java.lang.UnsupportedOperationException (java.base@15)
 113:            97           4656  java.util.logging.LogManager$LoggerWeakRef (java.logging@15)
 114:           187           4488  java.security.Provider$UString (java.base@15)
 115:            70           4480  java.lang.module.ModuleDescriptor (java.base@15)
 116:            63           4408  [Ljava.lang.Thread; (java.base@15)
 117:           182           4368  java.net.Inet6Address (java.base@15)
 118:           170           4080  jdk.internal.module.ServicesCatalog$ServiceProvider (java.base@15)
 119:           126           4032  jdk.internal.loader.NativeLibraries (java.base@15)
 120:           166           3984  java.util.ImmutableCollections$SetN (java.base@15)
 121:            70           3920  jdk.internal.module.ModuleReferenceImpl (java.base@15)
 122:           157           3768  java.time.LocalDateTime (java.base@15)
 123:           150           3600  java.util.ImmutableCollections$List12 (java.base@15)
 124:           109           3488  java.lang.invoke.BoundMethodHandle$Species_L (java.base@15)
 125:            39           3440  [Ljava.lang.invoke.MethodHandle; (java.base@15)
 126:           212           3392  jdk.internal.reflect.DelegatingConstructorAccessorImpl (java.base@15)
 127:            32           3360  [Ljava.util.WeakHashMap$Entry; (java.base@15)
 128:           166           3320  [Lcom.sun.jmx.mbeanserver.MXBeanMapping; (java.management@15)
 129:            59           3304  [Ljava.net.InetAddress; (java.base@15)
 130:            71           3248  [Ljava.lang.reflect.Field; (java.base@15)
 131:            79           3160  com.sun.management.internal.DiagnosticCommandArgumentInfo (jdk.management@15)
 132:            49           3136  javax.management.openmbean.OpenMBeanAttributeInfoSupport (java.management@15)
 133:            91           2912  java.util.logging.LogManager$LogNode (java.logging@15)
 134:            55           2888  [Ljavax.management.MBeanAttributeInfo; (java.management@15)
 135:           104           2744  [[C (java.base@15)
 136:           112           2688  java.util.concurrent.CopyOnWriteArrayList (java.base@15)
 137:            65           2600  org.postgresql.PGProperty
 138:            54           2592  javax.management.MBeanInfo (java.management@15)
 139:           156           2496  java.util.Collections$UnmodifiableSet (java.base@15)
 140:            85           2368  [Ljava.io.ObjectStreamField; (java.base@15)
 141:            98           2352  java.net.Inet4Address (java.base@15)
 142:            93           2232  java.time.LocalDate (java.base@15)
 143:            55           2200  java.lang.invoke.BoundMethodHandle$Species_LL (java.base@15)
 144:           137           2192  [Ljava.security.Principal; (java.base@15)
 145:           137           2192  java.security.ProtectionDomain$Key (java.base@15)
 146:           134           2144  java.util.HashMap$EntrySet (java.base@15)
 147:            89           2136  java.util.Arrays$ArrayItr (java.base@15)
 148:            53           2120  sun.security.util.NamedCurve (java.base@15)
 149:            66           2112  java.lang.invoke.LambdaForm$Kind (java.base@15)
 150:            44           2112  java.lang.invoke.LambdaFormEditor$Transform (java.base@15)
 151:            65           2080  javax.management.MBeanAttributeInfo (java.management@15)
 152:            37           2072  sun.util.calendar.ZoneInfo (java.base@15)
 153:           128           2048  java.lang.Character (java.base@15)
 154:            36           2016  java.util.logging.Logger (java.logging@15)
 155:            41           1968  com.sun.management.internal.DiagnosticCommandInfo (jdk.management@15)
 156:            48           1920  java.lang.invoke.DirectMethodHandle$Constructor (java.base@15)
 157:            60           1920  jdk.internal.loader.BuiltinClassLoader$LoadedModule (java.base@15)
 158:            59           1888  java.lang.ref.ReferenceQueue (java.base@15)
 159:            77           1848  java.util.Arrays$ArrayList (java.base@15)
 160:            72           1728  java.lang.module.ModuleDescriptor$Provides (java.base@15)
 161:            53           1696  java.security.spec.EllipticCurve (java.base@15)
 162:            53           1696  sun.security.util.ObjectIdentifier (java.base@15)
 163:            70           1680  jdk.internal.module.SystemModuleFinders$2 (java.base@15)
 164:             2           1584  [[B (java.base@15)
 165:            33           1584  java.time.temporal.ValueRange (java.base@15)
 166:            99           1584  jdk.internal.reflect.DelegatingMethodAccessorImpl (java.base@15)
 167:            38           1520  javax.management.MBeanOperationInfo (java.management@15)
 168:            63           1512  sun.reflect.generics.tree.SimpleClassTypeSignature (java.base@15)
 169:            37           1480  java.util.logging.Logger$ConfigurationData (java.logging@15)
 170:            61           1464  java.lang.module.ResolvedModule (java.base@15)
 171:            61           1464  jdk.internal.module.SystemModuleFinders$SystemModuleReader (java.base@15)
 172:            60           1440  java.util.concurrent.ConcurrentSkipListMap$Node (java.base@15)
 173:            25           1400  java.util.LinkedHashMap (java.base@15)
 174:            29           1392  java.util.WeakHashMap (java.base@15)
 175:            42           1344  javax.management.MBeanParameterInfo (java.management@15)
 176:            45           1336  [Ljavax.management.MBeanOperationInfo; (java.management@15)
 177:            41           1312  com.sun.management.internal.DiagnosticCommandImpl$Wrapper (jdk.management@15)
 178:            54           1296  java.security.spec.ECPoint (java.base@15)
 179:            39           1248  jdk.internal.reflect.UnsafeQualifiedStaticLongFieldAccessorImpl (java.base@15)
 180:            30           1200  java.lang.invoke.DirectMethodHandle$Accessor (java.base@15)
 181:            30           1200  java.net.InetAddress$CachedAddresses (java.base@15)
 182:            30           1200  java.time.temporal.ChronoField (java.base@15)
 183:            38           1184  [Ljava.math.BigInteger; (java.base@15)
 184:            63           1176  [Lsun.reflect.generics.tree.TypeArgument; (java.base@15)
 185:            29           1160  java.io.ObjectStreamClass$FieldReflector (java.base@15)
 186:            29           1160  java.security.AccessControlContext (java.base@15)
 187:            47           1128  java.util.jar.Attributes$Name (java.base@15)
 188:            70           1120  java.util.HashMap$KeySet (java.base@15)
 189:            27           1080  java.lang.invoke.MethodHandleImpl$AsVarargsCollector (java.base@15)
 190:             2           1064  [Ljava.lang.Integer; (java.base@15)
 191:             1           1048  [Lsun.security.util.KnownOIDs; (java.base@15)
 192:             1           1040  [Ljava.lang.Long; (java.base@15)
 193:            65           1040  jdk.internal.module.SystemModuleFinders$3 (java.base@15)
 194:            41           1024  [Lcom.sun.management.internal.DiagnosticCommandArgumentInfo; (jdk.management@15)
 195:            32           1024  java.lang.ThreadLocal$ThreadLocalMap$Entry (java.base@15)
 196:            21           1008  jdk.internal.ref.CleanerImpl$PhantomCleanableRef (java.base@15)
 197:            18           1008  sun.security.ec.SunEC$ProviderServiceA (jdk.crypto.ec@15)
 198:            31            992  java.lang.invoke.VarHandle$AccessMode (java.base@15)
 199:            62            992  sun.reflect.generics.tree.ClassTypeSignature (java.base@15)
 200:            41            984  com.sun.jmx.mbeanserver.PerInterface$MethodAndSig (java.management@15)
 201:            41            984  java.util.Collections$UnmodifiableRandomAccessList (java.base@15)
 202:            61            976  java.lang.ref.ReferenceQueue$Lock (java.base@15)
 203:            24            960  com.sun.jmx.mbeanserver.MXBeanSupport (java.management@15)
 204:            30            960  java.net.InetAddress$CachedLocalHost (java.base@15)
 205:            30            960  java.security.Provider$EngineDescription (java.base@15)
 206:            17            952  javax.management.openmbean.CompositeType (java.management@15)
 207:            28            936  [Ljava.time.format.DateTimeFormatterBuilder$DateTimePrinterParser; (java.base@15)
 208:            29            928  java.util.concurrent.ConcurrentSkipListMap$KeyIterator (java.base@15)
 209:            23            920  java.lang.Package$VersionInfo (java.base@15)
 210:            19            912  javax.management.openmbean.ArrayType (java.management@15)
 211:            37            904  [Ljavax.management.MBeanParameterInfo; (java.management@15)
 212:            16            896  sun.security.ec.SunEC$ProviderService (jdk.crypto.ec@15)
 213:             3            888  [[Ljava.lang.String; (java.base@15)
 214:             6            864  [Ljava.lang.invoke.MemberName; (java.base@15)
 215:            36            864  java.lang.management.ManagementPermission (java.management@15)
 216:            25            800  com.sun.jmx.mbeanserver.WeakIdentityHashMap$IdentityWeakReference (java.management@15)
 217:            25            800  java.time.format.DateTimeFormatterBuilder$NumberPrinterParser (java.base@15)
 218:            14            784  javax.management.openmbean.OpenMBeanParameterInfoSupport (java.management@15)
 219:            32            768  com.sun.jmx.mbeanserver.DefaultMXBeanMappingFactory$IdentityMapping (java.management@15)
 220:            24            768  java.lang.Package (java.base@15)
 221:            12            768  java.nio.DirectByteBuffer (java.base@15)
 222:            12            768  org.postgresql.core.v3.SimpleQuery
 223:            23            736  sun.management.MappedMXBeanType$BasicMXBeanType (java.management@15)
 224:            18            720  java.lang.invoke.BoundMethodHandle$Species_LJ (java.base@15)
 225:            30            720  java.time.LocalTime (java.base@15)
 226:            18            720  sun.reflect.generics.repository.MethodRepository (java.base@15)
 227:            29            696  java.net.InetAddress$NameServiceAddresses (java.base@15)
 228:            31            688  [Ljava.lang.reflect.Type; (java.base@15)
 229:             7            680  [D (java.base@15)
 230:            28            672  java.time.format.DateTimeFormatterBuilder$CompositePrinterParser (java.base@15)
 231:            28            672  java.util.concurrent.ConcurrentSkipListMap$Index (java.base@15)
 232:            41            656  jdk.internal.reflect.BootstrapConstructorAccessorImpl (java.base@15)
 233:            27            648  java.util.Collections$SingletonList (java.base@15)
 234:             2            640  [Ljava.time.LocalDateTime; (java.base@15)
 235:            16            640  java.time.format.DateTimeFormatter (java.base@15)
 236:             3            624  [Ljava.lang.invoke.LambdaForm; (java.base@15)
 237:            26            624  com.sun.jmx.mbeanserver.NamedObject (java.management@15)
 238:            26            624  java.security.spec.ECFieldF2m (java.base@15)
 239:            25            600  java.time.Duration (java.base@15)
 240:             9            576  java.net.URL (java.base@15)
 241:            18            576  java.util.concurrent.locks.ReentrantLock$NonfairSync (java.base@15)
 242:            18            576  sun.reflect.generics.tree.MethodTypeSignature (java.base@15)
 243:             7            560  java.util.concurrent.TimeUnit (java.base@15)
 244:            14            560  javax.management.openmbean.SimpleType (java.management@15)
 245:            10            560  sun.invoke.util.Wrapper (java.base@15)
 246:             7            560  sun.nio.ch.NioSocketImpl (java.base@15)
 247:            23            552  java.lang.invoke.Invokers (java.base@15)
 248:            34            544  java.util.ImmutableCollections$ListN (java.base@15)
 249:             1            528  [Ljava.lang.Character; (java.base@15)
 250:            11            528  com.sun.jmx.mbeanserver.DefaultMXBeanMappingFactory$CompositeMapping (java.management@15)
 251:            22            528  jdk.internal.reflect.NativeMethodAccessorImpl (java.base@15)
 252:            13            520  com.sun.jmx.mbeanserver.PerInterface (java.management@15)
 253:            16            512  java.time.temporal.ChronoUnit (java.base@15)
 254:            21            504  java.lang.RuntimePermission (java.base@15)
 255:            21            504  java.util.AbstractMap$SimpleImmutableEntry (java.base@15)
 256:            21            504  sun.reflect.generics.factory.CoreReflectionFactory (java.base@15)
 257:             7            496  [Lsun.invoke.util.Wrapper; (java.base@15)
 258:             6            480  [Ljava.lang.ThreadLocal$ThreadLocalMap$Entry; (java.base@15)
 259:            12            480  java.io.FileDescriptor (java.base@15)
 260:            12            480  java.lang.invoke.VarHandleReferences$FieldInstanceReadWrite (java.base@15)
 261:            19            456  java.lang.Class$AnnotationData (java.base@15)
 262:            19            456  sun.reflect.generics.reflectiveObjects.ParameterizedTypeImpl (java.base@15)
 263:            25            448  [Lsun.reflect.generics.tree.FieldTypeSignature; (java.base@15)
 264:            14            448  java.lang.invoke.VarHandle$AccessDescriptor (java.base@15)
 265:             8            448  sun.management.MemoryPoolImpl (java.management@15)
 266:            20            440  [Ljavax.management.MBeanNotificationInfo; (java.management@15)
 267:            11            440  java.lang.OutOfMemoryError (java.base@15)
 268:             1            432  [[[C (java.base@15)
 269:             9            432  java.lang.invoke.BoundMethodHandle$SpeciesData (java.base@15)
 270:            27            432  java.security.spec.ECFieldFp (java.base@15)
 271:             9            432  java.util.Hashtable (java.base@15)
 272:            18            432  javax.management.StandardMBean (java.management@15)
 273:            18            432  sun.reflect.generics.scope.MethodScope (java.base@15)
 274:             9            424  [Ljava.util.Hashtable$Entry; (java.base@15)
 275:            13            416  sun.security.jca.ProviderConfig (java.base@15)
 276:            17            408  java.io.ObjectStreamClass$ExceptionInfo (java.base@15)
 277:            17            408  sun.nio.ch.OptionKey (java.base@15)
 278:            17            408  sun.nio.ch.SocketOptionRegistry$RegistryKey (java.base@15)
 279:             5            400  [Ljava.nio.ByteBuffer; (java.base@15)
 280:            10            400  java.util.IdentityHashMap (java.base@15)
 281:            10            400  sun.nio.fs.WindowsPath (java.base@15)
 282:             7            392  java.lang.invoke.BoundMethodHandle$Species_LLLLLLL (java.base@15)
 283:             7            392  java.nio.HeapByteBuffer (java.base@15)
 284:             7            392  java.util.Properties (java.base@15)
 285:             2            384  [Ljava.time.ZoneOffset; (java.base@15)
 286:            16            384  java.time.ZoneOffset (java.base@15)
 287:            12            384  jdk.jfr.internal.LogTag (jdk.jfr@15)
 288:            12            384  org.postgresql.core.NativeQuery
 289:            16            384  sun.management.MemoryUsageCompositeData (java.management@15)
 290:            22            376  [Lsun.reflect.generics.tree.FormalTypeParameter; (java.base@15)
 291:             1            376  com.intellij.rt.execution.application.AppMainV2$1
 292:             1            376  java.lang.ref.Finalizer$FinalizerThread (java.base@15)
 293:             1            376  java.util.logging.LogManager$Cleaner (java.logging@15)
 294:             1            376  jdk.internal.misc.InnocuousThread (java.base@15)
 295:             1            368  java.lang.ref.Reference$ReferenceHandler (java.base@15)
 296:             9            360  [Ljava.lang.invoke.BoundMethodHandle$SpeciesData; (java.base@15)
 297:             9            360  sun.util.resources.Bundles$BundleReference (java.base@15)
 298:             8            352  [Ljava.lang.invoke.MethodType; (java.base@15)
 299:            22            352  java.time.format.DateTimeFormatterBuilder$CharLiteralPrinterParser (java.base@15)
 300:             4            352  java.util.regex.Pattern (java.base@15)
 301:            11            352  jdk.internal.reflect.UnsafeQualifiedStaticObjectFieldAccessorImpl (java.base@15)
 302:             7            336  java.io.ObjectInputStream$FilterValues (java.base@15)
 303:             6            336  java.nio.DirectLongBufferU (java.base@15)
 304:            14            336  org.postgresql.core.ServerVersion
 305:             3            336  sun.security.provider.HashDrbg (java.base@15)
 306:            21            336  sun.util.logging.internal.LoggingProviderImpl$JULWrapper (java.logging@15)
 307:            18            328  [Lsun.reflect.generics.tree.TypeSignature; (java.base@15)
 308:             3            328  [Z (java.base@15)
 309:             8            320  java.lang.invoke.DirectMethodHandle$Interface (java.base@15)
 310:             8            320  jdk.internal.loader.NativeLibraries$NativeLibraryImpl (java.base@15)
 311:             8            320  sun.management.MemoryPoolImpl$CollectionSensor (java.management@15)
 312:             8            320  sun.management.MemoryPoolImpl$PoolSensor (java.management@15)
 313:             5            320  sun.nio.cs.SingleByte$Encoder (java.base@15)
 314:             8            320  sun.rmi.transport.tcp.TCPEndpoint (java.rmi@15)
 315:            17            312  [Ljavax.management.MBeanConstructorInfo; (java.management@15)
 316:            13            312  java.util.concurrent.atomic.AtomicLong (java.base@15)
 317:            12            288  com.sun.jmx.remote.util.ClassLogger (java.management@15)
 318:             6            288  java.lang.invoke.BoundMethodHandle$Species_LLLLL (java.base@15)
 319:            12            288  java.net.StandardSocketOptions$StdSocketOption (java.base@15)
 320:             9            288  java.util.Collections$UnmodifiableMap (java.base@15)
 321:             9            288  java.util.Hashtable$Entry (java.base@15)
 322:            18            288  java.util.concurrent.locks.ReentrantLock (java.base@15)
 323:             9            288  java.util.logging.Level (java.logging@15)
 324:             9            288  java.util.logging.Level$KnownLevel (java.logging@15)
 325:             9            288  javax.management.MBeanNotificationInfo (java.management@15)
 326:             9            288  jdk.internal.org.objectweb.asm.Type (java.base@15)
 327:             9            288  sun.util.resources.Bundles$CacheKey (java.base@15)
 328:             1            280  [Ljava.lang.invoke.LambdaForm$Kind; (java.base@15)
 329:             1            280  [Lorg.postgresql.PGProperty;
 330:             7            280  sun.util.locale.provider.LocaleResources$ResourceReference (java.base@15)
 331:            11            264  java.lang.invoke.MethodHandleImpl$Intrinsic (java.base@15)
 332:            11            264  java.security.Permissions (java.base@15)
 333:             8            256  java.lang.invoke.MethodHandleNatives$CallSiteContext (java.base@15)
 334:             8            256  java.lang.reflect.ProxyGenerator$PrimitiveTypeInfo (java.base@15)
 335:            16            256  java.util.Collections$UnmodifiableMap$UnmodifiableEntrySet$UnmodifiableEntry (java.base@15)
 336:            16            256  java.util.concurrent.atomic.AtomicInteger (java.base@15)
 337:             8            256  org.postgresql.core.SqlCommand
 338:             5            240  java.lang.invoke.BoundMethodHandle$Species_LLLL (java.base@15)
 339:             6            240  java.net.Socket (java.base@15)
 340:            10            240  java.nio.charset.CoderResult (java.base@15)
 341:            10            240  java.nio.file.StandardOpenOption (java.base@15)
 342:             5            240  sun.nio.cs.UTF_8$Encoder (java.base@15)
 343:             5            232  [Ljava.lang.invoke.LambdaForm$NamedFunction; (java.base@15)
 344:             4            224  java.nio.HeapCharBuffer (java.base@15)
 345:            14            224  java.util.Collections$SingletonSet (java.base@15)
 346:             7            224  org.postgresql.core.Parser$SqlParseState
 347:             9            216  com.sun.jmx.interceptor.DefaultMBeanServerInterceptor$ListenerWrapper (java.management@15)
 348:             9            216  java.util.ArrayDeque (java.base@15)
 349:             9            216  java.util.LinkedList$Node (java.base@15)
 350:             9            216  org.postgresql.shaded.com.ongres.scram.common.ScramAttributes
 351:             9            216  sun.rmi.runtime.Log$LoggerLog (java.rmi@15)
 352:             9            216  sun.util.logging.PlatformLogger$Level (java.base@15)
 353:             1            208  org.postgresql.core.v3.QueryExecutorImpl
 354:             5            200  java.util.EnumMap (java.base@15)
 355:             5            200  java.util.stream.StreamOpFlag (java.base@15)
 356:             5            200  javax.management.remote.rmi.RMIConnectionImpl$4 (java.management.rmi@15)
 357:             5            200  jdk.internal.ref.Cleaner (java.base@15)
 358:             6            192  com.sun.jmx.mbeanserver.DefaultMXBeanMappingFactory$CollectionMapping (java.management@15)
 359:             6            192  java.io.BufferedOutputStream (java.base@15)
 360:             4            192  java.lang.ThreadGroup (java.base@15)
 361:             6            192  java.lang.invoke.LambdaForm$BasicType (java.base@15)
 362:             8            192  java.math.RoundingMode (java.base@15)
 363:             8            192  java.net.NetPermission (java.base@15)
 364:             3            192  java.nio.DirectByteBufferR (java.base@15)
 365:             6            192  java.time.format.TextStyle (java.base@15)
 366:             8            192  java.util.Collections$SetFromMap (java.base@15)
 367:             6            192  java.util.Collections$SynchronizedMap (java.base@15)
 368:             6            192  java.util.RegularEnumSet (java.base@15)
 369:             4            192  java.util.concurrent.ThreadPoolExecutor$Worker (java.base@15)
 370:             2            192  java.util.jar.JarFile$JarFileEntry (java.base@15)
 371:             4            192  org.postgresql.shaded.com.ongres.scram.common.ScramMechanisms
 372:             6            192  sun.management.NotificationEmitterSupport$ListenerInfo (java.management@15)
 373:             4            192  sun.nio.cs.SingleByte$Decoder (java.base@15)
 374:             4            192  sun.nio.cs.StreamEncoder (java.base@15)
 375:            11            176  java.lang.ThreadLocal (java.base@15)
 376:             1            168  [[Ljava.math.BigInteger; (java.base@15)
 377:             7            168  java.lang.System$Logger$Level (java.base@15)
 378:             3            168  javax.management.openmbean.OpenMBeanOperationInfoSupport (java.management@15)
 379:             3            168  org.postgresql.core.Field
 380:             7            168  org.postgresql.core.SqlCommandType
 381:             7            168  sun.management.counter.Units (java.management@15)
 382:             3            168  sun.rmi.transport.Target (java.rmi@15)
 383:             3            168  sun.rmi.transport.tcp.TCPConnection (java.rmi@15)
 384:             3            160  [Ljava.util.logging.Level; (java.logging@15)
 385:             2            160  [[Ljava.lang.Object; (java.base@15)
 386:             4            160  java.io.BufferedInputStream (java.base@15)
 387:             5            160  java.lang.StringCoding$StringEncoder (java.base@15)
 388:             5            160  java.lang.invoke.MethodHandles$Lookup (java.base@15)
 389:             5            160  java.lang.invoke.VarHandle$AccessType (java.base@15)
 390:             5            160  java.nio.DirectByteBuffer$Deallocator (java.base@15)
 391:             5            160  java.util.ImmutableCollections$MapN (java.base@15)
 392:             5            160  java.util.LinkedList (java.base@15)
 393:             5            160  java.util.Vector (java.base@15)
 394:             2            160  java.util.zip.ZipFile$Source (java.base@15)
 395:             5            160  javax.management.StandardEmitterMBean (java.management@15)
 396:             5            160  sun.util.locale.provider.LocaleProviderAdapter$Type (java.base@15)
 397:             5            160  sun.util.locale.provider.LocaleResources (java.base@15)
 398:             1            144  [Ljava.lang.invoke.VarHandle$AccessMode; (java.base@15)
 399:             6            144  [Ljava.security.ProtectionDomain; (java.base@15)
 400:             6            144  java.lang.NamedPackage (java.base@15)
 401:             6            144  java.lang.Thread$State (java.base@15)
 402:             6            144  java.lang.ThreadLocal$ThreadLocalMap (java.base@15)
 403:             6            144  java.lang.invoke.VarForm (java.base@15)
 404:             9            144  java.rmi.server.Operation (java.rmi@15)
 405:             3            144  java.time.temporal.JulianFields$Field (java.base@15)
 406:             6            144  java.util.BitSet (java.base@15)
 407:             1            144  java.util.Scanner (java.base@15)
 408:             3            144  javax.management.openmbean.TabularType (java.management@15)
 409:             6            144  jdk.internal.perf.PerfCounter (java.base@15)
 410:             6            144  org.postgresql.jdbc.SslMode
 411:             6            144  sun.reflect.annotation.AnnotationInvocationHandler (java.base@15)
 412:             3            144  sun.rmi.transport.tcp.TCPChannel (java.rmi@15)
 413:             6            144  sun.security.util.LazyCodeSourcePermissionCollection (java.base@15)
 414:             1            136  [Ljava.time.temporal.ChronoField; (java.base@15)
 415:             4            128  [Ljava.lang.invoke.LambdaFormEditor$Transform; (java.base@15)
 416:             4            128  com.sun.jmx.mbeanserver.DefaultMXBeanMappingFactory$ArrayMapping (java.management@15)
 417:             4            128  java.lang.StringCoding$StringDecoder (java.base@15)
 418:             4            128  java.lang.invoke.VarHandleInts$FieldInstanceReadWrite (java.base@15)
 419:             2            128  java.net.SocksSocketImpl (java.base@15)
 420:             2            128  java.security.SecureRandom (java.base@15)
 421:             4            128  java.util.stream.FindOps$FindOp (java.base@15)
 422:             2            128  java.util.zip.Inflater (java.base@15)
 423:             4            128  javax.management.remote.NotificationResult (java.management@15)
 424:             2            128  org.postgresql.util.LruCache$LimitedMap
 425:             2            128  sun.nio.fs.WindowsFileAttributes (java.base@15)
 426:             4            128  sun.reflect.generics.reflectiveObjects.TypeVariableImpl (java.base@15)
 427:             4            128  sun.reflect.generics.repository.ClassRepository (java.base@15)
 428:             2            128  sun.security.provider.SHA2$SHA256 (java.base@15)
 429:             3            120  [Ljava.lang.invoke.LambdaForm$BasicType; (java.base@15)
 430:             5            120  java.lang.StringCoding$Result (java.base@15)
 431:             5            120  java.lang.module.ModuleDescriptor$Opens (java.base@15)
 432:             3            120  java.lang.reflect.ProxyGenerator$ProxyMethod (java.base@15)
 433:             5            120  java.net.Socket$SocketInputStream (java.base@15)
 434:             5            120  java.time.format.SignStyle (java.base@15)
 435:             5            120  java.util.stream.StreamOpFlag$Type (java.base@15)
 436:             5            120  jdk.internal.math.FloatingDecimal$PreparedASCIIToBinaryBuffer (java.base@15)
 437:             5            120  jdk.net.ExtendedSocketOptions$ExtSocketOption (jdk.net@15)
 438:             1            120  org.postgresql.jdbc.PgConnection
 439:             5            120  sun.nio.ch.Util$BufferCache (java.base@15)
 440:             5            120  sun.nio.fs.WindowsPathType (java.base@15)
 441:             3            120  sun.rmi.transport.WeakRef (java.rmi@15)
 442:             3            120  sun.rmi.transport.tcp.TCPTransport$ConnectionHandler (java.rmi@15)
 443:             4            112  [Ljava.rmi.server.Operation; (java.rmi@15)
 444:             1            112  [Ljava.time.LocalTime; (java.base@15)
 445:             2            112  [Ljavax.management.openmbean.OpenType; (java.management@15)
 446:             2            112  java.io.FileCleanable (java.base@15)
 447:             2            112  java.net.SocketPermission (java.base@15)
 448:             2            112  java.nio.DirectIntBufferRU (java.base@15)
 449:             7            112  java.security.SecureClassLoader$CodeSourceKey (java.base@15)
 450:             1            112  java.util.GregorianCalendar (java.base@15)
 451:             2            112  java.util.jar.JarFile (java.base@15)
 452:             1            112  jdk.internal.loader.ClassLoaders$AppClassLoader (java.base@15)
 453:             2            104  [Lsun.util.logging.PlatformLogger$Level; (java.base@15)
 454:             1            104  com.sun.crypto.provider.SunJCE (java.base@15)
 455:             1            104  jdk.internal.loader.ClassLoaders$BootClassLoader (java.base@15)
 456:             1            104  jdk.internal.loader.ClassLoaders$PlatformClassLoader (java.base@15)
 457:             1            104  sun.security.ec.SunEC (jdk.crypto.ec@15)
 458:             1            104  sun.security.jca.ProviderList$1 (java.base@15)
 459:             1            104  sun.security.provider.Sun (java.base@15)
 460:             1            104  sun.security.rsa.SunRsaSign (java.base@15)
 461:             1            104  sun.security.ssl.SunJSSE (java.base@15)
 462:             2             96  [Ljava.lang.System$Logger$Level; (java.base@15)
 463:             2             96  [Ljava.lang.management.MemoryUsage; (java.management@15)
 464:             2             96  [Lorg.postgresql.core.Parser$SqlParseState;
 465:             4             96  [Lsun.reflect.generics.tree.ClassTypeSignature; (java.base@15)
 466:             1             96  [Lsun.util.locale.BaseLocale; (java.base@15)
 467:             3             96  com.sun.jmx.mbeanserver.DefaultMXBeanMappingFactory$EnumMapping (java.management@15)
 468:             2             96  com.sun.management.internal.GarbageCollectorExtImpl (jdk.management@15)
 469:             6             96  com.sun.proxy.$Proxy1
 470:             3             96  java.io.File (java.base@15)
 471:             4             96  java.io.OutputStreamWriter (java.base@15)
 472:             3             96  java.lang.Runtime$Version (java.base@15)
 473:             3             96  java.lang.invoke.SimpleMethodHandle (java.base@15)
 474:             4             96  java.lang.module.ModuleDescriptor$Modifier (java.base@15)
 475:             4             96  java.lang.module.ModuleDescriptor$Requires$Modifier (java.base@15)
 476:             4             96  java.net.Socket$SocketOutputStream (java.base@15)
 477:             4             96  java.security.BasicPermissionCollection (java.base@15)
 478:             4             96  java.sql.SQLPermission (java.sql@15)
 479:             4             96  java.time.OffsetDateTime (java.base@15)
 480:             4             96  java.time.format.DateTimeFormatterBuilder$OffsetIdPrinterParser (java.base@15)
 481:             4             96  java.time.format.DateTimeFormatterBuilder$SettingsParser (java.base@15)
 482:             4             96  java.util.regex.Pattern$CharPropertyGreedy (java.base@15)
 483:             4             96  java.util.regex.Pattern$Qtype (java.base@15)
 484:             4             96  java.util.regex.Pattern$Start (java.base@15)
 485:             4             96  java.util.stream.StreamShape (java.base@15)
 486:             3             96  javax.management.MBeanConstructorInfo (java.management@15)
 487:             2             96  javax.management.Notification (java.management@15)
 488:             4             96  javax.management.openmbean.TabularDataSupport (java.management@15)
 489:             1             96  jdk.internal.jimage.ImageReader$SharedImageReader (java.base@15)
 490:             4             96  jdk.internal.loader.AbstractClassLoaderValue$Sub (java.base@15)
 491:             6             96  jdk.internal.loader.ClassLoaderValue (java.base@15)
 492:             2             96  jdk.internal.loader.URLClassPath$JarLoader (java.base@15)
 493:             4             96  jdk.internal.logger.BootstrapLogger$LoggingBackend (java.base@15)
 494:             3             96  org.postgresql.core.CachedQuery
 495:             4             96  org.postgresql.core.JavaVersion
 496:             4             96  org.postgresql.hostchooser.HostStatus
 497:             4             96  org.postgresql.jdbc.PreferQueryMode
 498:             4             96  org.postgresql.jdbc.StatementCancelState
 499:             4             96  org.postgresql.shaded.com.ongres.scram.common.gssapi.Gs2Attributes
 500:             2             96  org.postgresql.util.LruCache
 501:             3             96  sun.net.spi.DefaultProxySelector$NonProxyInfo (java.base@15)
 502:             6             96  sun.nio.ch.NioSocketImpl$$Lambda$21/0x0000000800b61e78 (java.base@15)
 503:             2             96  sun.nio.cs.StreamDecoder (java.base@15)
 504:             4             96  sun.reflect.generics.tree.ClassSignature (java.base@15)
 505:             4             96  sun.reflect.generics.tree.FormalTypeParameter (java.base@15)
 506:             3             96  sun.rmi.transport.LiveRef (java.rmi@15)
 507:             2             96  sun.security.provider.MoreDrbgParameters (java.base@15)
 508:             1             96  sun.util.calendar.Gregorian$Date (java.base@15)
 509:             2             88  [Lsun.security.jca.ProviderConfig; (java.base@15)
 510:             1             88  com.sun.jmx.remote.util.ClassLoaderWithRepository (java.management@15)
 511:             1             88  javax.management.remote.rmi.RMIConnectionImpl$CombinedClassLoader (java.management.rmi@15)
 512:             1             88  sun.reflect.misc.MethodUtil (java.base@15)
 513:             2             80  [F (java.base@15)
 514:             1             80  [Ljava.time.temporal.ChronoUnit; (java.base@15)
 515:             1             80  [Ljava.util.concurrent.RunnableScheduledFuture; (java.base@15)
 516:             2             80  [Ljava.util.stream.StreamOpFlag$Type; (java.base@15)
 517:             2             80  [Lorg.postgresql.hostchooser.HostRequirement;
 518:             2             80  [Lorg.postgresql.jdbc.SslMode;
 519:             2             80  com.sun.jmx.mbeanserver.DefaultMXBeanMappingFactory$TabularMapping (java.management@15)
 520:             2             80  java.io.BufferedWriter (java.base@15)
 521:             2             80  java.io.PrintStream (java.base@15)
 522:             2             80  java.lang.ModuleLayer (java.base@15)
 523:             2             80  java.lang.VirtualMachineError (java.base@15)
 524:             2             80  java.lang.WeakPairMap$Pair$Weak (java.base@15)
 525:             2             80  java.lang.module.Configuration (java.base@15)
 526:             2             80  java.util.Collections$SingletonMap (java.base@15)
 527:             2             80  java.util.HashMap$EntryIterator (java.base@15)
 528:             5             80  java.util.IdentityHashMap$KeySet (java.base@15)
 529:             2             80  java.util.Locale$Category (java.base@15)
 530:             1             80  javax.management.remote.rmi.RMIConnectionImpl$CombinedClassLoader$ClassLoaderWrapper (java.management.rmi@15)
 531:             2             80  jdk.internal.math.FloatingDecimal$BinaryToASCIIBuffer (java.base@15)
 532:             1             80  org.postgresql.core.PGStream
 533:             1             80  org.postgresql.jdbc.TypeInfoCache
 534:             2             80  sun.management.MemoryManagerImpl (java.management@15)
 535:             5             80  sun.nio.ch.NioSocketImpl$1 (java.base@15)
 536:             2             80  sun.nio.cs.UTF_8$Decoder (java.base@15)
 537:             2             80  sun.rmi.server.UnicastServerRef2 (java.rmi@15)
 538:             1             80  sun.util.cldr.CLDRLocaleProviderAdapter (java.base@15)
 539:             1             80  sun.util.locale.provider.JRELocaleProviderAdapter (java.base@15)
 540:             3             72  [Ljava.lang.reflect.TypeVariable; (java.base@15)
 541:             1             72  [Ljavax.management.openmbean.SimpleType; (java.management@15)
 542:             1             72  [Lorg.postgresql.core.ServerVersion;
 543:             3             72  java.io.ObjectInputFilter$Status (java.base@15)
 544:             3             72  java.lang.StackWalker$Option (java.base@15)
 545:             3             72  java.lang.WeakPairMap (java.base@15)
 546:             3             72  java.lang.annotation.RetentionPolicy (java.base@15)
 547:             3             72  java.net.Proxy$Type (java.base@15)
 548:             3             72  java.nio.file.AccessMode (java.base@15)
 549:             3             72  java.rmi.dgc.VMID (java.rmi@15)
 550:             3             72  java.security.DrbgParameters$Capability (java.base@15)
 551:             3             72  java.security.SecurityPermission (java.base@15)
 552:             3             72  java.time.Instant (java.base@15)
 553:             3             72  java.time.format.ResolverStyle (java.base@15)
 554:             3             72  java.util.concurrent.ConcurrentHashMap$KeySetView (java.base@15)
 555:             1             72  java.util.concurrent.ScheduledThreadPoolExecutor (java.base@15)
 556:             1             72  java.util.concurrent.ScheduledThreadPoolExecutor$ScheduledFutureTask (java.base@15)
 557:             1             72  java.util.concurrent.ThreadPoolExecutor (java.base@15)
 558:             3             72  java.util.concurrent.locks.AbstractQueuedSynchronizer$ConditionObject (java.base@15)
 559:             1             72  java.util.regex.Matcher (java.base@15)
 560:             3             72  java.util.stream.Collector$Characteristics (java.base@15)
 561:             3             72  javax.management.NotificationBroadcasterSupport$ListenerInfo (java.management@15)
 562:             3             72  jdk.internal.math.FloatingDecimal$ExceptionalBinaryToASCIIBuffer (java.base@15)
 563:             3             72  jdk.internal.module.IllegalAccessLogger$Mode (java.base@15)
 564:             3             72  jdk.jfr.internal.SecuritySupport$SafePath (jdk.jfr@15)
 565:             3             72  org.postgresql.core.TransactionState
 566:             3             72  org.postgresql.jdbc.AutoSave
 567:             3             72  org.postgresql.jdbc.EscapeSyntaxCallMode
 568:             3             72  org.postgresql.jdbc.PgConnection$ReadOnlyBehavior
 569:             3             72  org.postgresql.shaded.com.ongres.scram.client.ScramClient$ChannelBinding
 570:             3             72  org.postgresql.shaded.com.ongres.scram.common.gssapi.Gs2CbindFlag
 571:             3             72  sun.management.ManagementFactoryHelper$1 (java.management@15)
 572:             3             72  sun.reflect.generics.scope.ClassScope (java.base@15)
 573:             2             64  [Ljava.lang.StackWalker$Option; (java.base@15)
 574:             2             64  [Ljava.lang.annotation.RetentionPolicy; (java.base@15)
 575:             1             64  [Ljava.lang.invoke.MethodHandleImpl$Intrinsic; (java.base@15)
 576:             2             64  [Ljava.nio.charset.CoderResult; (java.base@15)
 577:             2             64  [Ljava.util.stream.Collector$Characteristics; (java.base@15)
 578:             4             64  [Ljavax.management.remote.TargetedNotification; (java.management@15)
 579:             1             64  [Ljdk.jfr.internal.LogTag; (jdk.jfr@15)
 580:             2             64  [Lorg.postgresql.jdbc.AutoSave;
 581:             2             64  [Lorg.postgresql.jdbc.PgConnection$ReadOnlyBehavior;
 582:             1             64  com.sun.jmx.remote.internal.ArrayNotificationBuffer (java.management@15)
 583:             2             64  com.sun.management.internal.GcInfoCompositeData (jdk.management@15)
 584:             2             64  java.io.FileOutputStream (java.base@15)
 585:             2             64  java.io.RandomAccessFile (java.base@15)
 586:             2             64  java.lang.ClassValue$Entry (java.base@15)
 587:             2             64  java.lang.StackWalker (java.base@15)
 588:             2             64  java.lang.WeakPairMap$Pair$Weak$1 (java.base@15)
 589:             2             64  java.lang.ref.ReferenceQueue$Null (java.base@15)
 590:             2             64  java.security.MessageDigest$Delegate$CloneableDelegate (java.base@15)
 591:             2             64  java.time.format.DateTimeFormatterBuilder$TextPrinterParser (java.base@15)
 592:             2             64  java.time.temporal.IsoFields$Unit (java.base@15)
 593:             4             64  java.util.LinkedHashMap$LinkedValues (java.base@15)
 594:             2             64  java.util.PropertyPermission (java.base@15)
 595:             4             64  java.util.concurrent.ConcurrentHashMap$EntrySetView (java.base@15)
 596:             4             64  java.util.concurrent.ConcurrentHashMap$ValuesView (java.base@15)
 597:             2             64  java.util.concurrent.atomic.AtomicReferenceFieldUpdater$AtomicReferenceFieldUpdaterImpl (java.base@15)
 598:             2             64  java.util.concurrent.locks.AbstractQueuedSynchronizer$ConditionNode (java.base@15)
 599:             1             64  java.util.logging.LogManager$RootLogger (java.logging@15)
 600:             2             64  java.util.regex.Pattern$Branch (java.base@15)
 601:             2             64  java.util.zip.ZipFile$CleanableResource (java.base@15)
 602:             1             64  javax.management.remote.rmi.RMIConnectionImpl (java.management.rmi@15)
 603:             1             64  javax.management.remote.rmi.RMIConnectorServer (java.management.rmi@15)
 604:             1             64  javax.management.remote.rmi.RMIJRMPServerImpl (java.management.rmi@15)
 605:             2             64  jdk.internal.reflect.UnsafeQualifiedObjectFieldAccessorImpl (java.base@15)
 606:             4             64  sun.nio.ch.NioSocketImpl$2 (java.base@15)
 607:             2             64  sun.nio.fs.NativeBuffer (java.base@15)
 608:             2             64  sun.reflect.annotation.AnnotationType (java.base@15)
 609:             2             64  sun.rmi.transport.tcp.TCPTransport (java.rmi@15)
 610:             1             56  [Ljava.lang.Runnable; (java.base@15)
 611:             1             56  [Ljava.nio.file.StandardOpenOption; (java.base@15)
 612:             1             56  [Lorg.postgresql.shaded.com.ongres.scram.common.ScramAttributes;
 613:             1             56  [[I (java.base@15)
 614:             1             56  com.sun.jmx.remote.internal.ServerNotifForwarder (java.management@15)
 615:             1             56  com.sun.management.GcInfo (jdk.management@15)
 616:             1             56  java.io.ObjectInputFilter$Config$Global (java.base@15)
 617:             1             56  java.lang.invoke.BoundMethodHandle$Specializer (java.base@15)
 618:             1             56  java.util.ServiceLoader (java.base@15)
 619:             1             56  java.util.logging.LogManager (java.logging@15)
 620:             1             56  jdk.internal.org.objectweb.asm.Label (java.base@15)
 621:             1             56  jdk.internal.ref.CleanerImpl$SoftCleanableRef (java.base@15)
 622:             3             48  [Ljava.lang.StackTraceElement; (java.base@15)
 623:             3             48  [Ljava.lang.annotation.Annotation; (java.base@15)
 624:             1             48  [Ljava.lang.management.MemoryPoolMXBean; (java.management@15)
 625:             1             48  [Ljava.math.RoundingMode; (java.base@15)
 626:             1             48  [Ljava.util.concurrent.TimeUnit; (java.base@15)
 627:             2             48  [Ljava.util.regex.Pattern$Node; (java.base@15)
 628:             1             48  [Lorg.postgresql.core.SqlCommandType;
 629:             1             48  [Lsun.management.counter.Units; (java.management@15)
 630:             2             48  com.sun.jmx.mbeanserver.ClassLoaderRepositorySupport$LoaderEntry (java.management@15)
 631:             1             48  com.sun.jmx.mbeanserver.DefaultMXBeanMappingFactory$Mappings (java.management@15)
 632:             1             48  com.sun.jmx.mbeanserver.MBeanIntrospector$MBeanInfoMap (java.management@15)
 633:             1             48  com.sun.jmx.mbeanserver.MBeanIntrospector$PerInterfaceMap (java.management@15)
 634:             2             48  com.sun.jmx.mbeanserver.WeakIdentityHashMap (java.management@15)
 635:             2             48  com.sun.jmx.remote.internal.ArrayNotificationBuffer$NamedNotification (java.management@15)
 636:             2             48  com.sun.jmx.remote.internal.ServerNotifForwarder$IdAndFilter (java.management@15)
 637:             2             48  com.sun.management.internal.GarbageCollectionNotifInfoCompositeData (jdk.management@15)
 638:             1             48  com.sun.management.internal.GcInfoBuilder (jdk.management@15)
 639:             1             48  java.io.BufferedReader (java.base@15)
 640:             2             48  java.io.File$PathStatus (java.base@15)
 641:             2             48  java.io.InputStreamReader (java.base@15)
 642:             1             48  java.lang.NullPointerException (java.base@15)
 643:             1             48  java.lang.invoke.BoundMethodHandle$Specializer$Factory (java.base@15)
 644:             2             48  java.lang.invoke.MethodHandles$Lookup$ClassOption (java.base@15)
 645:             2             48  java.lang.management.MemoryType (java.management@15)
 646:             2             48  java.lang.reflect.ReflectPermission (java.base@15)
 647:             2             48  java.net.StandardProtocolFamily (java.base@15)
 648:             3             48  java.nio.charset.CodingErrorAction (java.base@15)
 649:             2             48  java.rmi.dgc.Lease (java.rmi@15)
 650:             2             48  java.time.chrono.IsoEra (java.base@15)
 651:             2             48  java.time.format.DateTimeFormatterBuilder$1 (java.base@15)
 652:             2             48  java.time.format.DateTimeFormatterBuilder$ZoneIdPrinterParser (java.base@15)
 653:             2             48  java.time.format.DateTimeTextProvider$LocaleStore (java.base@15)
 654:             2             48  java.util.Collections$UnmodifiableMap$UnmodifiableEntrySet$1 (java.base@15)
 655:             3             48  java.util.LinkedHashMap$LinkedKeySet (java.base@15)
 656:             3             48  java.util.Optional (java.base@15)
 657:             3             48  java.util.ResourceBundle$NoFallbackControl (java.base@15)
 658:             3             48  java.util.WeakHashMap$KeySet (java.base@15)
 659:             1             48  java.util.concurrent.ConcurrentSkipListMap (java.base@15)
 660:             1             48  java.util.concurrent.locks.ReentrantReadWriteLock$FairSync (java.base@15)
 661:             2             48  java.util.jar.Manifest (java.base@15)
 662:             2             48  java.util.logging.Logger$LoggerBundle (java.logging@15)
 663:             2             48  java.util.logging.LoggingPermission (java.logging@15)
 664:             2             48  java.util.regex.Pattern$BmpCharPredicate$$Lambda$76/0x0000000800ba8740 (java.base@15)
 665:             2             48  java.util.zip.Inflater$InflaterZStreamRef (java.base@15)
 666:             2             48  java.util.zip.ZipFile$Source$Key (java.base@15)
 667:             2             48  javax.management.NotificationBroadcasterSupport (java.management@15)
 668:             1             48  javax.management.remote.rmi.RMIConnectionImpl$RMIServerCommunicatorAdmin (java.management.rmi@15)
 669:             1             48  jdk.internal.jimage.ImageHeader (java.base@15)
 670:             2             48  jdk.internal.misc.Signal (java.base@15)
 671:             2             48  jdk.internal.misc.Signal$NativeHandler (java.base@15)
 672:             3             48  jdk.internal.module.ServicesCatalog (java.base@15)
 673:             1             48  jdk.internal.ref.CleanerImpl$WeakCleanableRef (java.base@15)
 674:             1             48  jdk.management.jfr.FlightRecorderMXBeanImpl (jdk.management.jfr@15)
 675:             1             48  org.postgresql.jdbc.TimestampUtils
 676:             2             48  sun.nio.fs.NativeBuffer$Deallocator (java.base@15)
 677:             1             48  sun.rmi.runtime.Log$InternalStreamHandler (java.rmi@15)
 678:             3             48  sun.rmi.transport.tcp.TCPTransport$ConnectionHandler$$Lambda$120/0x0000000800c2de98 (java.rmi@15)
 679:             2             48  sun.security.jca.ProviderList (java.base@15)
 680:             2             48  sun.security.jca.ProviderList$3 (java.base@15)
 681:             2             48  sun.security.provider.DRBG (java.base@15)
 682:             2             48  sun.util.locale.provider.LocaleServiceProviderPool (java.base@15)
 683:             1             48  sun.util.resources.TimeZoneNames (java.base@15)
 684:             1             48  sun.util.resources.TimeZoneNames_en (java.base@15)
 685:             1             48  sun.util.resources.cldr.TimeZoneNames (java.base@15)
 686:             1             48  sun.util.resources.cldr.TimeZoneNames_en (java.base@15)
 687:             2             40  [Lcom.sun.jmx.mbeanserver.ClassLoaderRepositorySupport$LoaderEntry; (java.management@15)
 688:             1             40  [Ljava.lang.Thread$State; (java.base@15)
 689:             1             40  [Ljava.lang.invoke.VarHandle$AccessType; (java.base@15)
 690:             2             40  [Ljava.net.URL; (java.base@15)
 691:             1             40  [Ljava.time.format.SignStyle; (java.base@15)
 692:             1             40  [Ljava.time.format.TextStyle; (java.base@15)
 693:             1             40  [Ljava.util.stream.StreamOpFlag; (java.base@15)
 694:             1             40  [Lsun.nio.fs.WindowsPathType; (java.base@15)
 695:             1             40  [Lsun.util.locale.provider.LocaleProviderAdapter$Type; (java.base@15)
 696:             1             40  [[Ljava.lang.invoke.LambdaForm$Name; (java.base@15)
 697:             1             40  com.sun.jmx.interceptor.DefaultMBeanServerInterceptor (java.management@15)
 698:             1             40  com.sun.jmx.mbeanserver.JmxMBeanServer (java.management@15)
 699:             1             40  com.sun.jmx.mbeanserver.MBeanServerDelegateImpl (java.management@15)
 700:             1             40  com.sun.management.internal.DiagnosticCommandImpl (jdk.management@15)
 701:             1             40  java.io.FilePermission (java.base@15)
 702:             1             40  java.lang.ArithmeticException (java.base@15)
 703:             1             40  java.lang.Exception (java.base@15)
 704:             1             40  java.lang.invoke.MethodHandleImpl$IntrinsicMethodHandle (java.base@15)
 705:             1             40  java.lang.ref.Finalizer (java.base@15)
 706:             1             40  java.time.format.DateTimeFormatterBuilder (java.base@15)
 707:             1             40  java.time.format.DateTimeFormatterBuilder$FractionPrinterParser (java.base@15)
 708:             1             40  java.time.zone.ZoneRules (java.base@15)
 709:             1             40  java.util.ResourceBundle$2 (java.base@15)
 710:             1             40  java.util.ServiceLoader$LazyClassPathLookupIterator (java.base@15)
 711:             1             40  javax.crypto.CryptoAllPermission (java.base@15)
 712:             1             40  jdk.internal.loader.URLClassPath (java.base@15)
 713:             1             40  jdk.internal.ref.CleanerImpl$CleanerCleanable (java.base@15)
 714:             1             40  org.postgresql.core.v3.SimpleParameterList
 715:             1             40  org.postgresql.jdbc.PgResultSet$1
 716:             1             40  sun.management.MappedMXBeanType$CompositeDataMXBeanType (java.management@15)
 717:             1             40  sun.management.MappedMXBeanType$MapMXBeanType (java.management@15)
 718:             1             40  sun.nio.cs.StandardCharsets$Aliases (java.base@15)
 719:             1             40  sun.nio.cs.StandardCharsets$Cache (java.base@15)
 720:             1             40  sun.nio.cs.StandardCharsets$Classes (java.base@15)
 721:             1             40  sun.nio.cs.US_ASCII$Decoder (java.base@15)
 722:             1             40  sun.rmi.server.UnicastServerRef (java.rmi@15)
 723:             1             40  sun.text.resources.cldr.FormatData (java.base@15)
 724:             1             40  sun.text.resources.cldr.ext.FormatData_ru (jdk.localedata@15)
 725:             1             40  sun.util.locale.InternalLocaleBuilder (java.base@15)
 726:             1             40  sun.util.resources.Bundles$1 (java.base@15)
 727:             1             40  sun.util.resources.cldr.CalendarData (java.base@15)
 728:             1             32  [Ljava.io.ObjectInputFilter$Status; (java.base@15)
 729:             1             32  [Ljava.lang.OutOfMemoryError; (java.base@15)
 730:             1             32  [Ljava.lang.ThreadGroup; (java.base@15)
 731:             1             32  [Ljava.lang.management.MemoryManagerMXBean; (java.management@15)
 732:             1             32  [Ljava.lang.module.ModuleDescriptor$Modifier; (java.base@15)
 733:             1             32  [Ljava.lang.module.ModuleDescriptor$Requires$Modifier; (java.base@15)
 734:             1             32  [Ljava.net.Proxy$Type; (java.base@15)
 735:             1             32  [Ljava.nio.file.AccessMode; (java.base@15)
 736:             1             32  [Ljava.security.DrbgParameters$Capability; (java.base@15)
 737:             1             32  [Ljava.time.format.DateTimeFormatterBuilder$SettingsParser; (java.base@15)
 738:             1             32  [Ljava.time.format.ResolverStyle; (java.base@15)
 739:             1             32  [Ljava.time.temporal.IsoFields$Field; (java.base@15)
 740:             1             32  [Ljava.time.temporal.JulianFields$Field; (java.base@15)
 741:             2             32  [Ljava.util.regex.IntHashSet; (java.base@15)
 742:             1             32  [Ljava.util.regex.Pattern$Qtype; (java.base@15)
 743:             1             32  [Ljava.util.stream.StreamShape; (java.base@15)
 744:             1             32  [Ljdk.internal.logger.BootstrapLogger$LoggingBackend; (java.base@15)
 745:             1             32  [Ljdk.internal.module.IllegalAccessLogger$Mode; (java.base@15)
 746:             1             32  [Lorg.postgresql.core.Field;
 747:             1             32  [Lorg.postgresql.core.JavaVersion;
 748:             1             32  [Lorg.postgresql.core.TransactionState;
 749:             1             32  [Lorg.postgresql.hostchooser.HostStatus;
 750:             1             32  [Lorg.postgresql.jdbc.EscapeSyntaxCallMode;
 751:             1             32  [Lorg.postgresql.jdbc.PreferQueryMode;
 752:             1             32  [Lorg.postgresql.jdbc.StatementCancelState;
 753:             1             32  [Lorg.postgresql.shaded.com.ongres.scram.client.ScramClient$ChannelBinding;
 754:             1             32  [Lorg.postgresql.shaded.com.ongres.scram.common.ScramMechanisms;
 755:             1             32  [Lorg.postgresql.shaded.com.ongres.scram.common.gssapi.Gs2Attributes;
 756:             1             32  [Lorg.postgresql.shaded.com.ongres.scram.common.gssapi.Gs2CbindFlag;
 757:             1             32  [Lsun.nio.fs.NativeBuffer; (java.base@15)
 758:             2             32  com.sun.jmx.mbeanserver.GetPropertyAction (java.management@15)
 759:             1             32  com.sun.jmx.mbeanserver.Repository (java.management@15)
 760:             1             32  com.sun.jmx.remote.internal.ArrayQueue (java.management@15)
 761:             1             32  com.sun.management.GarbageCollectionNotificationInfo (jdk.management@15)
 762:             1             32  java.io.FileInputStream (java.base@15)
 763:             1             32  java.io.WinNTFileSystem (java.base@15)
 764:             2             32  java.lang.Boolean (java.base@15)
 765:             2             32  java.lang.InheritableThreadLocal (java.base@15)
 766:             2             32  java.lang.Shutdown$Lock (java.base@15)
 767:             1             32  java.lang.invoke.VarHandleLongs$FieldInstanceReadWrite (java.base@15)
 768:             1             32  java.lang.module.ModuleDescriptor$Version (java.base@15)
 769:             2             32  java.nio.ByteOrder (java.base@15)
 770:             2             32  java.security.AllPermissionCollection (java.base@15)
 771:             2             32  java.time.format.DateTimeFormatterBuilder$StringLiteralPrinterParser (java.base@15)
 772:             1             32  java.util.ArrayList$Itr (java.base@15)
 773:             2             32  java.util.Collections$UnmodifiableMap$UnmodifiableEntrySet (java.base@15)
 774:             2             32  java.util.LinkedHashMap$LinkedEntrySet (java.base@15)
 775:             2             32  java.util.ResourceBundle$SingleFormatControl (java.base@15)
 776:             1             32  java.util.ServiceLoader$ModuleServicesLookupIterator (java.base@15)
 777:             2             32  java.util.TreeSet (java.base@15)
 778:             1             32  java.util.concurrent.ConcurrentHashMap$ForwardingNode (java.base@15)
 779:             1             32  java.util.concurrent.ScheduledThreadPoolExecutor$DelayedWorkQueue (java.base@15)
 780:             1             32  java.util.concurrent.SynchronousQueue (java.base@15)
 781:             1             32  java.util.concurrent.SynchronousQueue$TransferStack$SNode (java.base@15)
 782:             1             32  java.util.concurrent.ThreadLocalRandom (java.base@15)
 783:             1             32  java.util.concurrent.atomic.LongAdder (java.base@15)
 784:             2             32  java.util.jar.Attributes (java.base@15)
 785:             1             32  java.util.logging.LogManager$SystemLoggerContext (java.logging@15)
 786:             2             32  java.util.regex.Pattern$$Lambda$72/0x0000000800b9c7d8 (java.base@15)
 787:             2             32  java.util.regex.Pattern$BranchConn (java.base@15)
 788:             1             32  java.util.zip.ZipCoder$UTF8ZipCoder (java.base@15)
 789:             2             32  javax.management.NotificationFilterSupport (java.management@15)
 790:             1             32  javax.management.remote.JMXServiceURL (java.management@15)
 791:             1             32  jdk.internal.module.IllegalAccessLogger (java.base@15)
 792:             2             32  jdk.internal.module.ModuleResolution (java.base@15)
 793:             1             32  jdk.internal.ref.CleanerImpl (java.base@15)
 794:             1             32  jdk.management.jfr.FlightRecorderMXBeanImpl$MXBeanListener (jdk.management.jfr@15)
 795:             1             32  jdk.net.ExtendedSocketOptions$1 (jdk.net@15)
 796:             1             32  org.postgresql.core.ByteOptimizedUTF8Encoder
 797:             1             32  org.postgresql.core.CommandCompleteParser
 798:             1             32  org.postgresql.core.PGStream$1
 799:             1             32  org.postgresql.core.QueryWithReturningColumnsKey
 800:             1             32  org.postgresql.core.VisibleBufferedInputStream
 801:             1             32  org.postgresql.core.v3.Portal
 802:             1             32  org.postgresql.hostchooser.GlobalHostStatusTracker$HostSpecStatus
 803:             2             32  ru.job4j.tracker.ConsoleOutput
 804:             1             32  sun.instrument.InstrumentationImpl (java.instrument@15)
 805:             1             32  sun.management.MappedMXBeanType$InProgress (java.management@15)
 806:             1             32  sun.management.jmxremote.LocalRMIServerSocketFactory$1 (jdk.management.agent@15)
 807:             2             32  sun.rmi.server.UnicastRef2 (java.rmi@15)
 808:             2             32  sun.rmi.server.WeakClassHashMap$ValueCell (java.rmi@15)
 809:             1             32  sun.rmi.transport.DGCImpl$LeaseInfo (java.rmi@15)
 810:             1             32  sun.rmi.transport.tcp.TCPTransport$AcceptLoop (java.rmi@15)
 811:             1             32  sun.security.util.KnownOIDs$1 (java.base@15)
 812:             1             32  sun.security.util.KnownOIDs$10 (java.base@15)
 813:             1             32  sun.security.util.KnownOIDs$2 (java.base@15)
 814:             1             32  sun.security.util.KnownOIDs$3 (java.base@15)
 815:             1             32  sun.security.util.KnownOIDs$4 (java.base@15)
 816:             1             32  sun.security.util.KnownOIDs$5 (java.base@15)
 817:             1             32  sun.security.util.KnownOIDs$6 (java.base@15)
 818:             1             32  sun.security.util.KnownOIDs$7 (java.base@15)
 819:             1             32  sun.security.util.KnownOIDs$8 (java.base@15)
 820:             1             32  sun.security.util.KnownOIDs$9 (java.base@15)
 821:             2             32  sun.util.resources.LocaleData (java.base@15)
 822:             1             24  [Ljava.io.File$PathStatus; (java.base@15)
 823:             1             24  [Ljava.lang.ClassValue$Entry; (java.base@15)
 824:             1             24  [Ljava.lang.invoke.MethodHandles$Lookup$ClassOption; (java.base@15)
 825:             1             24  [Ljava.lang.management.MemoryType; (java.management@15)
 826:             1             24  [Ljava.net.InetSocketAddress; (java.base@15)
 827:             1             24  [Ljava.net.StandardProtocolFamily; (java.base@15)
 828:             1             24  [Ljava.security.Permission; (java.base@15)
 829:             1             24  [Ljava.time.chrono.IsoEra; (java.base@15)
 830:             1             24  [Ljava.time.temporal.IsoFields$Unit; (java.base@15)
 831:             1             24  [Ljava.util.Locale$Category; (java.base@15)
 832:             1             24  [Ljava.util.jar.Manifest; (java.base@15)
 833:             1             24  [Lorg.postgresql.shaded.com.ongres.scram.common.stringprep.StringPreparations;
 834:             1             24  com.sun.jmx.mbeanserver.ClassLoaderRepositorySupport (java.management@15)
 835:             1             24  com.sun.jmx.mbeanserver.MXBeanLookup (java.management@15)
 836:             1             24  com.sun.jmx.remote.internal.ArrayNotificationBuffer$ShareBuffer (java.management@15)
 837:             1             24  com.sun.management.internal.HotSpotThreadImpl (jdk.management@15)
 838:             1             24  com.sun.management.internal.OperatingSystemImpl (jdk.management@15)
 839:             1             24  com.sun.management.internal.PlatformMBeanProviderImpl$1 (jdk.management@15)
 840:             1             24  com.sun.management.internal.PlatformMBeanProviderImpl$2 (jdk.management@15)
 841:             1             24  com.sun.management.internal.PlatformMBeanProviderImpl$3 (jdk.management@15)
 842:             1             24  com.sun.management.internal.PlatformMBeanProviderImpl$4 (jdk.management@15)
 843:             1             24  com.sun.management.internal.PlatformMBeanProviderImpl$5 (jdk.management@15)
 844:             1             24  java.lang.ClassValue$Version (java.base@15)
 845:             1             24  java.lang.Double (java.base@15)
 846:             1             24  java.lang.invoke.MethodType$ConcurrentWeakInternSet (java.base@15)
 847:             1             24  java.lang.invoke.VarHandles$1 (java.base@15)
 848:             1             24  java.lang.management.DefaultPlatformMBeanProvider$1 (java.management@15)
 849:             1             24  java.lang.management.DefaultPlatformMBeanProvider$10 (java.management@15)
 850:             1             24  java.lang.management.DefaultPlatformMBeanProvider$11 (java.management@15)
 851:             1             24  java.lang.management.DefaultPlatformMBeanProvider$2 (java.management@15)
 852:             1             24  java.lang.management.DefaultPlatformMBeanProvider$3 (java.management@15)
 853:             1             24  java.lang.management.DefaultPlatformMBeanProvider$4 (java.management@15)
 854:             1             24  java.lang.management.DefaultPlatformMBeanProvider$5 (java.management@15)
 855:             1             24  java.lang.management.DefaultPlatformMBeanProvider$6 (java.management@15)
 856:             1             24  java.lang.management.DefaultPlatformMBeanProvider$7 (java.management@15)
 857:             1             24  java.lang.management.DefaultPlatformMBeanProvider$8 (java.management@15)
 858:             1             24  java.lang.management.DefaultPlatformMBeanProvider$9 (java.management@15)
 859:             1             24  java.net.Inet6AddressImpl (java.base@15)
 860:             1             24  java.net.Proxy (java.base@15)
 861:             1             24  java.net.SocketPermissionCollection (java.base@15)
 862:             1             24  java.sql.DriverInfo (java.sql@15)
 863:             1             24  java.time.Clock$SystemClock (java.base@15)
 864:             1             24  java.time.ZoneRegion (java.base@15)
 865:             1             24  java.time.format.DecimalStyle (java.base@15)
 866:             1             24  java.time.temporal.IsoFields$Field$1 (java.base@15)
 867:             1             24  java.time.temporal.IsoFields$Field$2 (java.base@15)
 868:             1             24  java.time.temporal.IsoFields$Field$3 (java.base@15)
 869:             1             24  java.time.temporal.IsoFields$Field$4 (java.base@15)
 870:             1             24  java.time.zone.TzdbZoneRulesProvider (java.base@15)
 871:             1             24  java.util.Collections$EmptyMap (java.base@15)
 872:             1             24  java.util.Collections$SynchronizedCollection (java.base@15)
 873:             1             24  java.util.Locale$Cache (java.base@15)
 874:             1             24  java.util.OptionalInt (java.base@15)
 875:             1             24  java.util.ResourceBundle$Control$CandidateListCache (java.base@15)
 876:             1             24  java.util.Scanner$PatternLRUCache (java.base@15)
 877:             1             24  java.util.ServiceLoader$2 (java.base@15)
 878:             1             24  java.util.concurrent.CopyOnWriteArrayList$COWIterator (java.base@15)
 879:             1             24  java.util.concurrent.Executors$RunnableAdapter (java.base@15)
 880:             1             24  java.util.concurrent.locks.ReentrantReadWriteLock (java.base@15)
 881:             1             24  java.util.logging.LogManager$LoggerContext (java.logging@15)
 882:             1             24  java.util.regex.Pattern$$Lambda$17/0x0000000800b5c1b0 (java.base@15)
 883:             1             24  java.util.regex.Pattern$BmpCharProperty (java.base@15)
 884:             1             24  java.util.regex.Pattern$CharPredicate$$Lambda$20/0x0000000800b5ddb0 (java.base@15)
 885:             1             24  java.util.regex.Pattern$CharProperty (java.base@15)
 886:             1             24  java.util.regex.Pattern$Dollar (java.base@15)
 887:             1             24  java.util.regex.Pattern$GroupHead (java.base@15)
 888:             1             24  java.util.regex.Pattern$GroupTail (java.base@15)
 889:             1             24  java.util.regex.Pattern$Slice (java.base@15)
 890:             1             24  javax.crypto.CryptoPermissions (java.base@15)
 891:             1             24  jdk.internal.jimage.ImageReader (java.base@15)
 892:             1             24  jdk.internal.loader.URLClassPath$FileLoader (java.base@15)
 893:             1             24  jdk.internal.logger.BootstrapLogger$RedirectedLoggers (java.base@15)
 894:             1             24  jdk.internal.module.ModuleBootstrap$SafeModuleFinder (java.base@15)
 895:             1             24  jdk.internal.module.ModuleHashes (java.base@15)
 896:             1             24  jdk.jfr.FlightRecorderPermission (jdk.jfr@15)
 897:             1             24  jdk.jfr.internal.SecuritySupport$SecureRecorderListener (jdk.jfr@15)
 898:             1             24  jdk.management.jfr.StreamManager (jdk.management.jfr@15)
 899:             1             24  jdk.management.jfr.internal.FlightRecorderMXBeanProvider$SingleMBeanComponent (jdk.management.jfr@15)
 900:             1             24  org.postgresql.core.Encoding
 901:             1             24  org.postgresql.core.v3.replication.V3ReplicationProtocol
 902:             1             24  org.postgresql.hostchooser.HostRequirement$1
 903:             1             24  org.postgresql.hostchooser.HostRequirement$2
 904:             1             24  org.postgresql.hostchooser.HostRequirement$3
 905:             1             24  org.postgresql.hostchooser.HostRequirement$4
 906:             1             24  org.postgresql.hostchooser.HostRequirement$5
 907:             1             24  org.postgresql.shaded.com.ongres.scram.common.bouncycastle.base64.Base64Encoder
 908:             1             24  org.postgresql.shaded.com.ongres.scram.common.stringprep.StringPreparations$1
 909:             1             24  org.postgresql.shaded.com.ongres.scram.common.stringprep.StringPreparations$2
 910:             1             24  org.postgresql.util.HostSpec
 911:             1             24  org.postgresql.util.SharedTimer
 912:             1             24  ru.job4j.tracker.ValidateInput
 913:             1             24  sun.instrument.TransformerManager (java.instrument@15)
 914:             1             24  sun.management.CompilationImpl (java.management@15)
 915:             1             24  sun.management.ManagementFactoryHelper$LoggingMXBeanAccess (java.management@15)
 916:             1             24  sun.management.ManagementFactoryHelper$PlatformLoggingImpl (java.management@15)
 917:             1             24  sun.management.MemoryImpl (java.management@15)
 918:             1             24  sun.management.RuntimeImpl (java.management@15)
 919:             1             24  sun.management.VMManagementImpl (java.management@15)
 920:             1             24  sun.net.ProgressMonitor (java.base@15)
 921:             1             24  sun.net.www.protocol.http.Handler (java.base@15)
 922:             1             24  sun.nio.cs.ISO_8859_1 (java.base@15)
 923:             1             24  sun.nio.cs.MS1251 (java.base@15)
 924:             1             24  sun.nio.cs.StandardCharsets (java.base@15)
 925:             1             24  sun.nio.cs.ThreadLocalCoders$1 (java.base@15)
 926:             1             24  sun.nio.cs.ThreadLocalCoders$2 (java.base@15)
 927:             1             24  sun.nio.cs.US_ASCII (java.base@15)
 928:             1             24  sun.nio.cs.UTF_16 (java.base@15)
 929:             1             24  sun.nio.cs.UTF_16BE (java.base@15)
 930:             1             24  sun.nio.cs.UTF_16LE (java.base@15)
 931:             1             24  sun.nio.cs.UTF_8 (java.base@15)
 932:             1             24  sun.nio.fs.WindowsFileSystem (java.base@15)
 933:             1             24  sun.nio.fs.WindowsSecurityDescriptor (java.base@15)
 934:             1             24  sun.reflect.generics.tree.Wildcard (java.base@15)
 935:             1             24  sun.rmi.runtime.RuntimeUtil$1 (java.rmi@15)
 936:             1             24  sun.rmi.server.UnicastServerRef$$Lambda$128/0x0000000800c33810 (java.rmi@15)
 937:             1             24  sun.rmi.transport.DGCImpl (java.rmi@15)
 938:             1             24  sun.rmi.transport.SequenceEntry (java.rmi@15)
 939:             1             24  sun.util.cldr.CLDRCalendarDataProviderImpl (java.base@15)
 940:             1             24  sun.util.cldr.CLDRTimeZoneNameProviderImpl (java.base@15)
 941:             1             24  sun.util.locale.BaseLocale$Cache (java.base@15)
 942:             1             24  sun.util.locale.provider.DecimalFormatSymbolsProviderImpl (java.base@15)
 943:             1             24  sun.util.locale.provider.NumberFormatProviderImpl (java.base@15)
 944:             1             24  sun.util.locale.provider.TimeZoneNameProviderImpl (java.base@15)
 945:             1             16  [Ljava.lang.Throwable; (java.base@15)
 946:             1             16  [Ljava.lang.constant.ClassDesc; (java.base@15)
 947:             1             16  [Ljava.lang.management.LockInfo; (java.management@15)
 948:             1             16  [Ljava.lang.management.MonitorInfo; (java.management@15)
 949:             1             16  [Ljava.nio.file.attribute.FileAttribute; (java.base@15)
 950:             1             16  [Ljava.rmi.server.ObjID; (java.rmi@15)
 951:             1             16  [Ljava.security.Provider; (java.base@15)
 952:             1             16  [Ljava.security.cert.Certificate; (java.base@15)
 953:             1             16  [Ljava.text.FieldPosition; (java.base@15)
 954:             1             16  [Ljava.time.zone.ZoneOffsetTransitionRule; (java.base@15)
 955:             1             16  [Ljava.util.logging.Handler; (java.logging@15)
 956:             1             16  [Lsun.instrument.TransformerManager$TransformerInfo; (java.instrument@15)
 957:             1             16  com.sun.jmx.interceptor.DefaultMBeanServerInterceptor$ResourceContext$1 (java.management@15)
 958:             1             16  com.sun.jmx.mbeanserver.DefaultMXBeanMappingFactory (java.management@15)
 959:             1             16  com.sun.jmx.mbeanserver.DescriptorCache (java.management@15)
 960:             1             16  com.sun.jmx.mbeanserver.MBeanAnalyzer$MethodOrder (java.management@15)
 961:             1             16  com.sun.jmx.mbeanserver.MBeanInstantiator (java.management@15)
 962:             1             16  com.sun.jmx.mbeanserver.MXBeanIntrospector (java.management@15)
 963:             1             16  com.sun.jmx.mbeanserver.SecureClassLoaderRepository (java.management@15)
 964:             1             16  com.sun.jmx.remote.internal.ArrayNotificationBuffer$5 (java.management@15)
 965:             1             16  com.sun.jmx.remote.internal.ArrayNotificationBuffer$BroadcasterQuery (java.management@15)
 966:             1             16  com.sun.jmx.remote.internal.ArrayNotificationBuffer$BufferListener (java.management@15)
 967:             1             16  com.sun.jmx.remote.internal.ServerCommunicatorAdmin$Timeout (java.management@15)
 968:             1             16  com.sun.jmx.remote.internal.ServerNotifForwarder$NotifForwarderBufferFilter (java.management@15)
 969:             1             16  com.sun.jmx.remote.security.SubjectDelegator (java.management@15)
 970:             1             16  com.sun.management.internal.GarbageCollectionNotifInfoCompositeData$1 (jdk.management@15)
 971:             1             16  com.sun.management.internal.GcInfoCompositeData$1 (jdk.management@15)
 972:             1             16  com.sun.management.internal.GcInfoCompositeData$2 (jdk.management@15)
 973:             1             16  com.sun.management.internal.HotSpotDiagnostic (jdk.management@15)
 974:             1             16  com.sun.management.internal.PlatformMBeanProviderImpl (jdk.management@15)
 975:             1             16  com.sun.management.internal.PlatformMBeanProviderImpl$$Lambda$47/0x0000000800b7c350 (jdk.management@15)
 976:             1             16  java.io.FileDescriptor$1 (java.base@15)
 977:             1             16  java.io.FilePermission$1 (java.base@15)
 978:             1             16  java.io.ObjectInputFilter$Config$$Lambda$93/0x0000000800c15928 (java.base@15)
 979:             1             16  java.io.ObjectInputFilter$Config$$Lambda$94/0x0000000800c15d38 (java.base@15)
 980:             1             16  java.io.ObjectInputFilter$Config$Global$$Lambda$95/0x0000000800c163b0 (java.base@15)
 981:             1             16  java.io.ObjectInputFilter$Config$Global$$Lambda$96/0x0000000800c165f0 (java.base@15)
 982:             1             16  java.io.ObjectInputStream$$Lambda$124/0x0000000800c30040 (java.base@15)
 983:             1             16  java.io.ObjectInputStream$$Lambda$125/0x0000000800c30450 (java.base@15)
 984:             1             16  java.io.RandomAccessFile$2 (java.base@15)
 985:             1             16  java.lang.ApplicationShutdownHooks$1 (java.base@15)
 986:             1             16  java.lang.CharacterData00 (java.base@15)
 987:             1             16  java.lang.CharacterDataLatin1 (java.base@15)
 988:             1             16  java.lang.Class$$Lambda$86/0x0000000800c11598 (java.base@15)
 989:             1             16  java.lang.ClassValue$Identity (java.base@15)
 990:             1             16  java.lang.Float (java.base@15)
 991:             1             16  java.lang.Module$$Lambda$133/0x0000000800c4d110 (java.base@15)
 992:             1             16  java.lang.Runtime (java.base@15)
 993:             1             16  java.lang.String$CaseInsensitiveComparator (java.base@15)
 994:             1             16  java.lang.StringCoding$1 (java.base@15)
 995:             1             16  java.lang.System$2 (java.base@15)
 996:             1             16  java.lang.System$LoggerFinder$$Lambda$77/0x0000000800ba9408 (java.base@15)
 997:             1             16  java.lang.Terminator$1 (java.base@15)
 998:             1             16  java.lang.invoke.ClassSpecializer$1 (java.base@15)
 999:             1             16  java.lang.invoke.MemberName$Factory (java.base@15)
1000:             1             16  java.lang.invoke.MethodHandleImpl$1 (java.base@15)
1001:             1             16  java.lang.invoke.StringConcatFactory$1 (java.base@15)
1002:             1             16  java.lang.invoke.StringConcatFactory$2 (java.base@15)
1003:             1             16  java.lang.invoke.StringConcatFactory$3 (java.base@15)
1004:             1             16  java.lang.invoke.VarHandle$1 (java.base@15)
1005:             1             16  java.lang.management.DefaultPlatformMBeanProvider (java.management@15)
1006:             1             16  java.lang.management.DefaultPlatformMBeanProvider$5$$Lambda$83/0x0000000800bfd358 (java.management@15)
1007:             1             16  java.lang.management.ManagementFactory$$Lambda$44/0x0000000800b7aec0 (java.management@15)
1008:             1             16  java.lang.management.ManagementFactory$$Lambda$78/0x0000000800bece88 (java.management@15)
1009:             1             16  java.lang.management.ManagementFactory$$Lambda$79/0x0000000800bed0d0 (java.management@15)
1010:             1             16  java.lang.management.ManagementFactory$$Lambda$80/0x0000000800bed308 (java.management@15)
1011:             1             16  java.lang.management.ManagementFactory$PlatformMBeanFinder$$Lambda$45/0x0000000800b7b6c8 (java.management@15)
1012:             1             16  java.lang.management.ManagementFactory$PlatformMBeanFinder$$Lambda$48/0x0000000800b810f8 (java.management@15)
1013:             1             16  java.lang.management.ManagementFactory$PlatformMBeanFinder$$Lambda$49/0x0000000800b81330 (java.management@15)
1014:             1             16  java.lang.management.ManagementFactory$PlatformMBeanFinder$$Lambda$51/0x0000000800b817a0 (java.management@15)
1015:             1             16  java.lang.management.ManagementFactory$PlatformMBeanFinder$$Lambda$55/0x0000000800b82070 (java.management@15)
1016:             1             16  java.lang.management.ManagementFactory$PlatformMBeanFinder$$Lambda$56/0x0000000800b822a8 (java.management@15)
1017:             1             16  java.lang.module.ModuleDescriptor$1 (java.base@15)
1018:             1             16  java.lang.ref.Cleaner (java.base@15)
1019:             1             16  java.lang.ref.Cleaner$1 (java.base@15)
1020:             1             16  java.lang.ref.Reference$1 (java.base@15)
1021:             1             16  java.lang.reflect.Proxy$$Lambda$40/0x0000000800b74920 (java.base@15)
1022:             1             16  java.lang.reflect.ProxyGenerator$$Lambda$42/0x0000000800b76370 (java.base@15)
1023:             1             16  java.lang.reflect.ProxyGenerator$$Lambda$43/0x0000000800b765a8 (java.base@15)
1024:             1             16  java.lang.reflect.ReflectAccess (java.base@15)
1025:             1             16  java.net.InetAddress$1 (java.base@15)
1026:             1             16  java.net.InetAddress$PlatformNameService (java.base@15)
1027:             1             16  java.net.SocketImpl$$Lambda$18/0x0000000800b5cb38 (java.base@15)
1028:             1             16  java.net.URI$1 (java.base@15)
1029:             1             16  java.net.URL$3 (java.base@15)
1030:             1             16  java.net.URL$DefaultFactory (java.base@15)
1031:             1             16  java.nio.Bits$1 (java.base@15)
1032:             1             16  java.nio.Buffer$1 (java.base@15)
1033:             1             16  java.nio.file.Files$AcceptAllFilter (java.base@15)
1034:             1             16  java.rmi.server.ObjID$$Lambda$105/0x0000000800c1c4f0 (java.rmi@15)
1035:             1             16  java.rmi.server.RMIClassLoader$2 (java.rmi@15)
1036:             1             16  java.security.AllPermission (java.base@15)
1037:             1             16  java.security.ProtectionDomain$JavaSecurityAccessImpl (java.base@15)
1038:             1             16  java.text.DecimalFormatSymbols$$Lambda$30/0x0000000800b66f70 (java.base@15)
1039:             1             16  java.time.chrono.IsoChronology (java.base@15)
1040:             1             16  java.time.format.DateTimeFormatter$$Lambda$141/0x0000000800c72600 (java.base@15)
1041:             1             16  java.time.format.DateTimeFormatter$$Lambda$142/0x0000000800c72818 (java.base@15)
1042:             1             16  java.time.format.DateTimeFormatterBuilder$$Lambda$140/0x0000000800c71468 (java.base@15)
1043:             1             16  java.time.format.DateTimeFormatterBuilder$2 (java.base@15)
1044:             1             16  java.time.format.DateTimeFormatterBuilder$InstantPrinterParser (java.base@15)
1045:             1             16  java.time.format.DateTimeTextProvider (java.base@15)
1046:             1             16  java.time.format.DateTimeTextProvider$1 (java.base@15)
1047:             1             16  java.util.Collections$EmptyEnumeration (java.base@15)
1048:             1             16  java.util.Collections$EmptyIterator (java.base@15)
1049:             1             16  java.util.Collections$EmptyList (java.base@15)
1050:             1             16  java.util.Collections$EmptySet (java.base@15)
1051:             1             16  java.util.Collections$UnmodifiableCollection (java.base@15)
1052:             1             16  java.util.EnumMap$1 (java.base@15)
1053:             1             16  java.util.IdentityHashMap$Values (java.base@15)
1054:             1             16  java.util.LinkedHashSet (java.base@15)
1055:             1             16  java.util.Locale$Builder (java.base@15)
1056:             1             16  java.util.ResourceBundle$1 (java.base@15)
1057:             1             16  java.util.ResourceBundle$Control (java.base@15)
1058:             1             16  java.util.Spliterators$EmptySpliterator$OfDouble (java.base@15)
1059:             1             16  java.util.Spliterators$EmptySpliterator$OfInt (java.base@15)
1060:             1             16  java.util.Spliterators$EmptySpliterator$OfLong (java.base@15)
1061:             1             16  java.util.Spliterators$EmptySpliterator$OfRef (java.base@15)
1062:             1             16  java.util.concurrent.ConcurrentSkipListMap$KeySet (java.base@15)
1063:             1             16  java.util.concurrent.ConcurrentSkipListSet (java.base@15)
1064:             1             16  java.util.concurrent.SynchronousQueue$TransferStack (java.base@15)
1065:             1             16  java.util.concurrent.ThreadPoolExecutor$AbortPolicy (java.base@15)
1066:             1             16  java.util.concurrent.atomic.AtomicBoolean (java.base@15)
1067:             1             16  java.util.concurrent.locks.ReentrantReadWriteLock$ReadLock (java.base@15)
1068:             1             16  java.util.concurrent.locks.ReentrantReadWriteLock$Sync$ThreadLocalHoldCounter (java.base@15)
1069:             1             16  java.util.concurrent.locks.ReentrantReadWriteLock$WriteLock (java.base@15)
1070:             1             16  java.util.function.Function$$Lambda$50/0x0000000800b81568 (java.base@15)
1071:             1             16  java.util.jar.JavaUtilJarAccessImpl (java.base@15)
1072:             1             16  java.util.logging.ErrorManager (java.logging@15)
1073:             1             16  java.util.logging.Level$$Lambda$37/0x0000000800b6c318 (java.logging@15)
1074:             1             16  java.util.logging.Level$KnownLevel$$Lambda$35/0x0000000800b6b518 (java.logging@15)
1075:             1             16  java.util.logging.Level$KnownLevel$$Lambda$36/0x0000000800b6b750 (java.logging@15)
1076:             1             16  java.util.logging.Level$KnownLevel$$Lambda$38/0x0000000800b6c550 (java.logging@15)
1077:             1             16  java.util.logging.LogManager$LoggingProviderAccess (java.logging@15)
1078:             1             16  java.util.logging.LogManager$VisitedLoggers (java.logging@15)
1079:             1             16  java.util.logging.Logging (java.logging@15)
1080:             1             16  java.util.logging.SimpleFormatter (java.logging@15)
1081:             1             16  java.util.logging.SimpleFormatter$$Lambda$99/0x0000000800c19770 (java.logging@15)
1082:             1             16  java.util.regex.CharPredicates$$Lambda$14/0x0000000800b5aee0 (java.base@15)
1083:             1             16  java.util.regex.CharPredicates$$Lambda$16/0x0000000800b5bd68 (java.base@15)
1084:             1             16  java.util.regex.Pattern$$Lambda$15/0x0000000800b5bb10 (java.base@15)
1085:             1             16  java.util.regex.Pattern$$Lambda$75/0x0000000800ba84e8 (java.base@15)
1086:             1             16  java.util.regex.Pattern$BitClass (java.base@15)
1087:             1             16  java.util.regex.Pattern$CharPredicate$$Lambda$19/0x0000000800b5d178 (java.base@15)
1088:             1             16  java.util.regex.Pattern$LastNode (java.base@15)
1089:             1             16  java.util.regex.Pattern$Node (java.base@15)
1090:             1             16  java.util.stream.Collectors$$Lambda$25/0x0000000800b65780 (java.base@15)
1091:             1             16  java.util.stream.Collectors$$Lambda$27/0x0000000800b65bc8 (java.base@15)
1092:             1             16  java.util.stream.Collectors$$Lambda$5/0x0000000800b54a30 (java.base@15)
1093:             1             16  java.util.stream.Collectors$$Lambda$52/0x0000000800b819e0 (java.base@15)
1094:             1             16  java.util.stream.Collectors$$Lambda$6/0x0000000800b54c48 (java.base@15)
1095:             1             16  java.util.stream.Collectors$$Lambda$61/0x0000000800b83da8 (java.base@15)
1096:             1             16  java.util.stream.Collectors$$Lambda$62/0x0000000800b83fc0 (java.base@15)
1097:             1             16  java.util.stream.Collectors$$Lambda$63/0x0000000800b841e8 (java.base@15)
1098:             1             16  java.util.stream.Collectors$$Lambda$7/0x0000000800b54e70 (java.base@15)
1099:             1             16  java.util.stream.Collectors$$Lambda$8/0x0000000800b550b0 (java.base@15)
1100:             1             16  java.util.stream.Collectors$$Lambda$88/0x0000000800c119f0 (java.base@15)
1101:             1             16  java.util.stream.Collectors$$Lambda$89/0x0000000800c11c18 (java.base@15)
1102:             1             16  java.util.stream.Collectors$$Lambda$90/0x0000000800c11e58 (java.base@15)
1103:             1             16  java.util.stream.FindOps$FindSink$OfInt$$Lambda$31/0x0000000800b671b8 (java.base@15)
1104:             1             16  java.util.stream.FindOps$FindSink$OfInt$$Lambda$32/0x0000000800b67400 (java.base@15)
1105:             1             16  java.util.stream.FindOps$FindSink$OfInt$$Lambda$33/0x0000000800b67618 (java.base@15)
1106:             1             16  java.util.stream.FindOps$FindSink$OfInt$$Lambda$34/0x0000000800b67860 (java.base@15)
1107:             1             16  java.util.stream.FindOps$FindSink$OfRef$$Lambda$10/0x0000000800b55530 (java.base@15)
1108:             1             16  java.util.stream.FindOps$FindSink$OfRef$$Lambda$11/0x0000000800b55778 (java.base@15)
1109:             1             16  java.util.stream.FindOps$FindSink$OfRef$$Lambda$12/0x0000000800b55990 (java.base@15)
1110:             1             16  java.util.stream.FindOps$FindSink$OfRef$$Lambda$13/0x0000000800b55bd8 (java.base@15)
1111:             1             16  java.util.stream.Nodes$EmptyNode$OfDouble (java.base@15)
1112:             1             16  java.util.stream.Nodes$EmptyNode$OfInt (java.base@15)
1113:             1             16  java.util.stream.Nodes$EmptyNode$OfLong (java.base@15)
1114:             1             16  java.util.stream.Nodes$EmptyNode$OfRef (java.base@15)
1115:             1             16  java.util.zip.ZipFile$1 (java.base@15)
1116:             1             16  javax.crypto.CryptoAllPermissionCollection (java.base@15)
1117:             1             16  javax.crypto.JceSecurity$IdentityWrapper (java.base@15)
1118:             1             16  javax.management.JMX (java.management@15)
1119:             1             16  javax.management.MBeanServerBuilder (java.management@15)
1120:             1             16  javax.management.NotificationBroadcasterSupport$1 (java.management@15)
1121:             1             16  javax.management.remote.JMXConnectorServerFactory$$Lambda$91/0x0000000800c130e8 (java.management@15)
1122:             1             16  javax.management.remote.rmi.RMIConnectionImpl_Stub (java.management.rmi@15)
1123:             1             16  javax.management.remote.rmi.RMIServerImpl_Stub (java.management.rmi@15)
1124:             1             16  javax.net.DefaultSocketFactory (java.base@15)
1125:             1             16  jdk.internal.jimage.ImageReaderFactory$1 (java.base@15)
1126:             1             16  jdk.internal.jimage.ImageStringsReader (java.base@15)
1127:             1             16  jdk.internal.jimage.decompressor.Decompressor (java.base@15)
1128:             1             16  jdk.internal.logger.LazyLoggers$1 (java.base@15)
1129:             1             16  jdk.internal.logger.LazyLoggers$LazyLoggerFactories (java.base@15)
1130:             1             16  jdk.internal.math.FloatingDecimal$1 (java.base@15)
1131:             1             16  jdk.internal.misc.TerminatingThreadLocal$1 (java.base@15)
1132:             1             16  jdk.internal.misc.Unsafe (java.base@15)
1133:             1             16  jdk.internal.module.DefaultRoots$$Lambda$1/0x0000000800b53778 (java.base@15)
1134:             1             16  jdk.internal.module.DefaultRoots$$Lambda$2/0x0000000800b54180 (java.base@15)
1135:             1             16  jdk.internal.module.DefaultRoots$$Lambda$4/0x0000000800b54608 (java.base@15)
1136:             1             16  jdk.internal.module.DefaultRoots$$Lambda$9/0x0000000800b552e8 (java.base@15)
1137:             1             16  jdk.internal.module.ModulePatcher (java.base@15)
1138:             1             16  jdk.internal.module.ModuleTarget (java.base@15)
1139:             1             16  jdk.internal.perf.Perf (java.base@15)
1140:             1             16  jdk.internal.reflect.GeneratedConstructorAccessor1 (java.base@15)
1141:             1             16  jdk.internal.reflect.GeneratedConstructorAccessor2 (java.base@15)
1142:             1             16  jdk.internal.reflect.GeneratedMethodAccessor1 (java.base@15)
1143:             1             16  jdk.internal.reflect.GeneratedMethodAccessor10 (java.base@15)
1144:             1             16  jdk.internal.reflect.GeneratedMethodAccessor11 (java.base@15)
1145:             1             16  jdk.internal.reflect.GeneratedMethodAccessor12 (java.base@15)
1146:             1             16  jdk.internal.reflect.GeneratedMethodAccessor13 (java.base@15)
1147:             1             16  jdk.internal.reflect.GeneratedMethodAccessor14 (java.base@15)
1148:             1             16  jdk.internal.reflect.GeneratedMethodAccessor15 (java.base@15)
1149:             1             16  jdk.internal.reflect.GeneratedMethodAccessor16 (java.base@15)
1150:             1             16  jdk.internal.reflect.GeneratedMethodAccessor17 (java.base@15)
1151:             1             16  jdk.internal.reflect.GeneratedMethodAccessor18 (java.base@15)
1152:             1             16  jdk.internal.reflect.GeneratedMethodAccessor19 (java.base@15)
1153:             1             16  jdk.internal.reflect.GeneratedMethodAccessor2 (java.base@15)
1154:             1             16  jdk.internal.reflect.GeneratedMethodAccessor20 (java.base@15)
1155:             1             16  jdk.internal.reflect.GeneratedMethodAccessor21 (java.base@15)
1156:             1             16  jdk.internal.reflect.GeneratedMethodAccessor22 (java.base@15)
1157:             1             16  jdk.internal.reflect.GeneratedMethodAccessor23 (java.base@15)
1158:             1             16  jdk.internal.reflect.GeneratedMethodAccessor24 (java.base@15)
1159:             1             16  jdk.internal.reflect.GeneratedMethodAccessor25 (java.base@15)
1160:             1             16  jdk.internal.reflect.GeneratedMethodAccessor26 (java.base@15)
1161:             1             16  jdk.internal.reflect.GeneratedMethodAccessor27 (java.base@15)
1162:             1             16  jdk.internal.reflect.GeneratedMethodAccessor28 (java.base@15)
1163:             1             16  jdk.internal.reflect.GeneratedMethodAccessor29 (java.base@15)
1164:             1             16  jdk.internal.reflect.GeneratedMethodAccessor3
1165:             1             16  jdk.internal.reflect.GeneratedMethodAccessor30 (java.base@15)
1166:             1             16  jdk.internal.reflect.GeneratedMethodAccessor31 (java.base@15)
1167:             1             16  jdk.internal.reflect.GeneratedMethodAccessor32 (java.base@15)
1168:             1             16  jdk.internal.reflect.GeneratedMethodAccessor33 (java.base@15)
1169:             1             16  jdk.internal.reflect.GeneratedMethodAccessor34 (java.base@15)
1170:             1             16  jdk.internal.reflect.GeneratedMethodAccessor35 (java.base@15)
1171:             1             16  jdk.internal.reflect.GeneratedMethodAccessor36 (java.base@15)
1172:             1             16  jdk.internal.reflect.GeneratedMethodAccessor37 (java.base@15)
1173:             1             16  jdk.internal.reflect.GeneratedMethodAccessor38 (java.base@15)
1174:             1             16  jdk.internal.reflect.GeneratedMethodAccessor39 (java.base@15)
1175:             1             16  jdk.internal.reflect.GeneratedMethodAccessor4 (java.base@15)
1176:             1             16  jdk.internal.reflect.GeneratedMethodAccessor40 (java.base@15)
1177:             1             16  jdk.internal.reflect.GeneratedMethodAccessor41 (java.base@15)
1178:             1             16  jdk.internal.reflect.GeneratedMethodAccessor42 (java.base@15)
1179:             1             16  jdk.internal.reflect.GeneratedMethodAccessor43 (java.base@15)
1180:             1             16  jdk.internal.reflect.GeneratedMethodAccessor44 (java.base@15)
1181:             1             16  jdk.internal.reflect.GeneratedMethodAccessor45 (java.base@15)
1182:             1             16  jdk.internal.reflect.GeneratedMethodAccessor46 (java.base@15)
1183:             1             16  jdk.internal.reflect.GeneratedMethodAccessor47 (java.base@15)
1184:             1             16  jdk.internal.reflect.GeneratedMethodAccessor48 (java.base@15)
1185:             1             16  jdk.internal.reflect.GeneratedMethodAccessor49 (java.base@15)
1186:             1             16  jdk.internal.reflect.GeneratedMethodAccessor5 (java.base@15)
1187:             1             16  jdk.internal.reflect.GeneratedMethodAccessor50 (java.base@15)
1188:             1             16  jdk.internal.reflect.GeneratedMethodAccessor51 (java.base@15)
1189:             1             16  jdk.internal.reflect.GeneratedMethodAccessor52 (java.base@15)
1190:             1             16  jdk.internal.reflect.GeneratedMethodAccessor53 (java.base@15)
1191:             1             16  jdk.internal.reflect.GeneratedMethodAccessor54 (java.base@15)
1192:             1             16  jdk.internal.reflect.GeneratedMethodAccessor55 (java.base@15)
1193:             1             16  jdk.internal.reflect.GeneratedMethodAccessor56 (java.base@15)
1194:             1             16  jdk.internal.reflect.GeneratedMethodAccessor57 (java.base@15)
1195:             1             16  jdk.internal.reflect.GeneratedMethodAccessor58 (java.base@15)
1196:             1             16  jdk.internal.reflect.GeneratedMethodAccessor59 (java.base@15)
1197:             1             16  jdk.internal.reflect.GeneratedMethodAccessor6 (java.base@15)
1198:             1             16  jdk.internal.reflect.GeneratedMethodAccessor60 (java.base@15)
1199:             1             16  jdk.internal.reflect.GeneratedMethodAccessor61 (java.base@15)
1200:             1             16  jdk.internal.reflect.GeneratedMethodAccessor62 (java.base@15)
1201:             1             16  jdk.internal.reflect.GeneratedMethodAccessor63 (java.base@15)
1202:             1             16  jdk.internal.reflect.GeneratedMethodAccessor64 (java.base@15)
1203:             1             16  jdk.internal.reflect.GeneratedMethodAccessor65 (java.base@15)
1204:             1             16  jdk.internal.reflect.GeneratedMethodAccessor66 (java.base@15)
1205:             1             16  jdk.internal.reflect.GeneratedMethodAccessor67 (java.base@15)
1206:             1             16  jdk.internal.reflect.GeneratedMethodAccessor68 (java.base@15)
1207:             1             16  jdk.internal.reflect.GeneratedMethodAccessor69 (java.base@15)
1208:             1             16  jdk.internal.reflect.GeneratedMethodAccessor7 (java.base@15)
1209:             1             16  jdk.internal.reflect.GeneratedMethodAccessor70 (java.base@15)
1210:             1             16  jdk.internal.reflect.GeneratedMethodAccessor71 (java.base@15)
1211:             1             16  jdk.internal.reflect.GeneratedMethodAccessor72 (java.base@15)
1212:             1             16  jdk.internal.reflect.GeneratedMethodAccessor73 (java.base@15)
1213:             1             16  jdk.internal.reflect.GeneratedMethodAccessor74 (java.base@15)
1214:             1             16  jdk.internal.reflect.GeneratedMethodAccessor75 (java.base@15)
1215:             1             16  jdk.internal.reflect.GeneratedMethodAccessor76 (java.base@15)
1216:             1             16  jdk.internal.reflect.GeneratedMethodAccessor77 (java.base@15)
1217:             1             16  jdk.internal.reflect.GeneratedMethodAccessor8 (java.base@15)
1218:             1             16  jdk.internal.reflect.GeneratedMethodAccessor9 (java.base@15)
1219:             1             16  jdk.internal.reflect.GeneratedSerializationConstructorAccessor1 (java.base@15)
1220:             1             16  jdk.internal.reflect.GeneratedSerializationConstructorAccessor10 (java.base@15)
1221:             1             16  jdk.internal.reflect.GeneratedSerializationConstructorAccessor11 (java.base@15)
1222:             1             16  jdk.internal.reflect.GeneratedSerializationConstructorAccessor12 (java.base@15)
1223:             1             16  jdk.internal.reflect.GeneratedSerializationConstructorAccessor13 (java.base@15)
1224:             1             16  jdk.internal.reflect.GeneratedSerializationConstructorAccessor14 (java.base@15)
1225:             1             16  jdk.internal.reflect.GeneratedSerializationConstructorAccessor15 (java.base@15)
1226:             1             16  jdk.internal.reflect.GeneratedSerializationConstructorAccessor16 (java.base@15)
1227:             1             16  jdk.internal.reflect.GeneratedSerializationConstructorAccessor17 (java.base@15)
1228:             1             16  jdk.internal.reflect.GeneratedSerializationConstructorAccessor18 (java.base@15)
1229:             1             16  jdk.internal.reflect.GeneratedSerializationConstructorAccessor19 (java.base@15)
1230:             1             16  jdk.internal.reflect.GeneratedSerializationConstructorAccessor2 (java.base@15)
1231:             1             16  jdk.internal.reflect.GeneratedSerializationConstructorAccessor20 (java.base@15)
1232:             1             16  jdk.internal.reflect.GeneratedSerializationConstructorAccessor21 (java.base@15)
1233:             1             16  jdk.internal.reflect.GeneratedSerializationConstructorAccessor22 (java.base@15)
1234:             1             16  jdk.internal.reflect.GeneratedSerializationConstructorAccessor23 (java.base@15)
1235:             1             16  jdk.internal.reflect.GeneratedSerializationConstructorAccessor24 (java.base@15)
1236:             1             16  jdk.internal.reflect.GeneratedSerializationConstructorAccessor25 (java.base@15)
1237:             1             16  jdk.internal.reflect.GeneratedSerializationConstructorAccessor26 (java.base@15)
1238:             1             16  jdk.internal.reflect.GeneratedSerializationConstructorAccessor27 (java.base@15)
1239:             1             16  jdk.internal.reflect.GeneratedSerializationConstructorAccessor28 (java.base@15)
1240:             1             16  jdk.internal.reflect.GeneratedSerializationConstructorAccessor29 (java.base@15)
1241:             1             16  jdk.internal.reflect.GeneratedSerializationConstructorAccessor3 (java.base@15)
1242:             1             16  jdk.internal.reflect.GeneratedSerializationConstructorAccessor30 (java.base@15)
1243:             1             16  jdk.internal.reflect.GeneratedSerializationConstructorAccessor31 (java.base@15)
1244:             1             16  jdk.internal.reflect.GeneratedSerializationConstructorAccessor32 (java.base@15)
1245:             1             16  jdk.internal.reflect.GeneratedSerializationConstructorAccessor33 (java.base@15)
1246:             1             16  jdk.internal.reflect.GeneratedSerializationConstructorAccessor34 (java.base@15)
1247:             1             16  jdk.internal.reflect.GeneratedSerializationConstructorAccessor35 (java.base@15)
1248:             1             16  jdk.internal.reflect.GeneratedSerializationConstructorAccessor36 (java.base@15)
1249:             1             16  jdk.internal.reflect.GeneratedSerializationConstructorAccessor37 (java.base@15)
1250:             1             16  jdk.internal.reflect.GeneratedSerializationConstructorAccessor38 (java.base@15)
1251:             1             16  jdk.internal.reflect.GeneratedSerializationConstructorAccessor39 (java.base@15)
1252:             1             16  jdk.internal.reflect.GeneratedSerializationConstructorAccessor4 (java.base@15)
1253:             1             16  jdk.internal.reflect.GeneratedSerializationConstructorAccessor5 (java.base@15)
1254:             1             16  jdk.internal.reflect.GeneratedSerializationConstructorAccessor6 (java.base@15)
1255:             1             16  jdk.internal.reflect.GeneratedSerializationConstructorAccessor7 (java.base@15)
1256:             1             16  jdk.internal.reflect.GeneratedSerializationConstructorAccessor8 (java.base@15)
1257:             1             16  jdk.internal.reflect.GeneratedSerializationConstructorAccessor9 (java.base@15)
1258:             1             16  jdk.internal.reflect.ReflectionFactory (java.base@15)
1259:             1             16  jdk.internal.util.Preconditions$1 (java.base@15)
1260:             1             16  jdk.jfr.FlightRecorderPermission$InternalAccess (jdk.jfr@15)
1261:             1             16  jdk.jfr.internal.JVM (jdk.jfr@15)
1262:             1             16  jdk.jfr.internal.SecuritySupport$Privileged (jdk.jfr@15)
1263:             1             16  jdk.jfr.internal.consumer.FileAccess$UnPrivileged (jdk.jfr@15)
1264:             1             16  jdk.management.jfr.SettingDescriptorInfo$1 (jdk.management.jfr@15)
1265:             1             16  jdk.net.ExtendedSocketOptions$PlatformSocketOptions (jdk.net@15)
1266:             1             16  org.postgresql.Driver
1267:             1             16  org.postgresql.core.CachedQueryCreateAction
1268:             1             16  org.postgresql.core.Encoding$2
1269:             1             16  org.postgresql.core.QueryExecutorBase$1
1270:             1             16  org.postgresql.jdbc.PgConnection$1
1271:             1             16  org.postgresql.util.LruCache$1
1272:             1             16  org.postgresql.util.LruCache$2
1273:             1             16  ru.job4j.tracker.ConsoleInput
1274:             1             16  ru.job4j.tracker.CreateAction
1275:             1             16  ru.job4j.tracker.DeleteAction
1276:             1             16  ru.job4j.tracker.ExitAction
1277:             1             16  ru.job4j.tracker.FindAllAction
1278:             1             16  ru.job4j.tracker.FindByIdAction
1279:             1             16  ru.job4j.tracker.FindByNameAction
1280:             1             16  ru.job4j.tracker.ReplaceAction
1281:             1             16  ru.job4j.tracker.SqlTracker
1282:             1             16  ru.job4j.tracker.StartUI
1283:             1             16  sun.management.ClassLoadingImpl (java.management@15)
1284:             1             16  sun.management.ManagementFactoryHelper$$Lambda$138/0x0000000800c51ed8 (java.management@15)
1285:             1             16  sun.management.ManagementFactoryHelper$$Lambda$139/0x0000000800c52110 (java.management@15)
1286:             1             16  sun.management.ManagementFactoryHelper$$Lambda$84/0x0000000800c0d490 (java.management@15)
1287:             1             16  sun.management.jmxremote.ConnectorBootstrap$PermanentExporter (jdk.management.agent@15)
1288:             1             16  sun.management.jmxremote.LocalRMIServerSocketFactory (jdk.management.agent@15)
1289:             1             16  sun.net.DefaultProgressMeteringPolicy (java.base@15)
1290:             1             16  sun.net.spi.DefaultProxySelector (java.base@15)
1291:             1             16  sun.net.www.protocol.file.Handler (java.base@15)
1292:             1             16  sun.net.www.protocol.jar.Handler (java.base@15)
1293:             1             16  sun.net.www.protocol.jar.JarFileFactory (java.base@15)
1294:             1             16  sun.net.www.protocol.jrt.Handler (java.base@15)
1295:             1             16  sun.nio.ch.ExtendedSocketOption$1 (java.base@15)
1296:             1             16  sun.nio.ch.FileChannelImpl$1 (java.base@15)
1297:             1             16  sun.nio.ch.FileChannelImpl$2 (java.base@15)
1298:             1             16  sun.nio.ch.Net$1 (java.base@15)
1299:             1             16  sun.nio.ch.SocketDispatcher (java.base@15)
1300:             1             16  sun.nio.ch.Util$1 (java.base@15)
1301:             1             16  sun.nio.fs.NativeBuffers$1 (java.base@15)
1302:             1             16  sun.nio.fs.WindowsChannelFactory$1 (java.base@15)
1303:             1             16  sun.nio.fs.WindowsFileSystemProvider (java.base@15)
1304:             1             16  sun.reflect.generics.tree.BottomSignature (java.base@15)
1305:             1             16  sun.reflect.generics.tree.LongSignature (java.base@15)
1306:             1             16  sun.reflect.generics.tree.TypeVariableSignature (java.base@15)
1307:             1             16  sun.reflect.generics.tree.VoidDescriptor (java.base@15)
1308:             1             16  sun.rmi.runtime.Log$$Lambda$98/0x0000000800c18a50 (java.rmi@15)
1309:             1             16  sun.rmi.runtime.Log$LoggerLogFactory (java.rmi@15)
1310:             1             16  sun.rmi.runtime.RuntimeUtil (java.rmi@15)
1311:             1             16  sun.rmi.runtime.RuntimeUtil$$Lambda$117/0x0000000800c22fa0 (java.rmi@15)
1312:             1             16  sun.rmi.server.LoaderHandler$$Lambda$129/0x0000000800c34498 (java.rmi@15)
1313:             1             16  sun.rmi.server.LoaderHandler$$Lambda$130/0x0000000800c346b0 (java.rmi@15)
1314:             1             16  sun.rmi.server.MarshalInputStream$$Lambda$126/0x0000000800c30668 (java.rmi@15)
1315:             1             16  sun.rmi.server.UnicastRef (java.rmi@15)
1316:             1             16  sun.rmi.server.UnicastRef$$Lambda$101/0x0000000800c1b200 (java.rmi@15)
1317:             1             16  sun.rmi.server.UnicastServerRef$$Lambda$102/0x0000000800c1b418 (java.rmi@15)
1318:             1             16  sun.rmi.server.UnicastServerRef$$Lambda$103/0x0000000800c1b630 (java.rmi@15)
1319:             1             16  sun.rmi.server.UnicastServerRef$$Lambda$104/0x0000000800c1b848 (java.rmi@15)
1320:             1             16  sun.rmi.server.UnicastServerRef$HashToMethod_Maps (java.rmi@15)
1321:             1             16  sun.rmi.server.Util$$Lambda$100/0x0000000800c1afe8 (java.rmi@15)
1322:             1             16  sun.rmi.server.Util$$Lambda$97/0x0000000800c17ba0 (java.rmi@15)
1323:             1             16  sun.rmi.transport.DGCAckHandler$$Lambda$131/0x0000000800c3dee8 (java.rmi@15)
1324:             1             16  sun.rmi.transport.DGCImpl$$Lambda$114/0x0000000800c22528 (java.rmi@15)
1325:             1             16  sun.rmi.transport.DGCImpl$$Lambda$115/0x0000000800c22740 (java.rmi@15)
1326:             1             16  sun.rmi.transport.DGCImpl$$Lambda$116/0x0000000800c22958 (java.rmi@15)
1327:             1             16  sun.rmi.transport.DGCImpl$$Lambda$118/0x0000000800c25198 (java.rmi@15)
1328:             1             16  sun.rmi.transport.DGCImpl$1 (java.rmi@15)
1329:             1             16  sun.rmi.transport.DGCImpl$2$$Lambda$119/0x0000000800c257d0 (java.rmi@15)
1330:             1             16  sun.rmi.transport.DGCImpl_Skel (java.rmi@15)
1331:             1             16  sun.rmi.transport.DGCImpl_Stub (java.rmi@15)
1332:             1             16  sun.rmi.transport.ObjectTable$$Lambda$113/0x0000000800c21ef0 (java.rmi@15)
1333:             1             16  sun.rmi.transport.Transport$$Lambda$108/0x0000000800c1d668 (java.rmi@15)
1334:             1             16  sun.rmi.transport.tcp.TCPChannel$$Lambda$121/0x0000000800c2e500 (java.rmi@15)
1335:             1             16  sun.rmi.transport.tcp.TCPChannel$$Lambda$122/0x0000000800c2e718 (java.rmi@15)
1336:             1             16  sun.rmi.transport.tcp.TCPChannel$$Lambda$123/0x0000000800c2e930 (java.rmi@15)
1337:             1             16  sun.rmi.transport.tcp.TCPDirectSocketFactory (java.rmi@15)
1338:             1             16  sun.rmi.transport.tcp.TCPEndpoint$$Lambda$106/0x0000000800c1cba0 (java.rmi@15)
1339:             1             16  sun.rmi.transport.tcp.TCPTransport$$Lambda$109/0x0000000800c1d880 (java.rmi@15)
1340:             1             16  sun.rmi.transport.tcp.TCPTransport$$Lambda$110/0x0000000800c1da98 (java.rmi@15)
1341:             1             16  sun.rmi.transport.tcp.TCPTransport$$Lambda$111/0x0000000800c1dcb0 (java.rmi@15)
1342:             1             16  sun.rmi.transport.tcp.TCPTransport$$Lambda$112/0x0000000800c206b8 (java.rmi@15)
1343:             1             16  sun.rmi.transport.tcp.TCPTransport$1 (java.rmi@15)
1344:             1             16  sun.security.jca.ProviderConfig$ProviderLoader (java.base@15)
1345:             1             16  sun.security.provider.AbstractDrbg$$Lambda$66/0x0000000800b8ea88 (java.base@15)
1346:             1             16  sun.security.provider.AbstractDrbg$SeederHolder$$Lambda$70/0x0000000800b95958 (java.base@15)
1347:             1             16  sun.security.provider.DRBG$$Lambda$65/0x0000000800b8d578 (java.base@15)
1348:             1             16  sun.security.provider.NativeSeedGenerator (java.base@15)
1349:             1             16  sun.security.util.ByteArrayLexOrder (java.base@15)
1350:             1             16  sun.security.util.ByteArrayTagOrder (java.base@15)
1351:             1             16  sun.security.util.KnownOIDs$$Lambda$64/0x0000000800b8ccf0 (java.base@15)
1352:             1             16  sun.util.calendar.Gregorian (java.base@15)
1353:             1             16  sun.util.cldr.CLDRBaseLocaleDataMetaInfo (java.base@15)
1354:             1             16  sun.util.locale.InternalLocaleBuilder$CaseInsensitiveChar (java.base@15)
1355:             1             16  sun.util.locale.provider.CalendarDataUtility$CalendarWeekParameterGetter (java.base@15)
1356:             1             16  sun.util.locale.provider.NumberFormatProviderImpl$$Lambda$23/0x0000000800b650f0 (java.base@15)
1357:             1             16  sun.util.locale.provider.NumberFormatProviderImpl$$Lambda$24/0x0000000800b65548 (java.base@15)
1358:             1             16  sun.util.locale.provider.TimeZoneNameUtility$TimeZoneNameGetter (java.base@15)
1359:             1             16  sun.util.logging.internal.LoggingProviderImpl (java.logging@15)
1360:             1             16  sun.util.resources.LocaleData$LocaleDataStrategy (java.base@15)
1361:             1             16  sun.util.resources.cldr.provider.CLDRLocaleDataMetaInfo (jdk.localedata@15)
Total        305337       17356960

:
C:\projects\job4j_tracker>jstat -gc 4216 1s 10
 S0C    S1C    S0U    S1U      EC       EU        OC         OU       MC     MU    CCSC   CCSU   YGC     YGCT    FGC    FGCT    CGC    CGCT     GCT
 0,0   1024,0  0,0   955,2  80896,0  31744,0   49152,0     3707,0   10752,0 9964,3 1280,0 1056,4      3    0,024   0      0,000   0      0,000    0,024
 0,0   1024,0  0,0   955,2  80896,0  31744,0   49152,0     3707,0   10752,0 9964,3 1280,0 1056,4      3    0,024   0      0,000   0      0,000    0,024
 0,0   1024,0  0,0   955,2  80896,0  31744,0   49152,0     3707,0   10752,0 9964,3 1280,0 1056,4      3    0,024   0      0,000   0      0,000    0,024
 0,0   1024,0  0,0   955,2  80896,0  31744,0   49152,0     3707,0   10752,0 9964,3 1280,0 1056,4      3    0,024   0      0,000   0      0,000    0,024
 0,0   1024,0  0,0   955,2  80896,0  31744,0   49152,0     3707,0   10752,0 9964,3 1280,0 1056,4      3    0,024   0      0,000   0      0,000    0,024
 0,0   1024,0  0,0   955,2  80896,0  31744,0   49152,0     3707,0   10752,0 9964,3 1280,0 1056,4      3    0,024   0      0,000   0      0,000    0,024
 0,0   1024,0  0,0   955,2  80896,0  31744,0   49152,0     3707,0   10752,0 9964,3 1280,0 1056,4      3    0,024   0      0,000   0      0,000    0,024
 0,0   1024,0  0,0   955,2  80896,0  31744,0   49152,0     3707,0   10752,0 9964,3 1280,0 1056,4      3    0,024   0      0,000   0      0,000    0,024
 0,0   1024,0  0,0   955,2  80896,0  31744,0   49152,0     3707,0   10752,0 9964,3 1280,0 1056,4      3    0,024   0      0,000   0      0,000    0,024
 0,0   1024,0  0,0   955,2  80896,0  31744,0   49152,0     3707,0   10752,0 9964,3 1280,0 1056,4      3    0,024   0      0,000   0      0,000    0,024

C:\projects\job4j_tracker>
C:\projects\job4j_tracker>jmap -histo 4216
No dump file specified
 num     #instances         #bytes  class name (module)
-------------------------------------------------------
   1:        110490       10334256  [B (java.base@15)
   2:         22389        4599752  [I (java.base@15)
   3:         14571        4244104  [C (java.base@15)
   4:         89849        3908360  [Ljava.lang.Object; (java.base@15)
   5:         65280        2088960  java.io.ObjectStreamClass$WeakClassKey (java.base@15)
   6:         55417        1330008  java.lang.String (java.base@15)
   7:         10978        1317360  java.io.ObjectStreamClass (java.base@15)
   8:          2287         581944  [J (java.base@15)
   9:         12007         576336  java.util.HashMap (java.base@15)
  10:         21940         526560  java.lang.Long (java.base@15)
  11:         14524         464768  java.util.HashMap$Node (java.base@15)
  12:         15226         459264  [Ljava.lang.String; (java.base@15)
  13:         19117         458808  java.lang.StringBuilder (java.base@15)
  14:          6141         415928  [Ljava.util.HashMap$Node; (java.base@15)
  15:          3011         363088  java.lang.Class (java.base@15)
  16:          7227         289080  java.util.TreeMap$Entry (java.base@15)
  17:          8235         284800  [Ljavax.management.ObjectName$Property; (java.management@15)
  18:          6690         267600  java.io.DataOutputStream (java.base@15)
  19:         10549         253176  javax.management.Attribute (java.management@15)
  20:         10209         245016  java.io.SerialCallbackContext (java.base@15)
  21:          7558         241856  java.util.concurrent.ConcurrentHashMap$Node (java.base@15)
  22:          5840         233600  java.io.ObjectOutputStream$HandleTable (java.base@15)
  23:          5490         219600  java.io.ObjectStreamClass$FieldReflectorKey (java.base@15)
  24:          2920         210240  sun.rmi.transport.ConnectionInputStream (java.rmi@15)
  25:          3263         199192  [Ljava.io.ObjectInputStream$HandleTable$HandleList; (java.base@15)
  26:          5850         187200  java.rmi.server.UID (java.rmi@15)
  27:          2920         186880  sun.rmi.transport.ConnectionOutputStream (java.rmi@15)
  28:          2047         163640  [S (java.base@15)
  29:          2920         163520  java.io.ObjectInputStream$BlockDataInputStream (java.base@15)
  30:          1760         154880  java.lang.reflect.Method (java.base@15)
  31:          4763         152416  java.util.TreeMap$EntryIterator (java.base@15)
  32:          5504         151664  [Ljava.lang.Class; (java.base@15)
  33:          8709         139344  java.lang.Object (java.base@15)
  34:          2921         116840  sun.rmi.transport.StreamRemoteCall (java.rmi@15)
  35:          2920         116800  java.io.ObjectOutputStream$BlockDataOutputStream (java.base@15)
  36:          3527         112864  java.util.TreeMap$KeyIterator (java.base@15)
  37:          4478         107472  javax.management.ObjectName$Property (java.management@15)
  38:          2926          93632  java.io.DataInputStream (java.base@15)
  39:          2920          93440  java.io.ObjectInputStream$HandleTable (java.base@15)
  40:          2920          93440  java.io.ObjectInputStream$PeekInputStream (java.base@15)
  41:          5840          93440  sun.rmi.transport.Transport$$Lambda$127/0x0000000800c333c0 (java.rmi@15)
  42:          2920          93440  sun.rmi.transport.Transport$1 (java.rmi@15)
  43:          2756          88192  javax.management.ObjectName (java.management@15)
  44:          2723          87136  javax.management.AttributeList (java.management@15)
  45:          1806          86688  java.util.TreeMap (java.base@15)
  46:          1717          82416  java.lang.management.MemoryUsage (java.management@15)
  47:          3255          78120  java.util.ArrayList (java.base@15)
  48:           114          72832  [Ljava.util.concurrent.ConcurrentHashMap$Node; (java.base@15)
  49:          2924          70176  java.rmi.server.ObjID (java.rmi@15)
  50:          2923          70152  sun.rmi.transport.ObjectEndpoint (java.rmi@15)
  51:          2920          70080  java.io.ObjectOutputStream$ReplaceTable (java.base@15)
  52:          2785          66840  javax.management.remote.rmi.RMIConnectionImpl$PrivilegedOperation (java.management.rmi@15)
  53:          2777          66648  java.io.ObjectStreamClass$ClassDataSlot (java.base@15)
  54:          2759          66240  [Ljava.io.ObjectStreamClass$ClassDataSlot; (java.base@15)
  55:          2732          65568  [Ljava.io.ObjectInputStream$FieldValues; (java.base@15)
  56:          2732          65568  java.io.ObjectInputStream$FieldValues (java.base@15)
  57:          1563          62520  sun.util.locale.LocaleObjectCache$CacheEntry (java.base@15)
  58:          1414          56560  java.lang.ref.SoftReference (java.base@15)
  59:          1229          49160  java.util.LinkedHashMap$Entry (java.base@15)
  60:          3009          48144  java.util.HashSet (java.base@15)
  61:          1962          47088  java.util.Collections$UnmodifiableCollection$1 (java.base@15)
  62:          2932          46912  java.util.HashMap$Values (java.base@15)
  63:          2920          46720  java.io.ObjectInputStream$ValidationList (java.base@15)
  64:          1769          42456  javax.management.openmbean.CompositeDataSupport (java.management@15)
  65:           557          40104  java.lang.reflect.Field (java.base@15)
  66:           673          32304  java.lang.invoke.MemberName (java.base@15)
  67:           447          32184  java.lang.reflect.Constructor (java.base@15)
  68:           501          32064  java.util.concurrent.ConcurrentHashMap (java.base@15)
  69:          1857          29712  sun.rmi.server.MarshalOutputStream$1 (java.rmi@15)
  70:          1776          28416  java.util.TreeMap$KeySet (java.base@15)
  71:          1717          27472  java.util.TreeMap$EntrySet (java.base@15)
  72:           680          27200  java.lang.reflect.InvocationTargetException (java.base@15)
  73:           413          26432  java.lang.Class$ReflectionData (java.base@15)
  74:           800          25600  java.util.Locale (java.base@15)
  75:           799          25568  sun.util.locale.BaseLocale (java.base@15)
  76:           784          25088  java.net.InetAddress$InetAddressHolder (java.base@15)
  77:           780          24960  sun.util.locale.BaseLocale$Key (java.base@15)
  78:           607          24280  java.util.HashMap$ValueIterator (java.base@15)
  79:           498          19920  java.lang.invoke.MethodType (java.base@15)
  80:           268          18224  [Ljava.lang.ref.SoftReference; (java.base@15)
  81:           569          18208  java.lang.invoke.LambdaForm$Name (java.base@15)
  82:           416          16640  java.math.BigInteger (java.base@15)
  83:           518          16576  java.net.Inet6Address$Inet6AddressHolder (java.base@15)
  84:           510          16320  java.lang.invoke.MethodType$ConcurrentWeakInternSet$WeakEntry (java.base@15)
  85:           340          13600  java.lang.UnsupportedOperationException (java.base@15)
  86:           558          13392  java.security.Provider$ServiceKey (java.base@15)
  87:           538          12912  java.lang.invoke.ResolvedMethodName (java.base@15)
  88:           518          12432  java.net.Inet6Address (java.base@15)
  89:           174          12400  [Ljava.lang.Thread; (java.base@15)
  90:           220          12320  java.security.Provider$Service (java.base@15)
  91:           190          11280  [Ljava.lang.reflect.Method; (java.base@15)
  92:           339          10848  java.lang.ref.WeakReference (java.base@15)
  93:           190          10640  java.lang.Module (java.base@15)
  94:           612           9792  java.lang.Integer (java.base@15)
  95:           171           9576  [Ljava.net.InetAddress; (java.base@15)
  96:           119           9520  jdk.internal.reflect.DelegatingClassLoader (java.base@15)
  97:           396           9504  java.lang.module.ModuleDescriptor$Exports (java.base@15)
  98:           215           8600  java.io.ObjectStreamField (java.base@15)
  99:           247           7904  sun.security.util.KnownOIDs (java.base@15)
 100:           144           6912  java.lang.invoke.LambdaForm (java.base@15)
 101:           149           6904  [Ljava.lang.invoke.LambdaForm$Name; (java.base@15)
 102:           292           6848  [Ljava.lang.reflect.Constructor; (java.base@15)
 103:           266           6384  java.net.Inet4Address (java.base@15)
 104:           158           6320  java.util.WeakHashMap$Entry (java.base@15)
 105:           262           6288  java.util.ImmutableCollections$Set12 (java.base@15)
 106:           196           6272  java.lang.invoke.DirectMethodHandle (java.base@15)
 107:           252           6048  javax.management.ImmutableDescriptor (java.management@15)
 108:           177           5664  java.lang.module.ModuleDescriptor$Requires (java.base@15)
 109:            70           5600  java.net.URI (java.base@15)
 110:            15           5520  java.lang.Thread (java.base@15)
 111:           138           5520  java.security.ProtectionDomain (java.base@15)
 112:           170           5440  java.lang.invoke.LambdaForm$NamedFunction (java.base@15)
 113:           134           5360  java.security.CodeSource (java.base@15)
 114:           212           5088  jdk.internal.reflect.NativeConstructorAccessorImpl (java.base@15)
 115:           155           4960  com.sun.jmx.mbeanserver.ConvertingMethod (java.management@15)
 116:           150           4800  java.lang.invoke.MethodTypeForm (java.base@15)
 117:           200           4800  java.util.Arrays$ArrayItr (java.base@15)
 118:            97           4656  java.util.logging.LogManager$LoggerWeakRef (java.logging@15)
 119:           187           4488  java.security.Provider$UString (java.base@15)
 120:            70           4480  java.lang.module.ModuleDescriptor (java.base@15)
 121:           172           4128  java.util.concurrent.ConcurrentSkipListMap$Node (java.base@15)
 122:           170           4080  jdk.internal.module.ServicesCatalog$ServiceProvider (java.base@15)
 123:           127           4064  jdk.internal.loader.NativeLibraries (java.base@15)
 124:           166           3984  java.util.ImmutableCollections$SetN (java.base@15)
 125:            70           3920  jdk.internal.module.ModuleReferenceImpl (java.base@15)
 126:           157           3768  java.time.LocalDateTime (java.base@15)
 127:           150           3600  java.util.ImmutableCollections$List12 (java.base@15)
 128:           109           3488  java.lang.invoke.BoundMethodHandle$Species_L (java.base@15)
 129:            39           3440  [Ljava.lang.invoke.MethodHandle; (java.base@15)
 130:            86           3440  java.net.InetAddress$CachedAddresses (java.base@15)
 131:           213           3408  jdk.internal.reflect.DelegatingConstructorAccessorImpl (java.base@15)
 132:            32           3360  [Ljava.util.WeakHashMap$Entry; (java.base@15)
 133:           166           3320  [Lcom.sun.jmx.mbeanserver.MXBeanMapping; (java.management@15)
 134:            71           3248  [Ljava.lang.reflect.Field; (java.base@15)
 135:            79           3160  com.sun.management.internal.DiagnosticCommandArgumentInfo (jdk.management@15)
 136:            49           3136  javax.management.openmbean.OpenMBeanAttributeInfoSupport (java.management@15)
 137:            91           2912  java.util.logging.LogManager$LogNode (java.logging@15)
 138:            55           2888  [Ljavax.management.MBeanAttributeInfo; (java.management@15)
 139:            86           2752  java.net.InetAddress$CachedLocalHost (java.base@15)
 140:           104           2744  [[C (java.base@15)
 141:            85           2720  java.util.concurrent.ConcurrentSkipListMap$KeyIterator (java.base@15)
 142:           112           2688  java.util.concurrent.CopyOnWriteArrayList (java.base@15)
 143:            65           2600  org.postgresql.PGProperty
 144:            54           2592  javax.management.MBeanInfo (java.management@15)
 145:            91           2528  [Ljava.io.ObjectStreamField; (java.base@15)
 146:           156           2496  java.util.Collections$UnmodifiableSet (java.base@15)
 147:            93           2232  java.time.LocalDate (java.base@15)
 148:           138           2208  [Ljava.security.Principal; (java.base@15)
 149:           138           2208  java.security.ProtectionDomain$Key (java.base@15)
 150:            55           2200  java.lang.invoke.BoundMethodHandle$Species_LL (java.base@15)
 151:           134           2144  java.util.HashMap$EntrySet (java.base@15)
 152:            53           2120  sun.security.util.NamedCurve (java.base@15)
 153:            66           2112  java.lang.invoke.LambdaForm$Kind (java.base@15)
 154:            44           2112  java.lang.invoke.LambdaFormEditor$Transform (java.base@15)
 155:            65           2080  javax.management.MBeanAttributeInfo (java.management@15)
 156:            37           2072  sun.util.calendar.ZoneInfo (java.base@15)
 157:           128           2048  java.lang.Character (java.base@15)
 158:            85           2040  java.net.InetAddress$NameServiceAddresses (java.base@15)
 159:            36           2016  java.util.logging.Logger (java.logging@15)
 160:            41           1968  com.sun.management.internal.DiagnosticCommandInfo (jdk.management@15)
 161:            48           1920  java.lang.invoke.DirectMethodHandle$Constructor (java.base@15)
 162:            60           1920  jdk.internal.loader.BuiltinClassLoader$LoadedModule (java.base@15)
 163:            59           1888  java.lang.ref.ReferenceQueue (java.base@15)
 164:            77           1848  java.util.Arrays$ArrayList (java.base@15)
 165:            72           1728  java.lang.module.ModuleDescriptor$Provides (java.base@15)
 166:            53           1696  java.security.spec.EllipticCurve (java.base@15)
 167:            53           1696  sun.security.util.ObjectIdentifier (java.base@15)
 168:            70           1680  jdk.internal.module.SystemModuleFinders$2 (java.base@15)
 169:             3           1608  [[B (java.base@15)
 170:            33           1584  java.time.temporal.ValueRange (java.base@15)
 171:            99           1584  jdk.internal.reflect.DelegatingMethodAccessorImpl (java.base@15)
 172:            38           1520  javax.management.MBeanOperationInfo (java.management@15)
 173:            63           1512  sun.reflect.generics.tree.SimpleClassTypeSignature (java.base@15)
 174:            37           1480  java.util.logging.Logger$ConfigurationData (java.logging@15)
 175:            61           1464  java.lang.module.ResolvedModule (java.base@15)
 176:            61           1464  jdk.internal.module.SystemModuleFinders$SystemModuleReader (java.base@15)
 177:            25           1400  java.util.LinkedHashMap (java.base@15)
 178:            29           1392  java.util.WeakHashMap (java.base@15)
 179:            42           1344  javax.management.MBeanParameterInfo (java.management@15)
 180:            45           1336  [Ljavax.management.MBeanOperationInfo; (java.management@15)
 181:            41           1312  com.sun.management.internal.DiagnosticCommandImpl$Wrapper (jdk.management@15)
 182:            54           1296  java.security.spec.ECPoint (java.base@15)
 183:            39           1248  jdk.internal.reflect.UnsafeQualifiedStaticLongFieldAccessorImpl (java.base@15)
 184:            51           1224  java.util.concurrent.ConcurrentSkipListMap$Index (java.base@15)
 185:            30           1200  java.lang.invoke.DirectMethodHandle$Accessor (java.base@15)
 186:            30           1200  java.time.temporal.ChronoField (java.base@15)
 187:            38           1184  [Ljava.math.BigInteger; (java.base@15)
 188:            63           1176  [Lsun.reflect.generics.tree.TypeArgument; (java.base@15)
 189:            29           1160  java.io.ObjectStreamClass$FieldReflector (java.base@15)
 190:            29           1160  java.security.AccessControlContext (java.base@15)
 191:            47           1128  java.util.jar.Attributes$Name (java.base@15)
 192:            20           1120  java.nio.HeapCharBuffer (java.base@15)
 193:            70           1120  java.util.HashMap$KeySet (java.base@15)
 194:            27           1080  java.lang.invoke.MethodHandleImpl$AsVarargsCollector (java.base@15)
 195:             2           1064  [Ljava.lang.Integer; (java.base@15)
 196:            22           1056  jdk.internal.ref.CleanerImpl$PhantomCleanableRef (java.base@15)
 197:             1           1048  [Lsun.security.util.KnownOIDs; (java.base@15)
 198:             1           1040  [Ljava.lang.Long; (java.base@15)
 199:            65           1040  jdk.internal.module.SystemModuleFinders$3 (java.base@15)
 200:            41           1024  [Lcom.sun.management.internal.DiagnosticCommandArgumentInfo; (jdk.management@15)
 201:            32           1024  java.lang.ThreadLocal$ThreadLocalMap$Entry (java.base@15)
 202:            21           1008  java.io.ObjectInputStream$FilterValues (java.base@15)
 203:            18           1008  sun.security.ec.SunEC$ProviderServiceA (jdk.crypto.ec@15)
 204:            31            992  java.lang.invoke.VarHandle$AccessMode (java.base@15)
 205:            62            992  sun.reflect.generics.tree.ClassTypeSignature (java.base@15)
 206:            41            984  com.sun.jmx.mbeanserver.PerInterface$MethodAndSig (java.management@15)
 207:            41            984  java.util.Collections$UnmodifiableRandomAccessList (java.base@15)
 208:            61            976  java.lang.ref.ReferenceQueue$Lock (java.base@15)
 209:            24            960  com.sun.jmx.mbeanserver.MXBeanSupport (java.management@15)
 210:            30            960  java.security.Provider$EngineDescription (java.base@15)
 211:            17            952  javax.management.openmbean.CompositeType (java.management@15)
 212:            28            936  [Ljava.time.format.DateTimeFormatterBuilder$DateTimePrinterParser; (java.base@15)
 213:            23            920  java.lang.Package$VersionInfo (java.base@15)
 214:            19            912  javax.management.openmbean.ArrayType (java.management@15)
 215:            37            904  [Ljavax.management.MBeanParameterInfo; (java.management@15)
 216:            16            896  sun.security.ec.SunEC$ProviderService (jdk.crypto.ec@15)
 217:             3            888  [[Ljava.lang.String; (java.base@15)
 218:             6            864  [Ljava.lang.invoke.MemberName; (java.base@15)
 219:            36            864  java.lang.management.ManagementPermission (java.management@15)
 220:            13            832  org.postgresql.core.v3.SimpleQuery
 221:            25            800  com.sun.jmx.mbeanserver.WeakIdentityHashMap$IdentityWeakReference (java.management@15)
 222:            25            800  java.time.format.DateTimeFormatterBuilder$NumberPrinterParser (java.base@15)
 223:            14            784  javax.management.openmbean.OpenMBeanParameterInfoSupport (java.management@15)
 224:            32            768  com.sun.jmx.mbeanserver.DefaultMXBeanMappingFactory$IdentityMapping (java.management@15)
 225:            24            768  java.lang.Package (java.base@15)
 226:            12            768  java.net.URL (java.base@15)
 227:            12            768  java.nio.DirectByteBuffer (java.base@15)
 228:            23            736  sun.management.MappedMXBeanType$BasicMXBeanType (java.management@15)
 229:            18            720  java.lang.invoke.BoundMethodHandle$Species_LJ (java.base@15)
 230:            30            720  java.time.LocalTime (java.base@15)
 231:            30            720  jdk.internal.reflect.Label$PatchInfo (java.base@15)
 232:            18            720  sun.reflect.generics.repository.MethodRepository (java.base@15)
 233:            22            704  java.util.ArrayList$Itr (java.base@15)
 234:            31            688  [Ljava.lang.reflect.Type; (java.base@15)
 235:             7            680  [D (java.base@15)
 236:            28            672  java.time.format.DateTimeFormatterBuilder$CompositePrinterParser (java.base@15)
 237:            41            656  jdk.internal.reflect.BootstrapConstructorAccessorImpl (java.base@15)
 238:            27            648  java.util.Collections$SingletonList (java.base@15)
 239:             2            640  [Ljava.time.LocalDateTime; (java.base@15)
 240:            16            640  java.time.format.DateTimeFormatter (java.base@15)
 241:             3            624  [Ljava.lang.invoke.LambdaForm; (java.base@15)
 242:            26            624  com.sun.jmx.mbeanserver.NamedObject (java.management@15)
 243:            26            624  java.security.spec.ECFieldF2m (java.base@15)
 244:            25            600  java.time.Duration (java.base@15)
 245:            18            576  java.util.concurrent.locks.ReentrantLock$NonfairSync (java.base@15)
 246:            18            576  sun.reflect.generics.tree.MethodTypeSignature (java.base@15)
 247:             7            560  java.util.concurrent.TimeUnit (java.base@15)
 248:            14            560  javax.management.openmbean.SimpleType (java.management@15)
 249:            10            560  sun.invoke.util.Wrapper (java.base@15)
 250:             7            560  sun.nio.ch.NioSocketImpl (java.base@15)
 251:            23            552  java.lang.invoke.Invokers (java.base@15)
 252:            34            544  java.util.ImmutableCollections$ListN (java.base@15)
 253:             1            528  [Ljava.lang.Character; (java.base@15)
 254:            11            528  com.sun.jmx.mbeanserver.DefaultMXBeanMappingFactory$CompositeMapping (java.management@15)
 255:            22            528  jdk.internal.reflect.NativeMethodAccessorImpl (java.base@15)
 256:            13            520  com.sun.jmx.mbeanserver.PerInterface (java.management@15)
 257:            13            520  javax.management.remote.rmi.RMIConnectionImpl$4 (java.management.rmi@15)
 258:            16            512  java.time.temporal.ChronoUnit (java.base@15)
 259:            21            504  java.lang.RuntimePermission (java.base@15)
 260:            21            504  java.util.AbstractMap$SimpleImmutableEntry (java.base@15)
 261:            21            504  sun.reflect.generics.factory.CoreReflectionFactory (java.base@15)
 262:             7            496  [Lsun.invoke.util.Wrapper; (java.base@15)
 263:             6            480  [Ljava.lang.ThreadLocal$ThreadLocalMap$Entry; (java.base@15)
 264:            12            480  java.io.FileDescriptor (java.base@15)
 265:            12            480  java.lang.invoke.VarHandleReferences$FieldInstanceReadWrite (java.base@15)
 266:            19            456  java.lang.Class$AnnotationData (java.base@15)
 267:            19            456  sun.reflect.generics.reflectiveObjects.ParameterizedTypeImpl (java.base@15)
 268:            25            448  [Lsun.reflect.generics.tree.FieldTypeSignature; (java.base@15)
 269:            14            448  java.lang.invoke.VarHandle$AccessDescriptor (java.base@15)
 270:             8            448  sun.management.MemoryPoolImpl (java.management@15)
 271:            20            440  [Ljavax.management.MBeanNotificationInfo; (java.management@15)
 272:            11            440  java.lang.OutOfMemoryError (java.base@15)
 273:             1            432  [[[C (java.base@15)
 274:             9            432  java.lang.invoke.BoundMethodHandle$SpeciesData (java.base@15)
 275:            27            432  java.security.spec.ECFieldFp (java.base@15)
 276:             9            432  java.util.Hashtable (java.base@15)
 277:            18            432  javax.management.StandardMBean (java.management@15)
 278:            18            432  sun.reflect.generics.scope.MethodScope (java.base@15)
 279:             9            424  [Ljava.util.Hashtable$Entry; (java.base@15)
 280:            13            416  org.postgresql.core.NativeQuery
 281:            13            416  sun.security.jca.ProviderConfig (java.base@15)
 282:            17            408  java.io.ObjectStreamClass$ExceptionInfo (java.base@15)
 283:            17            408  sun.nio.ch.OptionKey (java.base@15)
 284:            17            408  sun.nio.ch.SocketOptionRegistry$RegistryKey (java.base@15)
 285:             5            400  [Ljava.nio.ByteBuffer; (java.base@15)
 286:            10            400  java.util.IdentityHashMap (java.base@15)
 287:            10            400  sun.nio.fs.WindowsPath (java.base@15)
 288:             7            392  java.lang.invoke.BoundMethodHandle$Species_LLLLLLL (java.base@15)
 289:             7            392  java.nio.HeapByteBuffer (java.base@15)
 290:             7            392  java.util.Properties (java.base@15)
 291:             2            384  [Ljava.time.ZoneOffset; (java.base@15)
 292:            16            384  java.time.ZoneOffset (java.base@15)
 293:            12            384  javax.management.remote.NotificationResult (java.management@15)
 294:            12            384  jdk.jfr.internal.LogTag (jdk.jfr@15)
 295:            16            384  sun.management.MemoryUsageCompositeData (java.management@15)
 296:            22            376  [Lsun.reflect.generics.tree.FormalTypeParameter; (java.base@15)
 297:             1            376  com.intellij.rt.execution.application.AppMainV2$1
 298:             1            376  java.lang.ref.Finalizer$FinalizerThread (java.base@15)
 299:             1            376  java.util.logging.LogManager$Cleaner (java.logging@15)
 300:             1            376  jdk.internal.misc.InnocuousThread (java.base@15)
 301:             1            368  java.lang.ref.Reference$ReferenceHandler (java.base@15)
 302:             9            360  [Ljava.lang.invoke.BoundMethodHandle$SpeciesData; (java.base@15)
 303:             9            360  sun.util.resources.Bundles$BundleReference (java.base@15)
 304:             8            352  [Ljava.lang.invoke.MethodType; (java.base@15)
 305:            22            352  java.time.format.DateTimeFormatterBuilder$CharLiteralPrinterParser (java.base@15)
 306:             4            352  java.util.regex.Pattern (java.base@15)
 307:            11            352  jdk.internal.reflect.UnsafeQualifiedStaticObjectFieldAccessorImpl (java.base@15)
 308:             6            336  java.nio.DirectLongBufferU (java.base@15)
 309:            14            336  org.postgresql.core.ServerVersion
 310:             3            336  sun.security.provider.HashDrbg (java.base@15)
 311:            21            336  sun.util.logging.internal.LoggingProviderImpl$JULWrapper (java.logging@15)
 312:            18            328  [Lsun.reflect.generics.tree.TypeSignature; (java.base@15)
 313:             3            328  [Z (java.base@15)
 314:             8            320  java.lang.invoke.DirectMethodHandle$Interface (java.base@15)
 315:             8            320  jdk.internal.loader.NativeLibraries$NativeLibraryImpl (java.base@15)
 316:             8            320  sun.management.MemoryPoolImpl$CollectionSensor (java.management@15)
 317:             8            320  sun.management.MemoryPoolImpl$PoolSensor (java.management@15)
 318:             5            320  sun.nio.cs.SingleByte$Encoder (java.base@15)
 319:             8            320  sun.rmi.transport.tcp.TCPEndpoint (java.rmi@15)
 320:            17            312  [Ljavax.management.MBeanConstructorInfo; (java.management@15)
 321:            13            312  java.util.concurrent.atomic.AtomicLong (java.base@15)
 322:            19            304  jdk.internal.reflect.Label (java.base@15)
 323:            12            288  com.sun.jmx.remote.util.ClassLogger (java.management@15)
 324:             6            288  java.lang.invoke.BoundMethodHandle$Species_LLLLL (java.base@15)
 325:            12            288  java.net.StandardSocketOptions$StdSocketOption (java.base@15)
 326:             9            288  java.util.Collections$UnmodifiableMap (java.base@15)
 327:             9            288  java.util.Hashtable$Entry (java.base@15)
 328:            18            288  java.util.concurrent.locks.ReentrantLock (java.base@15)
 329:             3            288  java.util.jar.JarFile$JarFileEntry (java.base@15)
 330:             9            288  java.util.logging.Level (java.logging@15)
 331:             9            288  java.util.logging.Level$KnownLevel (java.logging@15)
 332:             9            288  javax.management.MBeanNotificationInfo (java.management@15)
 333:             9            288  jdk.internal.org.objectweb.asm.Type (java.base@15)
 334:             9            288  org.postgresql.core.SqlCommand
 335:             9            288  sun.util.resources.Bundles$CacheKey (java.base@15)
 336:             1            280  [Ljava.lang.invoke.LambdaForm$Kind; (java.base@15)
 337:             1            280  [Lorg.postgresql.PGProperty;
 338:             7            280  sun.util.locale.provider.LocaleResources$ResourceReference (java.base@15)
 339:            11            264  java.lang.invoke.MethodHandleImpl$Intrinsic (java.base@15)
 340:            11            264  java.security.Permissions (java.base@15)
 341:             8            256  java.lang.invoke.MethodHandleNatives$CallSiteContext (java.base@15)
 342:             8            256  java.lang.reflect.ProxyGenerator$PrimitiveTypeInfo (java.base@15)
 343:            16            256  java.util.Collections$UnmodifiableMap$UnmodifiableEntrySet$UnmodifiableEntry (java.base@15)
 344:            16            256  java.util.concurrent.atomic.AtomicInteger (java.base@15)
 345:             5            240  java.lang.invoke.BoundMethodHandle$Species_LLLL (java.base@15)
 346:             6            240  java.net.Socket (java.base@15)
 347:            10            240  java.nio.charset.CoderResult (java.base@15)
 348:            10            240  java.nio.file.StandardOpenOption (java.base@15)
 349:             5            240  sun.nio.cs.UTF_8$Encoder (java.base@15)
 350:             5            232  [Ljava.lang.invoke.LambdaForm$NamedFunction; (java.base@15)
 351:            14            224  java.util.Collections$SingletonSet (java.base@15)
 352:             7            224  org.postgresql.core.Parser$SqlParseState
 353:             9            216  com.sun.jmx.interceptor.DefaultMBeanServerInterceptor$ListenerWrapper (java.management@15)
 354:             9            216  java.util.ArrayDeque (java.base@15)
 355:             9            216  java.util.LinkedList$Node (java.base@15)
 356:             9            216  org.postgresql.shaded.com.ongres.scram.common.ScramAttributes
 357:             9            216  sun.rmi.runtime.Log$LoggerLog (java.rmi@15)
 358:             9            216  sun.util.logging.PlatformLogger$Level (java.base@15)
 359:             1            208  org.postgresql.core.v3.QueryExecutorImpl
 360:             5            200  java.util.EnumMap (java.base@15)
 361:             5            200  java.util.stream.StreamOpFlag (java.base@15)
 362:             5            200  jdk.internal.ref.Cleaner (java.base@15)
 363:            12            192  [Ljavax.management.remote.TargetedNotification; (java.management@15)
 364:             6            192  com.sun.jmx.mbeanserver.DefaultMXBeanMappingFactory$CollectionMapping (java.management@15)
 365:             6            192  java.io.BufferedOutputStream (java.base@15)
 366:             4            192  java.lang.ThreadGroup (java.base@15)
 367:             6            192  java.lang.invoke.LambdaForm$BasicType (java.base@15)
 368:             8            192  java.math.RoundingMode (java.base@15)
 369:             8            192  java.net.NetPermission (java.base@15)
 370:             3            192  java.nio.DirectByteBufferR (java.base@15)
 371:             6            192  java.time.format.TextStyle (java.base@15)
 372:             8            192  java.util.Collections$SetFromMap (java.base@15)
 373:             6            192  java.util.Collections$SynchronizedMap (java.base@15)
 374:             6            192  java.util.RegularEnumSet (java.base@15)
 375:             4            192  java.util.concurrent.ThreadPoolExecutor$Worker (java.base@15)
 376:             4            192  org.postgresql.shaded.com.ongres.scram.common.ScramMechanisms
 377:             6            192  sun.management.NotificationEmitterSupport$ListenerInfo (java.management@15)
 378:             4            192  sun.nio.cs.SingleByte$Decoder (java.base@15)
 379:             4            192  sun.nio.cs.StreamEncoder (java.base@15)
 380:            11            176  java.lang.ThreadLocal (java.base@15)
 381:             1            168  [[Ljava.math.BigInteger; (java.base@15)
 382:             7            168  java.lang.System$Logger$Level (java.base@15)
 383:             3            168  javax.management.openmbean.OpenMBeanOperationInfoSupport (java.management@15)
 384:             3            168  org.postgresql.core.Field
 385:             7            168  org.postgresql.core.SqlCommandType
 386:             7            168  sun.management.counter.Units (java.management@15)
 387:             3            168  sun.rmi.transport.Target (java.rmi@15)
 388:             3            168  sun.rmi.transport.tcp.TCPConnection (java.rmi@15)
 389:             6            160  [Ljava.rmi.server.Operation; (java.rmi@15)
 390:             3            160  [Ljava.util.logging.Level; (java.logging@15)
 391:             2            160  [[Ljava.lang.Object; (java.base@15)
 392:             4            160  java.io.BufferedInputStream (java.base@15)
 393:             5            160  java.lang.StringCoding$StringEncoder (java.base@15)
 394:             5            160  java.lang.invoke.MethodHandles$Lookup (java.base@15)
 395:             5            160  java.lang.invoke.VarHandle$AccessType (java.base@15)
 396:             5            160  java.nio.DirectByteBuffer$Deallocator (java.base@15)
 397:             5            160  java.util.ImmutableCollections$MapN (java.base@15)
 398:             5            160  java.util.LinkedList (java.base@15)
 399:             5            160  java.util.Vector (java.base@15)
 400:             2            160  java.util.zip.ZipFile$Source (java.base@15)
 401:             5            160  javax.management.StandardEmitterMBean (java.management@15)
 402:             5            160  sun.util.locale.provider.LocaleProviderAdapter$Type (java.base@15)
 403:             5            160  sun.util.locale.provider.LocaleResources (java.base@15)
 404:             1            144  [Ljava.lang.invoke.VarHandle$AccessMode; (java.base@15)
 405:             6            144  [Ljava.security.ProtectionDomain; (java.base@15)
 406:             6            144  java.lang.NamedPackage (java.base@15)
 407:             6            144  java.lang.Thread$State (java.base@15)
 408:             6            144  java.lang.ThreadLocal$ThreadLocalMap (java.base@15)
 409:             6            144  java.lang.invoke.VarForm (java.base@15)
 410:             6            144  java.rmi.dgc.Lease (java.rmi@15)
 411:             9            144  java.rmi.server.Operation (java.rmi@15)
 412:             3            144  java.time.temporal.JulianFields$Field (java.base@15)
 413:             6            144  java.util.BitSet (java.base@15)
 414:             1            144  java.util.Scanner (java.base@15)
 415:             3            144  javax.management.openmbean.TabularType (java.management@15)
 416:             6            144  jdk.internal.perf.PerfCounter (java.base@15)
 417:             1            144  jdk.internal.reflect.MethodAccessorGenerator (java.base@15)
 418:             6            144  org.postgresql.jdbc.SslMode
 419:             6            144  sun.reflect.annotation.AnnotationInvocationHandler (java.base@15)
 420:             3            144  sun.rmi.transport.tcp.TCPChannel (java.rmi@15)
 421:             6            144  sun.security.util.LazyCodeSourcePermissionCollection (java.base@15)
 422:             1            136  [Ljava.time.temporal.ChronoField; (java.base@15)
 423:             4            128  [Ljava.lang.invoke.LambdaFormEditor$Transform; (java.base@15)
 424:             4            128  com.sun.jmx.mbeanserver.DefaultMXBeanMappingFactory$ArrayMapping (java.management@15)
 425:             4            128  java.io.File (java.base@15)
 426:             4            128  java.lang.StringCoding$StringDecoder (java.base@15)
 427:             4            128  java.lang.invoke.VarHandleInts$FieldInstanceReadWrite (java.base@15)
 428:             2            128  java.net.SocksSocketImpl (java.base@15)
 429:             8            128  java.security.SecureClassLoader$CodeSourceKey (java.base@15)
 430:             2            128  java.security.SecureRandom (java.base@15)
 431:             4            128  java.util.concurrent.locks.AbstractQueuedSynchronizer$ConditionNode (java.base@15)
 432:             4            128  java.util.stream.FindOps$FindOp (java.base@15)
 433:             2            128  java.util.zip.Inflater (java.base@15)
 434:             4            128  jdk.internal.reflect.ClassFileAssembler (java.base@15)
 435:             4            128  org.postgresql.core.CachedQuery
 436:             2            128  org.postgresql.util.LruCache$LimitedMap
 437:             2            128  sun.nio.fs.WindowsFileAttributes (java.base@15)
 438:             4            128  sun.reflect.generics.reflectiveObjects.TypeVariableImpl (java.base@15)
 439:             4            128  sun.reflect.generics.repository.ClassRepository (java.base@15)
 440:             2            128  sun.security.provider.SHA2$SHA256 (java.base@15)
 441:             3            120  [Ljava.lang.invoke.LambdaForm$BasicType; (java.base@15)
 442:             5            120  java.lang.StringCoding$Result (java.base@15)
 443:             5            120  java.lang.module.ModuleDescriptor$Opens (java.base@15)
 444:             3            120  java.lang.reflect.ProxyGenerator$ProxyMethod (java.base@15)
 445:             5            120  java.net.Socket$SocketInputStream (java.base@15)
 446:             5            120  java.rmi.dgc.VMID (java.rmi@15)
 447:             5            120  java.time.format.SignStyle (java.base@15)
 448:             5            120  java.util.stream.StreamOpFlag$Type (java.base@15)
 449:             5            120  jdk.internal.math.FloatingDecimal$PreparedASCIIToBinaryBuffer (java.base@15)
 450:             5            120  jdk.net.ExtendedSocketOptions$ExtSocketOption (jdk.net@15)
 451:             1            120  org.postgresql.jdbc.PgConnection
 452:             5            120  sun.nio.ch.Util$BufferCache (java.base@15)
 453:             5            120  sun.nio.fs.WindowsPathType (java.base@15)
 454:             3            120  sun.rmi.transport.WeakRef (java.rmi@15)
 455:             3            120  sun.rmi.transport.tcp.TCPTransport$ConnectionHandler (java.rmi@15)
 456:             1            112  [Ljava.time.LocalTime; (java.base@15)
 457:             2            112  [Ljavax.management.openmbean.OpenType; (java.management@15)
 458:             2            112  java.io.FileCleanable (java.base@15)
 459:             2            112  java.net.SocketPermission (java.base@15)
 460:             2            112  java.nio.DirectIntBufferRU (java.base@15)
 461:             1            112  java.util.GregorianCalendar (java.base@15)
 462:             2            112  java.util.jar.JarFile (java.base@15)
 463:             1            112  jdk.internal.loader.ClassLoaders$AppClassLoader (java.base@15)
 464:             1            112  org.postgresql.jdbc.PgPreparedStatement
 465:             2            104  [Lsun.util.logging.PlatformLogger$Level; (java.base@15)
 466:             1            104  com.sun.crypto.provider.SunJCE (java.base@15)
 467:             1            104  jdk.internal.loader.ClassLoaders$BootClassLoader (java.base@15)
 468:             1            104  jdk.internal.loader.ClassLoaders$PlatformClassLoader (java.base@15)
 469:             1            104  sun.security.ec.SunEC (jdk.crypto.ec@15)
 470:             1            104  sun.security.jca.ProviderList$1 (java.base@15)
 471:             1            104  sun.security.provider.Sun (java.base@15)
 472:             1            104  sun.security.rsa.SunRsaSign (java.base@15)
 473:             1            104  sun.security.ssl.SunJSSE (java.base@15)
 474:             2             96  [Ljava.lang.System$Logger$Level; (java.base@15)
 475:             2             96  [Ljava.lang.management.MemoryUsage; (java.management@15)
 476:             6             96  [Ljava.util.regex.IntHashSet; (java.base@15)
 477:             2             96  [Lorg.postgresql.core.Parser$SqlParseState;
 478:             4             96  [Lsun.reflect.generics.tree.ClassTypeSignature; (java.base@15)
 479:             1             96  [Lsun.util.locale.BaseLocale; (java.base@15)
 480:             3             96  com.sun.jmx.mbeanserver.DefaultMXBeanMappingFactory$EnumMapping (java.management@15)
 481:             2             96  com.sun.management.internal.GarbageCollectorExtImpl (jdk.management@15)
 482:             6             96  com.sun.proxy.$Proxy1
 483:             4             96  java.io.OutputStreamWriter (java.base@15)
 484:             3             96  java.lang.Runtime$Version (java.base@15)
 485:             3             96  java.lang.invoke.SimpleMethodHandle (java.base@15)
 486:             4             96  java.lang.module.ModuleDescriptor$Modifier (java.base@15)
 487:             4             96  java.lang.module.ModuleDescriptor$Requires$Modifier (java.base@15)
 488:             4             96  java.net.Socket$SocketOutputStream (java.base@15)
 489:             4             96  java.security.BasicPermissionCollection (java.base@15)
 490:             4             96  java.sql.SQLPermission (java.sql@15)
 491:             4             96  java.time.OffsetDateTime (java.base@15)
 492:             4             96  java.time.format.DateTimeFormatterBuilder$OffsetIdPrinterParser (java.base@15)
 493:             4             96  java.time.format.DateTimeFormatterBuilder$SettingsParser (java.base@15)
 494:             4             96  java.util.regex.Pattern$CharPropertyGreedy (java.base@15)
 495:             4             96  java.util.regex.Pattern$Qtype (java.base@15)
 496:             4             96  java.util.regex.Pattern$Start (java.base@15)
 497:             4             96  java.util.stream.StreamShape (java.base@15)
 498:             3             96  javax.management.MBeanConstructorInfo (java.management@15)
 499:             2             96  javax.management.Notification (java.management@15)
 500:             4             96  javax.management.openmbean.TabularDataSupport (java.management@15)
 501:             1             96  jdk.internal.jimage.ImageReader$SharedImageReader (java.base@15)
 502:             4             96  jdk.internal.loader.AbstractClassLoaderValue$Sub (java.base@15)
 503:             6             96  jdk.internal.loader.ClassLoaderValue (java.base@15)
 504:             2             96  jdk.internal.loader.URLClassPath$JarLoader (java.base@15)
 505:             4             96  jdk.internal.logger.BootstrapLogger$LoggingBackend (java.base@15)
 506:             4             96  jdk.internal.reflect.ByteVectorImpl (java.base@15)
 507:             4             96  org.postgresql.core.JavaVersion
 508:             4             96  org.postgresql.hostchooser.HostStatus
 509:             4             96  org.postgresql.jdbc.PreferQueryMode
 510:             4             96  org.postgresql.jdbc.StatementCancelState
 511:             4             96  org.postgresql.shaded.com.ongres.scram.common.gssapi.Gs2Attributes
 512:             2             96  org.postgresql.util.LruCache
 513:             3             96  sun.net.spi.DefaultProxySelector$NonProxyInfo (java.base@15)
 514:             6             96  sun.nio.ch.NioSocketImpl$$Lambda$21/0x0000000800b61e78 (java.base@15)
 515:             2             96  sun.nio.cs.StreamDecoder (java.base@15)
 516:             4             96  sun.reflect.generics.tree.ClassSignature (java.base@15)
 517:             4             96  sun.reflect.generics.tree.FormalTypeParameter (java.base@15)
 518:             3             96  sun.rmi.transport.LiveRef (java.rmi@15)
 519:             2             96  sun.security.provider.MoreDrbgParameters (java.base@15)
 520:             1             96  sun.util.calendar.Gregorian$Date (java.base@15)
 521:             2             88  [Lsun.security.jca.ProviderConfig; (java.base@15)
 522:             1             88  com.sun.jmx.remote.util.ClassLoaderWithRepository (java.management@15)
 523:             1             88  javax.management.remote.rmi.RMIConnectionImpl$CombinedClassLoader (java.management.rmi@15)
 524:             1             88  sun.reflect.misc.MethodUtil (java.base@15)
 525:             2             80  [F (java.base@15)
 526:             1             80  [Ljava.time.temporal.ChronoUnit; (java.base@15)
 527:             1             80  [Ljava.util.concurrent.RunnableScheduledFuture; (java.base@15)
 528:             2             80  [Ljava.util.stream.StreamOpFlag$Type; (java.base@15)
 529:             2             80  [Lorg.postgresql.hostchooser.HostRequirement;
 530:             2             80  [Lorg.postgresql.jdbc.SslMode;
 531:             2             80  com.sun.jmx.mbeanserver.DefaultMXBeanMappingFactory$TabularMapping (java.management@15)
 532:             2             80  java.io.BufferedWriter (java.base@15)
 533:             2             80  java.io.PrintStream (java.base@15)
 534:             2             80  java.lang.ModuleLayer (java.base@15)
 535:             2             80  java.lang.VirtualMachineError (java.base@15)
 536:             2             80  java.lang.WeakPairMap$Pair$Weak (java.base@15)
 537:             2             80  java.lang.module.Configuration (java.base@15)
 538:             2             80  java.util.Collections$SingletonMap (java.base@15)
 539:             2             80  java.util.HashMap$EntryIterator (java.base@15)
 540:             5             80  java.util.IdentityHashMap$KeySet (java.base@15)
 541:             2             80  java.util.Locale$Category (java.base@15)
 542:             1             80  javax.management.remote.rmi.RMIConnectionImpl$CombinedClassLoader$ClassLoaderWrapper (java.management.rmi@15)
 543:             2             80  jdk.internal.math.FloatingDecimal$BinaryToASCIIBuffer (java.base@15)
 544:             1             80  org.postgresql.core.PGStream
 545:             2             80  org.postgresql.core.v3.SimpleParameterList
 546:             1             80  org.postgresql.jdbc.TypeInfoCache
 547:             2             80  sun.management.MemoryManagerImpl (java.management@15)
 548:             5             80  sun.nio.ch.NioSocketImpl$1 (java.base@15)
 549:             2             80  sun.nio.cs.UTF_8$Decoder (java.base@15)
 550:             2             80  sun.rmi.server.UnicastServerRef2 (java.rmi@15)
 551:             1             80  sun.util.cldr.CLDRLocaleProviderAdapter (java.base@15)
 552:             1             80  sun.util.locale.provider.JRELocaleProviderAdapter (java.base@15)
 553:             3             72  [Ljava.lang.reflect.TypeVariable; (java.base@15)
 554:             1             72  [Ljavax.management.openmbean.SimpleType; (java.management@15)
 555:             1             72  [Lorg.postgresql.core.ServerVersion;
 556:             3             72  java.io.ObjectInputFilter$Status (java.base@15)
 557:             3             72  java.lang.StackWalker$Option (java.base@15)
 558:             3             72  java.lang.WeakPairMap (java.base@15)
 559:             3             72  java.lang.annotation.RetentionPolicy (java.base@15)
 560:             3             72  java.net.Proxy$Type (java.base@15)
 561:             3             72  java.nio.file.AccessMode (java.base@15)
 562:             3             72  java.security.DrbgParameters$Capability (java.base@15)
 563:             3             72  java.security.SecurityPermission (java.base@15)
 564:             3             72  java.time.Instant (java.base@15)
 565:             3             72  java.time.format.ResolverStyle (java.base@15)
 566:             3             72  java.util.concurrent.ConcurrentHashMap$KeySetView (java.base@15)
 567:             1             72  java.util.concurrent.ScheduledThreadPoolExecutor (java.base@15)
 568:             1             72  java.util.concurrent.ScheduledThreadPoolExecutor$ScheduledFutureTask (java.base@15)
 569:             1             72  java.util.concurrent.ThreadPoolExecutor (java.base@15)
 570:             3             72  java.util.concurrent.locks.AbstractQueuedSynchronizer$ConditionObject (java.base@15)
 571:             1             72  java.util.regex.Matcher (java.base@15)
 572:             3             72  java.util.stream.Collector$Characteristics (java.base@15)
 573:             3             72  javax.management.NotificationBroadcasterSupport$ListenerInfo (java.management@15)
 574:             3             72  jdk.internal.math.FloatingDecimal$ExceptionalBinaryToASCIIBuffer (java.base@15)
 575:             3             72  jdk.internal.module.IllegalAccessLogger$Mode (java.base@15)
 576:             3             72  jdk.jfr.internal.SecuritySupport$SafePath (jdk.jfr@15)
 577:             3             72  org.postgresql.core.TransactionState
 578:             3             72  org.postgresql.jdbc.AutoSave
 579:             3             72  org.postgresql.jdbc.EscapeSyntaxCallMode
 580:             3             72  org.postgresql.jdbc.PgConnection$ReadOnlyBehavior
 581:             3             72  org.postgresql.shaded.com.ongres.scram.client.ScramClient$ChannelBinding
 582:             3             72  org.postgresql.shaded.com.ongres.scram.common.gssapi.Gs2CbindFlag
 583:             3             72  sun.management.ManagementFactoryHelper$1 (java.management@15)
 584:             3             72  sun.reflect.generics.scope.ClassScope (java.base@15)
 585:             3             72  sun.rmi.server.UnicastServerRef$$Lambda$128/0x0000000800c33810 (java.rmi@15)
 586:             2             64  [Ljava.lang.StackWalker$Option; (java.base@15)
 587:             2             64  [Ljava.lang.annotation.RetentionPolicy; (java.base@15)
 588:             1             64  [Ljava.lang.invoke.MethodHandleImpl$Intrinsic; (java.base@15)
 589:             2             64  [Ljava.nio.charset.CoderResult; (java.base@15)
 590:             2             64  [Ljava.util.stream.Collector$Characteristics; (java.base@15)
 591:             1             64  [Ljdk.jfr.internal.LogTag; (jdk.jfr@15)
 592:             2             64  [Lorg.postgresql.jdbc.AutoSave;
 593:             2             64  [Lorg.postgresql.jdbc.PgConnection$ReadOnlyBehavior;
 594:             1             64  com.sun.jmx.remote.internal.ArrayNotificationBuffer (java.management@15)
 595:             2             64  com.sun.management.internal.GcInfoCompositeData (jdk.management@15)
 596:             2             64  java.io.FileOutputStream (java.base@15)
 597:             2             64  java.io.RandomAccessFile (java.base@15)
 598:             2             64  java.lang.ClassValue$Entry (java.base@15)
 599:             2             64  java.lang.StackWalker (java.base@15)
 600:             2             64  java.lang.WeakPairMap$Pair$Weak$1 (java.base@15)
 601:             2             64  java.lang.ref.ReferenceQueue$Null (java.base@15)
 602:             2             64  java.security.MessageDigest$Delegate$CloneableDelegate (java.base@15)
 603:             2             64  java.time.format.DateTimeFormatterBuilder$TextPrinterParser (java.base@15)
 604:             2             64  java.time.temporal.IsoFields$Unit (java.base@15)
 605:             4             64  java.util.LinkedHashMap$LinkedValues (java.base@15)
 606:             2             64  java.util.PropertyPermission (java.base@15)
 607:             4             64  java.util.concurrent.ConcurrentHashMap$EntrySetView (java.base@15)
 608:             4             64  java.util.concurrent.ConcurrentHashMap$ValuesView (java.base@15)
 609:             2             64  java.util.concurrent.atomic.AtomicReferenceFieldUpdater$AtomicReferenceFieldUpdaterImpl (java.base@15)
 610:             1             64  java.util.logging.LogManager$RootLogger (java.logging@15)
 611:             2             64  java.util.regex.Matcher$ImmutableMatchResult (java.base@15)
 612:             2             64  java.util.regex.Pattern$Branch (java.base@15)
 613:             2             64  java.util.zip.ZipFile$CleanableResource (java.base@15)
 614:             1             64  javax.management.remote.rmi.RMIConnectionImpl (java.management.rmi@15)
 615:             1             64  javax.management.remote.rmi.RMIConnectorServer (java.management.rmi@15)
 616:             1             64  javax.management.remote.rmi.RMIJRMPServerImpl (java.management.rmi@15)
 617:             2             64  jdk.internal.reflect.UnsafeQualifiedObjectFieldAccessorImpl (java.base@15)
 618:             4             64  sun.nio.ch.NioSocketImpl$2 (java.base@15)
 619:             2             64  sun.nio.fs.NativeBuffer (java.base@15)
 620:             2             64  sun.reflect.annotation.AnnotationType (java.base@15)
 621:             2             64  sun.rmi.transport.tcp.TCPTransport (java.rmi@15)
 622:             1             56  [Ljava.lang.Runnable; (java.base@15)
 623:             1             56  [Ljava.nio.file.StandardOpenOption; (java.base@15)
 624:             1             56  [Lorg.postgresql.shaded.com.ongres.scram.common.ScramAttributes;
 625:             1             56  [[I (java.base@15)
 626:             1             56  com.sun.jmx.remote.internal.ServerNotifForwarder (java.management@15)
 627:             1             56  com.sun.management.GcInfo (jdk.management@15)
 628:             1             56  java.io.ObjectInputFilter$Config$Global (java.base@15)
 629:             1             56  java.lang.invoke.BoundMethodHandle$Specializer (java.base@15)
 630:             1             56  java.util.ServiceLoader (java.base@15)
 631:             1             56  java.util.logging.LogManager (java.logging@15)
 632:             1             56  java.util.zip.ZipFile$ZipFileInflaterInputStream (java.base@15)
 633:             1             56  java.util.zip.ZipFile$ZipFileInputStream (java.base@15)
 634:             1             56  jdk.internal.org.objectweb.asm.Label (java.base@15)
 635:             1             56  jdk.internal.ref.CleanerImpl$SoftCleanableRef (java.base@15)
 636:             3             48  [Ljava.lang.StackTraceElement; (java.base@15)
 637:             3             48  [Ljava.lang.annotation.Annotation; (java.base@15)
 638:             1             48  [Ljava.lang.management.MemoryPoolMXBean; (java.management@15)
 639:             1             48  [Ljava.math.RoundingMode; (java.base@15)
 640:             3             48  [Ljava.rmi.server.ObjID; (java.rmi@15)
 641:             1             48  [Ljava.util.concurrent.TimeUnit; (java.base@15)
 642:             2             48  [Ljava.util.regex.Pattern$Node; (java.base@15)
 643:             1             48  [Lorg.postgresql.core.SqlCommandType;
 644:             1             48  [Lsun.management.counter.Units; (java.management@15)
 645:             2             48  com.sun.jmx.mbeanserver.ClassLoaderRepositorySupport$LoaderEntry (java.management@15)
 646:             1             48  com.sun.jmx.mbeanserver.DefaultMXBeanMappingFactory$Mappings (java.management@15)
 647:             1             48  com.sun.jmx.mbeanserver.MBeanIntrospector$MBeanInfoMap (java.management@15)
 648:             1             48  com.sun.jmx.mbeanserver.MBeanIntrospector$PerInterfaceMap (java.management@15)
 649:             2             48  com.sun.jmx.mbeanserver.WeakIdentityHashMap (java.management@15)
 650:             2             48  com.sun.jmx.remote.internal.ArrayNotificationBuffer$NamedNotification (java.management@15)
 651:             2             48  com.sun.jmx.remote.internal.ServerNotifForwarder$IdAndFilter (java.management@15)
 652:             2             48  com.sun.management.internal.GarbageCollectionNotifInfoCompositeData (jdk.management@15)
 653:             1             48  com.sun.management.internal.GcInfoBuilder (jdk.management@15)
 654:             1             48  java.io.BufferedReader (java.base@15)
 655:             2             48  java.io.File$PathStatus (java.base@15)
 656:             2             48  java.io.InputStreamReader (java.base@15)
 657:             1             48  java.lang.NullPointerException (java.base@15)
 658:             1             48  java.lang.invoke.BoundMethodHandle$Specializer$Factory (java.base@15)
 659:             2             48  java.lang.invoke.MethodHandles$Lookup$ClassOption (java.base@15)
 660:             2             48  java.lang.management.MemoryType (java.management@15)
 661:             2             48  java.lang.reflect.ReflectPermission (java.base@15)
 662:             2             48  java.net.StandardProtocolFamily (java.base@15)
 663:             3             48  java.nio.charset.CodingErrorAction (java.base@15)
 664:             2             48  java.time.chrono.IsoEra (java.base@15)
 665:             2             48  java.time.format.DateTimeFormatterBuilder$1 (java.base@15)
 666:             2             48  java.time.format.DateTimeFormatterBuilder$ZoneIdPrinterParser (java.base@15)
 667:             2             48  java.time.format.DateTimeTextProvider$LocaleStore (java.base@15)
 668:             2             48  java.util.Collections$UnmodifiableMap$UnmodifiableEntrySet$1 (java.base@15)
 669:             3             48  java.util.LinkedHashMap$LinkedKeySet (java.base@15)
 670:             3             48  java.util.Optional (java.base@15)
 671:             3             48  java.util.ResourceBundle$NoFallbackControl (java.base@15)
 672:             3             48  java.util.WeakHashMap$KeySet (java.base@15)
 673:             1             48  java.util.concurrent.ConcurrentSkipListMap (java.base@15)
 674:             1             48  java.util.concurrent.locks.ReentrantReadWriteLock$FairSync (java.base@15)
 675:             2             48  java.util.jar.Manifest (java.base@15)
 676:             2             48  java.util.logging.Logger$LoggerBundle (java.logging@15)
 677:             2             48  java.util.logging.LoggingPermission (java.logging@15)
 678:             2             48  java.util.regex.Pattern$BmpCharPredicate$$Lambda$76/0x0000000800ba8740 (java.base@15)
 679:             2             48  java.util.zip.Inflater$InflaterZStreamRef (java.base@15)
 680:             2             48  java.util.zip.ZipFile$Source$Key (java.base@15)
 681:             2             48  javax.management.NotificationBroadcasterSupport (java.management@15)
 682:             1             48  javax.management.remote.rmi.RMIConnectionImpl$RMIServerCommunicatorAdmin (java.management.rmi@15)
 683:             1             48  jdk.internal.jimage.ImageHeader (java.base@15)
 684:             2             48  jdk.internal.misc.Signal (java.base@15)
 685:             2             48  jdk.internal.misc.Signal$NativeHandler (java.base@15)
 686:             3             48  jdk.internal.module.ServicesCatalog (java.base@15)
 687:             1             48  jdk.internal.ref.CleanerImpl$WeakCleanableRef (java.base@15)
 688:             1             48  jdk.management.jfr.FlightRecorderMXBeanImpl (jdk.management.jfr@15)
 689:             2             48  org.postgresql.core.v3.ExecuteRequest
 690:             1             48  org.postgresql.jdbc.TimestampUtils
 691:             2             48  sun.nio.fs.NativeBuffer$Deallocator (java.base@15)
 692:             1             48  sun.rmi.runtime.Log$InternalStreamHandler (java.rmi@15)
 693:             3             48  sun.rmi.transport.tcp.TCPTransport$ConnectionHandler$$Lambda$120/0x0000000800c2de98 (java.rmi@15)
 694:             2             48  sun.security.jca.ProviderList (java.base@15)
 695:             2             48  sun.security.jca.ProviderList$3 (java.base@15)
 696:             2             48  sun.security.provider.DRBG (java.base@15)
 697:             2             48  sun.util.locale.provider.LocaleServiceProviderPool (java.base@15)
 698:             1             48  sun.util.resources.TimeZoneNames (java.base@15)
 699:             1             48  sun.util.resources.TimeZoneNames_en (java.base@15)
 700:             1             48  sun.util.resources.cldr.TimeZoneNames (java.base@15)
 701:             1             48  sun.util.resources.cldr.TimeZoneNames_en (java.base@15)
 702:             2             40  [Lcom.sun.jmx.mbeanserver.ClassLoaderRepositorySupport$LoaderEntry; (java.management@15)
 703:             1             40  [Ljava.lang.Thread$State; (java.base@15)
 704:             1             40  [Ljava.lang.invoke.VarHandle$AccessType; (java.base@15)
 705:             2             40  [Ljava.net.URL; (java.base@15)
 706:             1             40  [Ljava.time.format.SignStyle; (java.base@15)
 707:             1             40  [Ljava.time.format.TextStyle; (java.base@15)
 708:             1             40  [Ljava.util.stream.StreamOpFlag; (java.base@15)
 709:             1             40  [Lsun.nio.fs.WindowsPathType; (java.base@15)
 710:             1             40  [Lsun.util.locale.provider.LocaleProviderAdapter$Type; (java.base@15)
 711:             1             40  [[Ljava.lang.invoke.LambdaForm$Name; (java.base@15)
 712:             1             40  com.sun.jmx.interceptor.DefaultMBeanServerInterceptor (java.management@15)
 713:             1             40  com.sun.jmx.mbeanserver.JmxMBeanServer (java.management@15)
 714:             1             40  com.sun.jmx.mbeanserver.MBeanServerDelegateImpl (java.management@15)
 715:             1             40  com.sun.management.internal.DiagnosticCommandImpl (jdk.management@15)
 716:             1             40  java.io.FilePermission (java.base@15)
 717:             1             40  java.lang.ArithmeticException (java.base@15)
 718:             1             40  java.lang.Exception (java.base@15)
 719:             1             40  java.lang.invoke.MethodHandleImpl$IntrinsicMethodHandle (java.base@15)
 720:             1             40  java.lang.ref.Finalizer (java.base@15)
 721:             1             40  java.time.format.DateTimeFormatterBuilder (java.base@15)
 722:             1             40  java.time.format.DateTimeFormatterBuilder$FractionPrinterParser (java.base@15)
 723:             1             40  java.time.zone.ZoneRules (java.base@15)
 724:             1             40  java.util.ResourceBundle$2 (java.base@15)
 725:             1             40  java.util.ServiceLoader$LazyClassPathLookupIterator (java.base@15)
 726:             1             40  javax.crypto.CryptoAllPermission (java.base@15)
 727:             1             40  jdk.internal.loader.URLClassPath (java.base@15)
 728:             1             40  jdk.internal.ref.CleanerImpl$CleanerCleanable (java.base@15)
 729:             1             40  org.postgresql.jdbc.PgResultSet$1
 730:             1             40  org.postgresql.jdbc.PgStatement$StatementResultHandler
 731:             1             40  org.postgresql.jdbc.ResultWrapper
 732:             1             40  sun.management.MappedMXBeanType$CompositeDataMXBeanType (java.management@15)
 733:             1             40  sun.management.MappedMXBeanType$MapMXBeanType (java.management@15)
 734:             1             40  sun.nio.cs.StandardCharsets$Aliases (java.base@15)
 735:             1             40  sun.nio.cs.StandardCharsets$Cache (java.base@15)
 736:             1             40  sun.nio.cs.StandardCharsets$Classes (java.base@15)
 737:             1             40  sun.nio.cs.US_ASCII$Decoder (java.base@15)
 738:             1             40  sun.rmi.server.UnicastServerRef (java.rmi@15)
 739:             1             40  sun.text.resources.cldr.FormatData (java.base@15)
 740:             1             40  sun.text.resources.cldr.ext.FormatData_ru (jdk.localedata@15)
 741:             1             40  sun.util.locale.InternalLocaleBuilder (java.base@15)
 742:             1             40  sun.util.resources.Bundles$1 (java.base@15)
 743:             1             40  sun.util.resources.cldr.CalendarData (java.base@15)
 744:             1             32  [Ljava.io.ObjectInputFilter$Status; (java.base@15)
 745:             1             32  [Ljava.lang.OutOfMemoryError; (java.base@15)
 746:             1             32  [Ljava.lang.ThreadGroup; (java.base@15)
 747:             1             32  [Ljava.lang.management.MemoryManagerMXBean; (java.management@15)
 748:             1             32  [Ljava.lang.module.ModuleDescriptor$Modifier; (java.base@15)
 749:             1             32  [Ljava.lang.module.ModuleDescriptor$Requires$Modifier; (java.base@15)
 750:             1             32  [Ljava.net.Proxy$Type; (java.base@15)
 751:             1             32  [Ljava.nio.file.AccessMode; (java.base@15)
 752:             1             32  [Ljava.security.DrbgParameters$Capability; (java.base@15)
 753:             1             32  [Ljava.time.format.DateTimeFormatterBuilder$SettingsParser; (java.base@15)
 754:             1             32  [Ljava.time.format.ResolverStyle; (java.base@15)
 755:             1             32  [Ljava.time.temporal.IsoFields$Field; (java.base@15)
 756:             1             32  [Ljava.time.temporal.JulianFields$Field; (java.base@15)
 757:             1             32  [Ljava.util.regex.Pattern$Qtype; (java.base@15)
 758:             1             32  [Ljava.util.stream.StreamShape; (java.base@15)
 759:             1             32  [Ljdk.internal.logger.BootstrapLogger$LoggingBackend; (java.base@15)
 760:             1             32  [Ljdk.internal.module.IllegalAccessLogger$Mode; (java.base@15)
 761:             1             32  [Lorg.postgresql.core.Field;
 762:             1             32  [Lorg.postgresql.core.JavaVersion;
 763:             1             32  [Lorg.postgresql.core.TransactionState;
 764:             1             32  [Lorg.postgresql.hostchooser.HostStatus;
 765:             1             32  [Lorg.postgresql.jdbc.EscapeSyntaxCallMode;
 766:             1             32  [Lorg.postgresql.jdbc.PreferQueryMode;
 767:             1             32  [Lorg.postgresql.jdbc.StatementCancelState;
 768:             1             32  [Lorg.postgresql.shaded.com.ongres.scram.client.ScramClient$ChannelBinding;
 769:             1             32  [Lorg.postgresql.shaded.com.ongres.scram.common.ScramMechanisms;
 770:             1             32  [Lorg.postgresql.shaded.com.ongres.scram.common.gssapi.Gs2Attributes;
 771:             1             32  [Lorg.postgresql.shaded.com.ongres.scram.common.gssapi.Gs2CbindFlag;
 772:             1             32  [Lsun.nio.fs.NativeBuffer; (java.base@15)
 773:             2             32  com.sun.jmx.mbeanserver.GetPropertyAction (java.management@15)
 774:             1             32  com.sun.jmx.mbeanserver.Repository (java.management@15)
 775:             1             32  com.sun.jmx.remote.internal.ArrayQueue (java.management@15)
 776:             1             32  com.sun.management.GarbageCollectionNotificationInfo (jdk.management@15)
 777:             1             32  java.io.FileInputStream (java.base@15)
 778:             1             32  java.io.WinNTFileSystem (java.base@15)
 779:             2             32  java.lang.Boolean (java.base@15)
 780:             2             32  java.lang.InheritableThreadLocal (java.base@15)
 781:             2             32  java.lang.Shutdown$Lock (java.base@15)
 782:             1             32  java.lang.invoke.VarHandleLongs$FieldInstanceReadWrite (java.base@15)
 783:             1             32  java.lang.module.ModuleDescriptor$Version (java.base@15)
 784:             2             32  java.nio.ByteOrder (java.base@15)
 785:             2             32  java.security.AllPermissionCollection (java.base@15)
 786:             2             32  java.time.format.DateTimeFormatterBuilder$StringLiteralPrinterParser (java.base@15)
 787:             2             32  java.util.Collections$UnmodifiableMap$UnmodifiableEntrySet (java.base@15)
 788:             2             32  java.util.LinkedHashMap$LinkedEntrySet (java.base@15)
 789:             2             32  java.util.ResourceBundle$SingleFormatControl (java.base@15)
 790:             1             32  java.util.ServiceLoader$ModuleServicesLookupIterator (java.base@15)
 791:             2             32  java.util.TreeSet (java.base@15)
 792:             1             32  java.util.concurrent.ConcurrentHashMap$ForwardingNode (java.base@15)
 793:             1             32  java.util.concurrent.ScheduledThreadPoolExecutor$DelayedWorkQueue (java.base@15)
 794:             1             32  java.util.concurrent.SynchronousQueue (java.base@15)
 795:             1             32  java.util.concurrent.SynchronousQueue$TransferStack$SNode (java.base@15)
 796:             1             32  java.util.concurrent.ThreadLocalRandom (java.base@15)
 797:             1             32  java.util.concurrent.atomic.LongAdder (java.base@15)
 798:             2             32  java.util.jar.Attributes (java.base@15)
 799:             1             32  java.util.logging.LogManager$SystemLoggerContext (java.logging@15)
 800:             2             32  java.util.regex.Pattern$$Lambda$72/0x0000000800b9c7d8 (java.base@15)
 801:             2             32  java.util.regex.Pattern$BranchConn (java.base@15)
 802:             1             32  java.util.zip.ZipCoder$UTF8ZipCoder (java.base@15)
 803:             2             32  javax.management.NotificationFilterSupport (java.management@15)
 804:             1             32  javax.management.remote.JMXServiceURL (java.management@15)
 805:             1             32  jdk.internal.loader.URLClassPath$JarLoader$2 (java.base@15)
 806:             1             32  jdk.internal.module.IllegalAccessLogger (java.base@15)
 807:             2             32  jdk.internal.module.ModuleResolution (java.base@15)
 808:             1             32  jdk.internal.ref.CleanerImpl (java.base@15)
 809:             1             32  jdk.internal.reflect.MethodAccessorGenerator$1 (java.base@15)
 810:             1             32  jdk.management.jfr.FlightRecorderMXBeanImpl$MXBeanListener (jdk.management.jfr@15)
 811:             1             32  jdk.net.ExtendedSocketOptions$1 (jdk.net@15)
 812:             1             32  org.postgresql.core.ByteOptimizedUTF8Encoder
 813:             1             32  org.postgresql.core.CommandCompleteParser
 814:             1             32  org.postgresql.core.PGStream$1
 815:             1             32  org.postgresql.core.QueryWithReturningColumnsKey
 816:             1             32  org.postgresql.core.VisibleBufferedInputStream
 817:             1             32  org.postgresql.core.v3.Portal
 818:             1             32  org.postgresql.hostchooser.GlobalHostStatusTracker$HostSpecStatus
 819:             2             32  ru.job4j.tracker.ConsoleOutput
 820:             1             32  sun.instrument.InstrumentationImpl (java.instrument@15)
 821:             1             32  sun.management.MappedMXBeanType$InProgress (java.management@15)
 822:             1             32  sun.management.jmxremote.LocalRMIServerSocketFactory$1 (jdk.management.agent@15)
 823:             2             32  sun.rmi.server.UnicastRef2 (java.rmi@15)
 824:             2             32  sun.rmi.server.WeakClassHashMap$ValueCell (java.rmi@15)
 825:             1             32  sun.rmi.transport.DGCImpl$LeaseInfo (java.rmi@15)
 826:             1             32  sun.rmi.transport.tcp.TCPTransport$AcceptLoop (java.rmi@15)
 827:             1             32  sun.security.util.KnownOIDs$1 (java.base@15)
 828:             1             32  sun.security.util.KnownOIDs$10 (java.base@15)
 829:             1             32  sun.security.util.KnownOIDs$2 (java.base@15)
 830:             1             32  sun.security.util.KnownOIDs$3 (java.base@15)
 831:             1             32  sun.security.util.KnownOIDs$4 (java.base@15)
 832:             1             32  sun.security.util.KnownOIDs$5 (java.base@15)
 833:             1             32  sun.security.util.KnownOIDs$6 (java.base@15)
 834:             1             32  sun.security.util.KnownOIDs$7 (java.base@15)
 835:             1             32  sun.security.util.KnownOIDs$8 (java.base@15)
 836:             1             32  sun.security.util.KnownOIDs$9 (java.base@15)
 837:             2             32  sun.util.resources.LocaleData (java.base@15)
 838:             1             24  [Ljava.io.File$PathStatus; (java.base@15)
 839:             1             24  [Ljava.lang.ClassValue$Entry; (java.base@15)
 840:             1             24  [Ljava.lang.invoke.MethodHandles$Lookup$ClassOption; (java.base@15)
 841:             1             24  [Ljava.lang.management.MemoryType; (java.management@15)
 842:             1             24  [Ljava.net.InetSocketAddress; (java.base@15)
 843:             1             24  [Ljava.net.StandardProtocolFamily; (java.base@15)
 844:             1             24  [Ljava.security.Permission; (java.base@15)
 845:             1             24  [Ljava.time.chrono.IsoEra; (java.base@15)
 846:             1             24  [Ljava.time.temporal.IsoFields$Unit; (java.base@15)
 847:             1             24  [Ljava.util.Locale$Category; (java.base@15)
 848:             1             24  [Ljava.util.jar.Manifest; (java.base@15)
 849:             1             24  [Lorg.postgresql.shaded.com.ongres.scram.common.stringprep.StringPreparations;
 850:             1             24  com.sun.jmx.mbeanserver.ClassLoaderRepositorySupport (java.management@15)
 851:             1             24  com.sun.jmx.mbeanserver.MXBeanLookup (java.management@15)
 852:             1             24  com.sun.jmx.remote.internal.ArrayNotificationBuffer$ShareBuffer (java.management@15)
 853:             1             24  com.sun.management.internal.HotSpotThreadImpl (jdk.management@15)
 854:             1             24  com.sun.management.internal.OperatingSystemImpl (jdk.management@15)
 855:             1             24  com.sun.management.internal.PlatformMBeanProviderImpl$1 (jdk.management@15)
 856:             1             24  com.sun.management.internal.PlatformMBeanProviderImpl$2 (jdk.management@15)
 857:             1             24  com.sun.management.internal.PlatformMBeanProviderImpl$3 (jdk.management@15)
 858:             1             24  com.sun.management.internal.PlatformMBeanProviderImpl$4 (jdk.management@15)
 859:             1             24  com.sun.management.internal.PlatformMBeanProviderImpl$5 (jdk.management@15)
 860:             1             24  java.lang.Class$1 (java.base@15)
 861:             1             24  java.lang.ClassValue$Version (java.base@15)
 862:             1             24  java.lang.Double (java.base@15)
 863:             1             24  java.lang.invoke.MethodType$ConcurrentWeakInternSet (java.base@15)
 864:             1             24  java.lang.invoke.VarHandles$1 (java.base@15)
 865:             1             24  java.lang.management.DefaultPlatformMBeanProvider$1 (java.management@15)
 866:             1             24  java.lang.management.DefaultPlatformMBeanProvider$10 (java.management@15)
 867:             1             24  java.lang.management.DefaultPlatformMBeanProvider$11 (java.management@15)
 868:             1             24  java.lang.management.DefaultPlatformMBeanProvider$2 (java.management@15)
 869:             1             24  java.lang.management.DefaultPlatformMBeanProvider$3 (java.management@15)
 870:             1             24  java.lang.management.DefaultPlatformMBeanProvider$4 (java.management@15)
 871:             1             24  java.lang.management.DefaultPlatformMBeanProvider$5 (java.management@15)
 872:             1             24  java.lang.management.DefaultPlatformMBeanProvider$6 (java.management@15)
 873:             1             24  java.lang.management.DefaultPlatformMBeanProvider$7 (java.management@15)
 874:             1             24  java.lang.management.DefaultPlatformMBeanProvider$8 (java.management@15)
 875:             1             24  java.lang.management.DefaultPlatformMBeanProvider$9 (java.management@15)
 876:             1             24  java.net.Inet6AddressImpl (java.base@15)
 877:             1             24  java.net.Proxy (java.base@15)
 878:             1             24  java.net.SocketPermissionCollection (java.base@15)
 879:             1             24  java.security.SecureClassLoader$1 (java.base@15)
 880:             1             24  java.sql.DriverInfo (java.sql@15)
 881:             1             24  java.time.Clock$SystemClock (java.base@15)
 882:             1             24  java.time.ZoneRegion (java.base@15)
 883:             1             24  java.time.format.DecimalStyle (java.base@15)
 884:             1             24  java.time.temporal.IsoFields$Field$1 (java.base@15)
 885:             1             24  java.time.temporal.IsoFields$Field$2 (java.base@15)
 886:             1             24  java.time.temporal.IsoFields$Field$3 (java.base@15)
 887:             1             24  java.time.temporal.IsoFields$Field$4 (java.base@15)
 888:             1             24  java.time.zone.TzdbZoneRulesProvider (java.base@15)
 889:             1             24  java.util.Collections$EmptyMap (java.base@15)
 890:             1             24  java.util.Collections$SynchronizedCollection (java.base@15)
 891:             1             24  java.util.Locale$Cache (java.base@15)
 892:             1             24  java.util.OptionalInt (java.base@15)
 893:             1             24  java.util.ResourceBundle$Control$CandidateListCache (java.base@15)
 894:             1             24  java.util.Scanner$PatternLRUCache (java.base@15)
 895:             1             24  java.util.ServiceLoader$2 (java.base@15)
 896:             1             24  java.util.concurrent.CopyOnWriteArrayList$COWIterator (java.base@15)
 897:             1             24  java.util.concurrent.Executors$RunnableAdapter (java.base@15)
 898:             1             24  java.util.concurrent.locks.ReentrantReadWriteLock (java.base@15)
 899:             1             24  java.util.logging.LogManager$LoggerContext (java.logging@15)
 900:             1             24  java.util.regex.Pattern$$Lambda$17/0x0000000800b5c1b0 (java.base@15)
 901:             1             24  java.util.regex.Pattern$BmpCharProperty (java.base@15)
 902:             1             24  java.util.regex.Pattern$CharPredicate$$Lambda$20/0x0000000800b5ddb0 (java.base@15)
 903:             1             24  java.util.regex.Pattern$CharProperty (java.base@15)
 904:             1             24  java.util.regex.Pattern$Dollar (java.base@15)
 905:             1             24  java.util.regex.Pattern$GroupHead (java.base@15)
 906:             1             24  java.util.regex.Pattern$GroupTail (java.base@15)
 907:             1             24  java.util.regex.Pattern$Slice (java.base@15)
 908:             1             24  java.util.zip.ZipFile$InflaterCleanupAction (java.base@15)
 909:             1             24  javax.crypto.CryptoPermissions (java.base@15)
 910:             1             24  jdk.internal.jimage.ImageReader (java.base@15)
 911:             1             24  jdk.internal.loader.URLClassPath$FileLoader (java.base@15)
 912:             1             24  jdk.internal.logger.BootstrapLogger$RedirectedLoggers (java.base@15)
 913:             1             24  jdk.internal.module.ModuleBootstrap$SafeModuleFinder (java.base@15)
 914:             1             24  jdk.internal.module.ModuleHashes (java.base@15)
 915:             1             24  jdk.jfr.FlightRecorderPermission (jdk.jfr@15)
 916:             1             24  jdk.jfr.internal.SecuritySupport$SecureRecorderListener (jdk.jfr@15)
 917:             1             24  jdk.management.jfr.StreamManager (jdk.management.jfr@15)
 918:             1             24  jdk.management.jfr.internal.FlightRecorderMXBeanProvider$SingleMBeanComponent (jdk.management.jfr@15)
 919:             1             24  org.postgresql.core.Encoding
 920:             1             24  org.postgresql.core.v3.replication.V3ReplicationProtocol
 921:             1             24  org.postgresql.hostchooser.HostRequirement$1
 922:             1             24  org.postgresql.hostchooser.HostRequirement$2
 923:             1             24  org.postgresql.hostchooser.HostRequirement$3
 924:             1             24  org.postgresql.hostchooser.HostRequirement$4
 925:             1             24  org.postgresql.hostchooser.HostRequirement$5
 926:             1             24  org.postgresql.shaded.com.ongres.scram.common.bouncycastle.base64.Base64Encoder
 927:             1             24  org.postgresql.shaded.com.ongres.scram.common.stringprep.StringPreparations$1
 928:             1             24  org.postgresql.shaded.com.ongres.scram.common.stringprep.StringPreparations$2
 929:             1             24  org.postgresql.util.HostSpec
 930:             1             24  org.postgresql.util.SharedTimer
 931:             1             24  ru.job4j.tracker.ValidateInput
 932:             1             24  sun.instrument.TransformerManager (java.instrument@15)
 933:             1             24  sun.management.CompilationImpl (java.management@15)
 934:             1             24  sun.management.ManagementFactoryHelper$LoggingMXBeanAccess (java.management@15)
 935:             1             24  sun.management.ManagementFactoryHelper$PlatformLoggingImpl (java.management@15)
 936:             1             24  sun.management.MemoryImpl (java.management@15)
 937:             1             24  sun.management.RuntimeImpl (java.management@15)
 938:             1             24  sun.management.VMManagementImpl (java.management@15)
 939:             1             24  sun.net.ProgressMonitor (java.base@15)
 940:             1             24  sun.net.www.protocol.http.Handler (java.base@15)
 941:             1             24  sun.nio.cs.ISO_8859_1 (java.base@15)
 942:             1             24  sun.nio.cs.MS1251 (java.base@15)
 943:             1             24  sun.nio.cs.StandardCharsets (java.base@15)
 944:             1             24  sun.nio.cs.ThreadLocalCoders$1 (java.base@15)
 945:             1             24  sun.nio.cs.ThreadLocalCoders$2 (java.base@15)
 946:             1             24  sun.nio.cs.US_ASCII (java.base@15)
 947:             1             24  sun.nio.cs.UTF_16 (java.base@15)
 948:             1             24  sun.nio.cs.UTF_16BE (java.base@15)
 949:             1             24  sun.nio.cs.UTF_16LE (java.base@15)
 950:             1             24  sun.nio.cs.UTF_8 (java.base@15)
 951:             1             24  sun.nio.fs.WindowsFileSystem (java.base@15)
 952:             1             24  sun.nio.fs.WindowsSecurityDescriptor (java.base@15)
 953:             1             24  sun.reflect.generics.tree.Wildcard (java.base@15)
 954:             1             24  sun.rmi.runtime.RuntimeUtil$1 (java.rmi@15)
 955:             1             24  sun.rmi.transport.DGCImpl (java.rmi@15)
 956:             1             24  sun.rmi.transport.SequenceEntry (java.rmi@15)
 957:             1             24  sun.util.cldr.CLDRCalendarDataProviderImpl (java.base@15)
 958:             1             24  sun.util.cldr.CLDRTimeZoneNameProviderImpl (java.base@15)
 959:             1             24  sun.util.locale.BaseLocale$Cache (java.base@15)
 960:             1             24  sun.util.locale.provider.DecimalFormatSymbolsProviderImpl (java.base@15)
 961:             1             24  sun.util.locale.provider.NumberFormatProviderImpl (java.base@15)
 962:             1             24  sun.util.locale.provider.TimeZoneNameProviderImpl (java.base@15)
 963:             1             16  [Ljava.lang.Throwable; (java.base@15)
 964:             1             16  [Ljava.lang.constant.ClassDesc; (java.base@15)
 965:             1             16  [Ljava.lang.management.LockInfo; (java.management@15)
 966:             1             16  [Ljava.lang.management.MonitorInfo; (java.management@15)
 967:             1             16  [Ljava.nio.file.attribute.FileAttribute; (java.base@15)
 968:             1             16  [Ljava.security.Provider; (java.base@15)
 969:             1             16  [Ljava.security.cert.Certificate; (java.base@15)
 970:             1             16  [Ljava.text.FieldPosition; (java.base@15)
 971:             1             16  [Ljava.time.zone.ZoneOffsetTransitionRule; (java.base@15)
 972:             1             16  [Ljava.util.logging.Handler; (java.logging@15)
 973:             1             16  [Lsun.instrument.TransformerManager$TransformerInfo; (java.instrument@15)
 974:             1             16  com.sun.jmx.interceptor.DefaultMBeanServerInterceptor$ResourceContext$1 (java.management@15)
 975:             1             16  com.sun.jmx.mbeanserver.DefaultMXBeanMappingFactory (java.management@15)
 976:             1             16  com.sun.jmx.mbeanserver.DescriptorCache (java.management@15)
 977:             1             16  com.sun.jmx.mbeanserver.MBeanAnalyzer$MethodOrder (java.management@15)
 978:             1             16  com.sun.jmx.mbeanserver.MBeanInstantiator (java.management@15)
 979:             1             16  com.sun.jmx.mbeanserver.MXBeanIntrospector (java.management@15)
 980:             1             16  com.sun.jmx.mbeanserver.SecureClassLoaderRepository (java.management@15)
 981:             1             16  com.sun.jmx.remote.internal.ArrayNotificationBuffer$5 (java.management@15)
 982:             1             16  com.sun.jmx.remote.internal.ArrayNotificationBuffer$BroadcasterQuery (java.management@15)
 983:             1             16  com.sun.jmx.remote.internal.ArrayNotificationBuffer$BufferListener (java.management@15)
 984:             1             16  com.sun.jmx.remote.internal.ServerCommunicatorAdmin$Timeout (java.management@15)
 985:             1             16  com.sun.jmx.remote.internal.ServerNotifForwarder$NotifForwarderBufferFilter (java.management@15)
 986:             1             16  com.sun.jmx.remote.security.SubjectDelegator (java.management@15)
 987:             1             16  com.sun.management.internal.GarbageCollectionNotifInfoCompositeData$1 (jdk.management@15)
 988:             1             16  com.sun.management.internal.GcInfoCompositeData$1 (jdk.management@15)
 989:             1             16  com.sun.management.internal.GcInfoCompositeData$2 (jdk.management@15)
 990:             1             16  com.sun.management.internal.HotSpotDiagnostic (jdk.management@15)
 991:             1             16  com.sun.management.internal.PlatformMBeanProviderImpl (jdk.management@15)
 992:             1             16  com.sun.management.internal.PlatformMBeanProviderImpl$$Lambda$47/0x0000000800b7c350 (jdk.management@15)
 993:             1             16  java.io.FileDescriptor$1 (java.base@15)
 994:             1             16  java.io.FilePermission$1 (java.base@15)
 995:             1             16  java.io.ObjectInputFilter$Config$$Lambda$93/0x0000000800c15928 (java.base@15)
 996:             1             16  java.io.ObjectInputFilter$Config$$Lambda$94/0x0000000800c15d38 (java.base@15)
 997:             1             16  java.io.ObjectInputFilter$Config$Global$$Lambda$95/0x0000000800c163b0 (java.base@15)
 998:             1             16  java.io.ObjectInputFilter$Config$Global$$Lambda$96/0x0000000800c165f0 (java.base@15)
 999:             1             16  java.io.ObjectInputStream$$Lambda$124/0x0000000800c30040 (java.base@15)
1000:             1             16  java.io.ObjectInputStream$$Lambda$125/0x0000000800c30450 (java.base@15)
1001:             1             16  java.io.RandomAccessFile$2 (java.base@15)
1002:             1             16  java.lang.ApplicationShutdownHooks$1 (java.base@15)
1003:             1             16  java.lang.CharacterData00 (java.base@15)
1004:             1             16  java.lang.CharacterDataLatin1 (java.base@15)
1005:             1             16  java.lang.Class$$Lambda$86/0x0000000800c11598 (java.base@15)
1006:             1             16  java.lang.ClassValue$Identity (java.base@15)
1007:             1             16  java.lang.Float (java.base@15)
1008:             1             16  java.lang.Module$$Lambda$133/0x0000000800c4d110 (java.base@15)
1009:             1             16  java.lang.Runtime (java.base@15)
1010:             1             16  java.lang.String$CaseInsensitiveComparator (java.base@15)
1011:             1             16  java.lang.StringCoding$1 (java.base@15)
1012:             1             16  java.lang.System$2 (java.base@15)
1013:             1             16  java.lang.System$LoggerFinder$$Lambda$77/0x0000000800ba9408 (java.base@15)
1014:             1             16  java.lang.Terminator$1 (java.base@15)
1015:             1             16  java.lang.invoke.ClassSpecializer$1 (java.base@15)
1016:             1             16  java.lang.invoke.MemberName$Factory (java.base@15)
1017:             1             16  java.lang.invoke.MethodHandleImpl$1 (java.base@15)
1018:             1             16  java.lang.invoke.StringConcatFactory$1 (java.base@15)
1019:             1             16  java.lang.invoke.StringConcatFactory$2 (java.base@15)
1020:             1             16  java.lang.invoke.StringConcatFactory$3 (java.base@15)
1021:             1             16  java.lang.invoke.VarHandle$1 (java.base@15)
1022:             1             16  java.lang.management.DefaultPlatformMBeanProvider (java.management@15)
1023:             1             16  java.lang.management.DefaultPlatformMBeanProvider$5$$Lambda$83/0x0000000800bfd358 (java.management@15)
1024:             1             16  java.lang.management.ManagementFactory$$Lambda$44/0x0000000800b7aec0 (java.management@15)
1025:             1             16  java.lang.management.ManagementFactory$$Lambda$78/0x0000000800bece88 (java.management@15)
1026:             1             16  java.lang.management.ManagementFactory$$Lambda$79/0x0000000800bed0d0 (java.management@15)
1027:             1             16  java.lang.management.ManagementFactory$$Lambda$80/0x0000000800bed308 (java.management@15)
1028:             1             16  java.lang.management.ManagementFactory$PlatformMBeanFinder$$Lambda$45/0x0000000800b7b6c8 (java.management@15)
1029:             1             16  java.lang.management.ManagementFactory$PlatformMBeanFinder$$Lambda$48/0x0000000800b810f8 (java.management@15)
1030:             1             16  java.lang.management.ManagementFactory$PlatformMBeanFinder$$Lambda$49/0x0000000800b81330 (java.management@15)
1031:             1             16  java.lang.management.ManagementFactory$PlatformMBeanFinder$$Lambda$51/0x0000000800b817a0 (java.management@15)
1032:             1             16  java.lang.management.ManagementFactory$PlatformMBeanFinder$$Lambda$55/0x0000000800b82070 (java.management@15)
1033:             1             16  java.lang.management.ManagementFactory$PlatformMBeanFinder$$Lambda$56/0x0000000800b822a8 (java.management@15)
1034:             1             16  java.lang.module.ModuleDescriptor$1 (java.base@15)
1035:             1             16  java.lang.ref.Cleaner (java.base@15)
1036:             1             16  java.lang.ref.Cleaner$1 (java.base@15)
1037:             1             16  java.lang.ref.Reference$1 (java.base@15)
1038:             1             16  java.lang.reflect.Proxy$$Lambda$40/0x0000000800b74920 (java.base@15)
1039:             1             16  java.lang.reflect.ProxyGenerator$$Lambda$42/0x0000000800b76370 (java.base@15)
1040:             1             16  java.lang.reflect.ProxyGenerator$$Lambda$43/0x0000000800b765a8 (java.base@15)
1041:             1             16  java.lang.reflect.ReflectAccess (java.base@15)
1042:             1             16  java.net.InetAddress$1 (java.base@15)
1043:             1             16  java.net.InetAddress$PlatformNameService (java.base@15)
1044:             1             16  java.net.SocketImpl$$Lambda$18/0x0000000800b5cb38 (java.base@15)
1045:             1             16  java.net.URI$1 (java.base@15)
1046:             1             16  java.net.URL$3 (java.base@15)
1047:             1             16  java.net.URL$DefaultFactory (java.base@15)
1048:             1             16  java.nio.Bits$1 (java.base@15)
1049:             1             16  java.nio.Buffer$1 (java.base@15)
1050:             1             16  java.nio.file.Files$AcceptAllFilter (java.base@15)
1051:             1             16  java.rmi.server.ObjID$$Lambda$105/0x0000000800c1c4f0 (java.rmi@15)
1052:             1             16  java.rmi.server.RMIClassLoader$2 (java.rmi@15)
1053:             1             16  java.security.AllPermission (java.base@15)
1054:             1             16  java.security.ProtectionDomain$JavaSecurityAccessImpl (java.base@15)
1055:             1             16  java.text.DecimalFormatSymbols$$Lambda$30/0x0000000800b66f70 (java.base@15)
1056:             1             16  java.time.chrono.IsoChronology (java.base@15)
1057:             1             16  java.time.format.DateTimeFormatter$$Lambda$141/0x0000000800c72600 (java.base@15)
1058:             1             16  java.time.format.DateTimeFormatter$$Lambda$142/0x0000000800c72818 (java.base@15)
1059:             1             16  java.time.format.DateTimeFormatterBuilder$$Lambda$140/0x0000000800c71468 (java.base@15)
1060:             1             16  java.time.format.DateTimeFormatterBuilder$2 (java.base@15)
1061:             1             16  java.time.format.DateTimeFormatterBuilder$InstantPrinterParser (java.base@15)
1062:             1             16  java.time.format.DateTimeTextProvider (java.base@15)
1063:             1             16  java.time.format.DateTimeTextProvider$1 (java.base@15)
1064:             1             16  java.util.Collections$EmptyEnumeration (java.base@15)
1065:             1             16  java.util.Collections$EmptyIterator (java.base@15)
1066:             1             16  java.util.Collections$EmptyList (java.base@15)
1067:             1             16  java.util.Collections$EmptySet (java.base@15)
1068:             1             16  java.util.Collections$UnmodifiableCollection (java.base@15)
1069:             1             16  java.util.EnumMap$1 (java.base@15)
1070:             1             16  java.util.IdentityHashMap$Values (java.base@15)
1071:             1             16  java.util.LinkedHashSet (java.base@15)
1072:             1             16  java.util.Locale$Builder (java.base@15)
1073:             1             16  java.util.ResourceBundle$1 (java.base@15)
1074:             1             16  java.util.ResourceBundle$Control (java.base@15)
1075:             1             16  java.util.Spliterators$EmptySpliterator$OfDouble (java.base@15)
1076:             1             16  java.util.Spliterators$EmptySpliterator$OfInt (java.base@15)
1077:             1             16  java.util.Spliterators$EmptySpliterator$OfLong (java.base@15)
1078:             1             16  java.util.Spliterators$EmptySpliterator$OfRef (java.base@15)
1079:             1             16  java.util.concurrent.ConcurrentSkipListMap$KeySet (java.base@15)
1080:             1             16  java.util.concurrent.ConcurrentSkipListSet (java.base@15)
1081:             1             16  java.util.concurrent.SynchronousQueue$TransferStack (java.base@15)
1082:             1             16  java.util.concurrent.ThreadPoolExecutor$AbortPolicy (java.base@15)
1083:             1             16  java.util.concurrent.atomic.AtomicBoolean (java.base@15)
1084:             1             16  java.util.concurrent.locks.ReentrantReadWriteLock$ReadLock (java.base@15)
1085:             1             16  java.util.concurrent.locks.ReentrantReadWriteLock$Sync$ThreadLocalHoldCounter (java.base@15)
1086:             1             16  java.util.concurrent.locks.ReentrantReadWriteLock$WriteLock (java.base@15)
1087:             1             16  java.util.function.Function$$Lambda$50/0x0000000800b81568 (java.base@15)
1088:             1             16  java.util.jar.JavaUtilJarAccessImpl (java.base@15)
1089:             1             16  java.util.logging.ErrorManager (java.logging@15)
1090:             1             16  java.util.logging.Level$$Lambda$37/0x0000000800b6c318 (java.logging@15)
1091:             1             16  java.util.logging.Level$KnownLevel$$Lambda$35/0x0000000800b6b518 (java.logging@15)
1092:             1             16  java.util.logging.Level$KnownLevel$$Lambda$36/0x0000000800b6b750 (java.logging@15)
1093:             1             16  java.util.logging.Level$KnownLevel$$Lambda$38/0x0000000800b6c550 (java.logging@15)
1094:             1             16  java.util.logging.LogManager$LoggingProviderAccess (java.logging@15)
1095:             1             16  java.util.logging.LogManager$VisitedLoggers (java.logging@15)
1096:             1             16  java.util.logging.Logging (java.logging@15)
1097:             1             16  java.util.logging.SimpleFormatter (java.logging@15)
1098:             1             16  java.util.logging.SimpleFormatter$$Lambda$99/0x0000000800c19770 (java.logging@15)
1099:             1             16  java.util.regex.CharPredicates$$Lambda$14/0x0000000800b5aee0 (java.base@15)
1100:             1             16  java.util.regex.CharPredicates$$Lambda$16/0x0000000800b5bd68 (java.base@15)
1101:             1             16  java.util.regex.Pattern$$Lambda$15/0x0000000800b5bb10 (java.base@15)
1102:             1             16  java.util.regex.Pattern$$Lambda$75/0x0000000800ba84e8 (java.base@15)
1103:             1             16  java.util.regex.Pattern$BitClass (java.base@15)
1104:             1             16  java.util.regex.Pattern$CharPredicate$$Lambda$19/0x0000000800b5d178 (java.base@15)
1105:             1             16  java.util.regex.Pattern$LastNode (java.base@15)
1106:             1             16  java.util.regex.Pattern$Node (java.base@15)
1107:             1             16  java.util.stream.Collectors$$Lambda$25/0x0000000800b65780 (java.base@15)
1108:             1             16  java.util.stream.Collectors$$Lambda$27/0x0000000800b65bc8 (java.base@15)
1109:             1             16  java.util.stream.Collectors$$Lambda$5/0x0000000800b54a30 (java.base@15)
1110:             1             16  java.util.stream.Collectors$$Lambda$52/0x0000000800b819e0 (java.base@15)
1111:             1             16  java.util.stream.Collectors$$Lambda$6/0x0000000800b54c48 (java.base@15)
1112:             1             16  java.util.stream.Collectors$$Lambda$61/0x0000000800b83da8 (java.base@15)
1113:             1             16  java.util.stream.Collectors$$Lambda$62/0x0000000800b83fc0 (java.base@15)
1114:             1             16  java.util.stream.Collectors$$Lambda$63/0x0000000800b841e8 (java.base@15)
1115:             1             16  java.util.stream.Collectors$$Lambda$7/0x0000000800b54e70 (java.base@15)
1116:             1             16  java.util.stream.Collectors$$Lambda$8/0x0000000800b550b0 (java.base@15)
1117:             1             16  java.util.stream.Collectors$$Lambda$88/0x0000000800c119f0 (java.base@15)
1118:             1             16  java.util.stream.Collectors$$Lambda$89/0x0000000800c11c18 (java.base@15)
1119:             1             16  java.util.stream.Collectors$$Lambda$90/0x0000000800c11e58 (java.base@15)
1120:             1             16  java.util.stream.FindOps$FindSink$OfInt$$Lambda$31/0x0000000800b671b8 (java.base@15)
1121:             1             16  java.util.stream.FindOps$FindSink$OfInt$$Lambda$32/0x0000000800b67400 (java.base@15)
1122:             1             16  java.util.stream.FindOps$FindSink$OfInt$$Lambda$33/0x0000000800b67618 (java.base@15)
1123:             1             16  java.util.stream.FindOps$FindSink$OfInt$$Lambda$34/0x0000000800b67860 (java.base@15)
1124:             1             16  java.util.stream.FindOps$FindSink$OfRef$$Lambda$10/0x0000000800b55530 (java.base@15)
1125:             1             16  java.util.stream.FindOps$FindSink$OfRef$$Lambda$11/0x0000000800b55778 (java.base@15)
1126:             1             16  java.util.stream.FindOps$FindSink$OfRef$$Lambda$12/0x0000000800b55990 (java.base@15)
1127:             1             16  java.util.stream.FindOps$FindSink$OfRef$$Lambda$13/0x0000000800b55bd8 (java.base@15)
1128:             1             16  java.util.stream.Nodes$EmptyNode$OfDouble (java.base@15)
1129:             1             16  java.util.stream.Nodes$EmptyNode$OfInt (java.base@15)
1130:             1             16  java.util.stream.Nodes$EmptyNode$OfLong (java.base@15)
1131:             1             16  java.util.stream.Nodes$EmptyNode$OfRef (java.base@15)
1132:             1             16  java.util.zip.ZipFile$1 (java.base@15)
1133:             1             16  javax.crypto.CryptoAllPermissionCollection (java.base@15)
1134:             1             16  javax.crypto.JceSecurity$IdentityWrapper (java.base@15)
1135:             1             16  javax.management.JMX (java.management@15)
1136:             1             16  javax.management.MBeanServerBuilder (java.management@15)
1137:             1             16  javax.management.NotificationBroadcasterSupport$1 (java.management@15)
1138:             1             16  javax.management.remote.JMXConnectorServerFactory$$Lambda$91/0x0000000800c130e8 (java.management@15)
1139:             1             16  javax.management.remote.rmi.RMIConnectionImpl_Stub (java.management.rmi@15)
1140:             1             16  javax.management.remote.rmi.RMIServerImpl_Stub (java.management.rmi@15)
1141:             1             16  javax.net.DefaultSocketFactory (java.base@15)
1142:             1             16  jdk.internal.jimage.ImageReaderFactory$1 (java.base@15)
1143:             1             16  jdk.internal.jimage.ImageStringsReader (java.base@15)
1144:             1             16  jdk.internal.jimage.decompressor.Decompressor (java.base@15)
1145:             1             16  jdk.internal.logger.LazyLoggers$1 (java.base@15)
1146:             1             16  jdk.internal.logger.LazyLoggers$LazyLoggerFactories (java.base@15)
1147:             1             16  jdk.internal.math.FloatingDecimal$1 (java.base@15)
1148:             1             16  jdk.internal.misc.TerminatingThreadLocal$1 (java.base@15)
1149:             1             16  jdk.internal.misc.Unsafe (java.base@15)
1150:             1             16  jdk.internal.module.DefaultRoots$$Lambda$1/0x0000000800b53778 (java.base@15)
1151:             1             16  jdk.internal.module.DefaultRoots$$Lambda$2/0x0000000800b54180 (java.base@15)
1152:             1             16  jdk.internal.module.DefaultRoots$$Lambda$4/0x0000000800b54608 (java.base@15)
1153:             1             16  jdk.internal.module.DefaultRoots$$Lambda$9/0x0000000800b552e8 (java.base@15)
1154:             1             16  jdk.internal.module.ModulePatcher (java.base@15)
1155:             1             16  jdk.internal.module.ModuleTarget (java.base@15)
1156:             1             16  jdk.internal.perf.Perf (java.base@15)
1157:             1             16  jdk.internal.reflect.ClassDefiner$1 (java.base@15)
1158:             1             16  jdk.internal.reflect.GeneratedConstructorAccessor1 (java.base@15)
1159:             1             16  jdk.internal.reflect.GeneratedConstructorAccessor2 (java.base@15)
1160:             1             16  jdk.internal.reflect.GeneratedMethodAccessor1 (java.base@15)
1161:             1             16  jdk.internal.reflect.GeneratedMethodAccessor10 (java.base@15)
1162:             1             16  jdk.internal.reflect.GeneratedMethodAccessor11 (java.base@15)
1163:             1             16  jdk.internal.reflect.GeneratedMethodAccessor12 (java.base@15)
1164:             1             16  jdk.internal.reflect.GeneratedMethodAccessor13 (java.base@15)
1165:             1             16  jdk.internal.reflect.GeneratedMethodAccessor14 (java.base@15)
1166:             1             16  jdk.internal.reflect.GeneratedMethodAccessor15 (java.base@15)
1167:             1             16  jdk.internal.reflect.GeneratedMethodAccessor16 (java.base@15)
1168:             1             16  jdk.internal.reflect.GeneratedMethodAccessor17 (java.base@15)
1169:             1             16  jdk.internal.reflect.GeneratedMethodAccessor18 (java.base@15)
1170:             1             16  jdk.internal.reflect.GeneratedMethodAccessor19 (java.base@15)
1171:             1             16  jdk.internal.reflect.GeneratedMethodAccessor2 (java.base@15)
1172:             1             16  jdk.internal.reflect.GeneratedMethodAccessor20 (java.base@15)
1173:             1             16  jdk.internal.reflect.GeneratedMethodAccessor21 (java.base@15)
1174:             1             16  jdk.internal.reflect.GeneratedMethodAccessor22 (java.base@15)
1175:             1             16  jdk.internal.reflect.GeneratedMethodAccessor23 (java.base@15)
1176:             1             16  jdk.internal.reflect.GeneratedMethodAccessor24 (java.base@15)
1177:             1             16  jdk.internal.reflect.GeneratedMethodAccessor25 (java.base@15)
1178:             1             16  jdk.internal.reflect.GeneratedMethodAccessor26 (java.base@15)
1179:             1             16  jdk.internal.reflect.GeneratedMethodAccessor27 (java.base@15)
1180:             1             16  jdk.internal.reflect.GeneratedMethodAccessor28 (java.base@15)
1181:             1             16  jdk.internal.reflect.GeneratedMethodAccessor29 (java.base@15)
1182:             1             16  jdk.internal.reflect.GeneratedMethodAccessor3
1183:             1             16  jdk.internal.reflect.GeneratedMethodAccessor30 (java.base@15)
1184:             1             16  jdk.internal.reflect.GeneratedMethodAccessor31 (java.base@15)
1185:             1             16  jdk.internal.reflect.GeneratedMethodAccessor32 (java.base@15)
1186:             1             16  jdk.internal.reflect.GeneratedMethodAccessor33 (java.base@15)
1187:             1             16  jdk.internal.reflect.GeneratedMethodAccessor34 (java.base@15)
1188:             1             16  jdk.internal.reflect.GeneratedMethodAccessor35 (java.base@15)
1189:             1             16  jdk.internal.reflect.GeneratedMethodAccessor36 (java.base@15)
1190:             1             16  jdk.internal.reflect.GeneratedMethodAccessor37 (java.base@15)
1191:             1             16  jdk.internal.reflect.GeneratedMethodAccessor38 (java.base@15)
1192:             1             16  jdk.internal.reflect.GeneratedMethodAccessor39 (java.base@15)
1193:             1             16  jdk.internal.reflect.GeneratedMethodAccessor4 (java.base@15)
1194:             1             16  jdk.internal.reflect.GeneratedMethodAccessor40 (java.base@15)
1195:             1             16  jdk.internal.reflect.GeneratedMethodAccessor41 (java.base@15)
1196:             1             16  jdk.internal.reflect.GeneratedMethodAccessor42 (java.base@15)
1197:             1             16  jdk.internal.reflect.GeneratedMethodAccessor43 (java.base@15)
1198:             1             16  jdk.internal.reflect.GeneratedMethodAccessor44 (java.base@15)
1199:             1             16  jdk.internal.reflect.GeneratedMethodAccessor45 (java.base@15)
1200:             1             16  jdk.internal.reflect.GeneratedMethodAccessor46 (java.base@15)
1201:             1             16  jdk.internal.reflect.GeneratedMethodAccessor47 (java.base@15)
1202:             1             16  jdk.internal.reflect.GeneratedMethodAccessor48 (java.base@15)
1203:             1             16  jdk.internal.reflect.GeneratedMethodAccessor49 (java.base@15)
1204:             1             16  jdk.internal.reflect.GeneratedMethodAccessor5 (java.base@15)
1205:             1             16  jdk.internal.reflect.GeneratedMethodAccessor50 (java.base@15)
1206:             1             16  jdk.internal.reflect.GeneratedMethodAccessor51 (java.base@15)
1207:             1             16  jdk.internal.reflect.GeneratedMethodAccessor52 (java.base@15)
1208:             1             16  jdk.internal.reflect.GeneratedMethodAccessor53 (java.base@15)
1209:             1             16  jdk.internal.reflect.GeneratedMethodAccessor54 (java.base@15)
1210:             1             16  jdk.internal.reflect.GeneratedMethodAccessor55 (java.base@15)
1211:             1             16  jdk.internal.reflect.GeneratedMethodAccessor56 (java.base@15)
1212:             1             16  jdk.internal.reflect.GeneratedMethodAccessor57 (java.base@15)
1213:             1             16  jdk.internal.reflect.GeneratedMethodAccessor58 (java.base@15)
1214:             1             16  jdk.internal.reflect.GeneratedMethodAccessor59 (java.base@15)
1215:             1             16  jdk.internal.reflect.GeneratedMethodAccessor6 (java.base@15)
1216:             1             16  jdk.internal.reflect.GeneratedMethodAccessor60 (java.base@15)
1217:             1             16  jdk.internal.reflect.GeneratedMethodAccessor61 (java.base@15)
1218:             1             16  jdk.internal.reflect.GeneratedMethodAccessor62 (java.base@15)
1219:             1             16  jdk.internal.reflect.GeneratedMethodAccessor63 (java.base@15)
1220:             1             16  jdk.internal.reflect.GeneratedMethodAccessor64 (java.base@15)
1221:             1             16  jdk.internal.reflect.GeneratedMethodAccessor65 (java.base@15)
1222:             1             16  jdk.internal.reflect.GeneratedMethodAccessor66 (java.base@15)
1223:             1             16  jdk.internal.reflect.GeneratedMethodAccessor67 (java.base@15)
1224:             1             16  jdk.internal.reflect.GeneratedMethodAccessor68 (java.base@15)
1225:             1             16  jdk.internal.reflect.GeneratedMethodAccessor69 (java.base@15)
1226:             1             16  jdk.internal.reflect.GeneratedMethodAccessor7 (java.base@15)
1227:             1             16  jdk.internal.reflect.GeneratedMethodAccessor70 (java.base@15)
1228:             1             16  jdk.internal.reflect.GeneratedMethodAccessor71 (java.base@15)
1229:             1             16  jdk.internal.reflect.GeneratedMethodAccessor72 (java.base@15)
1230:             1             16  jdk.internal.reflect.GeneratedMethodAccessor73 (java.base@15)
1231:             1             16  jdk.internal.reflect.GeneratedMethodAccessor74 (java.base@15)
1232:             1             16  jdk.internal.reflect.GeneratedMethodAccessor75 (java.base@15)
1233:             1             16  jdk.internal.reflect.GeneratedMethodAccessor76 (java.base@15)
1234:             1             16  jdk.internal.reflect.GeneratedMethodAccessor77 (java.base@15)
1235:             1             16  jdk.internal.reflect.GeneratedMethodAccessor78 (java.base@15)
1236:             1             16  jdk.internal.reflect.GeneratedMethodAccessor8 (java.base@15)
1237:             1             16  jdk.internal.reflect.GeneratedMethodAccessor9 (java.base@15)
1238:             1             16  jdk.internal.reflect.GeneratedSerializationConstructorAccessor1 (java.base@15)
1239:             1             16  jdk.internal.reflect.GeneratedSerializationConstructorAccessor10 (java.base@15)
1240:             1             16  jdk.internal.reflect.GeneratedSerializationConstructorAccessor11 (java.base@15)
1241:             1             16  jdk.internal.reflect.GeneratedSerializationConstructorAccessor12 (java.base@15)
1242:             1             16  jdk.internal.reflect.GeneratedSerializationConstructorAccessor13 (java.base@15)
1243:             1             16  jdk.internal.reflect.GeneratedSerializationConstructorAccessor14 (java.base@15)
1244:             1             16  jdk.internal.reflect.GeneratedSerializationConstructorAccessor15 (java.base@15)
1245:             1             16  jdk.internal.reflect.GeneratedSerializationConstructorAccessor16 (java.base@15)
1246:             1             16  jdk.internal.reflect.GeneratedSerializationConstructorAccessor17 (java.base@15)
1247:             1             16  jdk.internal.reflect.GeneratedSerializationConstructorAccessor18 (java.base@15)
1248:             1             16  jdk.internal.reflect.GeneratedSerializationConstructorAccessor19 (java.base@15)
1249:             1             16  jdk.internal.reflect.GeneratedSerializationConstructorAccessor2 (java.base@15)
1250:             1             16  jdk.internal.reflect.GeneratedSerializationConstructorAccessor20 (java.base@15)
1251:             1             16  jdk.internal.reflect.GeneratedSerializationConstructorAccessor21 (java.base@15)
1252:             1             16  jdk.internal.reflect.GeneratedSerializationConstructorAccessor22 (java.base@15)
1253:             1             16  jdk.internal.reflect.GeneratedSerializationConstructorAccessor23 (java.base@15)
1254:             1             16  jdk.internal.reflect.GeneratedSerializationConstructorAccessor24 (java.base@15)
1255:             1             16  jdk.internal.reflect.GeneratedSerializationConstructorAccessor25 (java.base@15)
1256:             1             16  jdk.internal.reflect.GeneratedSerializationConstructorAccessor26 (java.base@15)
1257:             1             16  jdk.internal.reflect.GeneratedSerializationConstructorAccessor27 (java.base@15)
1258:             1             16  jdk.internal.reflect.GeneratedSerializationConstructorAccessor28 (java.base@15)
1259:             1             16  jdk.internal.reflect.GeneratedSerializationConstructorAccessor29 (java.base@15)
1260:             1             16  jdk.internal.reflect.GeneratedSerializationConstructorAccessor3 (java.base@15)
1261:             1             16  jdk.internal.reflect.GeneratedSerializationConstructorAccessor30 (java.base@15)
1262:             1             16  jdk.internal.reflect.GeneratedSerializationConstructorAccessor31 (java.base@15)
1263:             1             16  jdk.internal.reflect.GeneratedSerializationConstructorAccessor32 (java.base@15)
1264:             1             16  jdk.internal.reflect.GeneratedSerializationConstructorAccessor33 (java.base@15)
1265:             1             16  jdk.internal.reflect.GeneratedSerializationConstructorAccessor34 (java.base@15)
1266:             1             16  jdk.internal.reflect.GeneratedSerializationConstructorAccessor35 (java.base@15)
1267:             1             16  jdk.internal.reflect.GeneratedSerializationConstructorAccessor36 (java.base@15)
1268:             1             16  jdk.internal.reflect.GeneratedSerializationConstructorAccessor37 (java.base@15)
1269:             1             16  jdk.internal.reflect.GeneratedSerializationConstructorAccessor38 (java.base@15)
1270:             1             16  jdk.internal.reflect.GeneratedSerializationConstructorAccessor39 (java.base@15)
1271:             1             16  jdk.internal.reflect.GeneratedSerializationConstructorAccessor4 (java.base@15)
1272:             1             16  jdk.internal.reflect.GeneratedSerializationConstructorAccessor5 (java.base@15)
1273:             1             16  jdk.internal.reflect.GeneratedSerializationConstructorAccessor6 (java.base@15)
1274:             1             16  jdk.internal.reflect.GeneratedSerializationConstructorAccessor7 (java.base@15)
1275:             1             16  jdk.internal.reflect.GeneratedSerializationConstructorAccessor8 (java.base@15)
1276:             1             16  jdk.internal.reflect.GeneratedSerializationConstructorAccessor9 (java.base@15)
1277:             1             16  jdk.internal.reflect.ReflectionFactory (java.base@15)
1278:             1             16  jdk.internal.util.Preconditions$1 (java.base@15)
1279:             1             16  jdk.jfr.FlightRecorderPermission$InternalAccess (jdk.jfr@15)
1280:             1             16  jdk.jfr.internal.JVM (jdk.jfr@15)
1281:             1             16  jdk.jfr.internal.SecuritySupport$Privileged (jdk.jfr@15)
1282:             1             16  jdk.jfr.internal.consumer.FileAccess$UnPrivileged (jdk.jfr@15)
1283:             1             16  jdk.management.jfr.SettingDescriptorInfo$1 (jdk.management.jfr@15)
1284:             1             16  jdk.net.ExtendedSocketOptions$PlatformSocketOptions (jdk.net@15)
1285:             1             16  org.postgresql.Driver
1286:             1             16  org.postgresql.core.CachedQueryCreateAction
1287:             1             16  org.postgresql.core.Encoding$2
1288:             1             16  org.postgresql.core.QueryExecutorBase$1
1289:             1             16  org.postgresql.jdbc.PgConnection$1
1290:             1             16  org.postgresql.util.LruCache$1
1291:             1             16  org.postgresql.util.LruCache$2
1292:             1             16  ru.job4j.tracker.ConsoleInput
1293:             1             16  ru.job4j.tracker.CreateAction
1294:             1             16  ru.job4j.tracker.DeleteAction
1295:             1             16  ru.job4j.tracker.ExitAction
1296:             1             16  ru.job4j.tracker.FindAllAction
1297:             1             16  ru.job4j.tracker.FindByIdAction
1298:             1             16  ru.job4j.tracker.FindByNameAction
1299:             1             16  ru.job4j.tracker.ReplaceAction
1300:             1             16  ru.job4j.tracker.SqlTracker
1301:             1             16  ru.job4j.tracker.StartUI
1302:             1             16  sun.management.ClassLoadingImpl (java.management@15)
1303:             1             16  sun.management.ManagementFactoryHelper$$Lambda$138/0x0000000800c51ed8 (java.management@15)
1304:             1             16  sun.management.ManagementFactoryHelper$$Lambda$139/0x0000000800c52110 (java.management@15)
1305:             1             16  sun.management.ManagementFactoryHelper$$Lambda$84/0x0000000800c0d490 (java.management@15)
1306:             1             16  sun.management.jmxremote.ConnectorBootstrap$PermanentExporter (jdk.management.agent@15)
1307:             1             16  sun.management.jmxremote.LocalRMIServerSocketFactory (jdk.management.agent@15)
1308:             1             16  sun.net.DefaultProgressMeteringPolicy (java.base@15)
1309:             1             16  sun.net.spi.DefaultProxySelector (java.base@15)
1310:             1             16  sun.net.www.protocol.file.Handler (java.base@15)
1311:             1             16  sun.net.www.protocol.jar.Handler (java.base@15)
1312:             1             16  sun.net.www.protocol.jar.JarFileFactory (java.base@15)
1313:             1             16  sun.net.www.protocol.jrt.Handler (java.base@15)
1314:             1             16  sun.nio.ch.ExtendedSocketOption$1 (java.base@15)
1315:             1             16  sun.nio.ch.FileChannelImpl$1 (java.base@15)
1316:             1             16  sun.nio.ch.FileChannelImpl$2 (java.base@15)
1317:             1             16  sun.nio.ch.Net$1 (java.base@15)
1318:             1             16  sun.nio.ch.SocketDispatcher (java.base@15)
1319:             1             16  sun.nio.ch.Util$1 (java.base@15)
1320:             1             16  sun.nio.fs.NativeBuffers$1 (java.base@15)
1321:             1             16  sun.nio.fs.WindowsChannelFactory$1 (java.base@15)
1322:             1             16  sun.nio.fs.WindowsFileSystemProvider (java.base@15)
1323:             1             16  sun.reflect.generics.tree.BottomSignature (java.base@15)
1324:             1             16  sun.reflect.generics.tree.LongSignature (java.base@15)
1325:             1             16  sun.reflect.generics.tree.TypeVariableSignature (java.base@15)
1326:             1             16  sun.reflect.generics.tree.VoidDescriptor (java.base@15)
1327:             1             16  sun.rmi.runtime.Log$$Lambda$98/0x0000000800c18a50 (java.rmi@15)
1328:             1             16  sun.rmi.runtime.Log$LoggerLogFactory (java.rmi@15)
1329:             1             16  sun.rmi.runtime.RuntimeUtil (java.rmi@15)
1330:             1             16  sun.rmi.runtime.RuntimeUtil$$Lambda$117/0x0000000800c22fa0 (java.rmi@15)
1331:             1             16  sun.rmi.server.LoaderHandler$$Lambda$129/0x0000000800c34498 (java.rmi@15)
1332:             1             16  sun.rmi.server.LoaderHandler$$Lambda$130/0x0000000800c346b0 (java.rmi@15)
1333:             1             16  sun.rmi.server.MarshalInputStream$$Lambda$126/0x0000000800c30668 (java.rmi@15)
1334:             1             16  sun.rmi.server.UnicastRef (java.rmi@15)
1335:             1             16  sun.rmi.server.UnicastRef$$Lambda$101/0x0000000800c1b200 (java.rmi@15)
1336:             1             16  sun.rmi.server.UnicastServerRef$$Lambda$102/0x0000000800c1b418 (java.rmi@15)
1337:             1             16  sun.rmi.server.UnicastServerRef$$Lambda$103/0x0000000800c1b630 (java.rmi@15)
1338:             1             16  sun.rmi.server.UnicastServerRef$$Lambda$104/0x0000000800c1b848 (java.rmi@15)
1339:             1             16  sun.rmi.server.UnicastServerRef$HashToMethod_Maps (java.rmi@15)
1340:             1             16  sun.rmi.server.Util$$Lambda$100/0x0000000800c1afe8 (java.rmi@15)
1341:             1             16  sun.rmi.server.Util$$Lambda$97/0x0000000800c17ba0 (java.rmi@15)
1342:             1             16  sun.rmi.transport.DGCAckHandler$$Lambda$131/0x0000000800c3dee8 (java.rmi@15)
1343:             1             16  sun.rmi.transport.DGCImpl$$Lambda$114/0x0000000800c22528 (java.rmi@15)
1344:             1             16  sun.rmi.transport.DGCImpl$$Lambda$115/0x0000000800c22740 (java.rmi@15)
1345:             1             16  sun.rmi.transport.DGCImpl$$Lambda$116/0x0000000800c22958 (java.rmi@15)
1346:             1             16  sun.rmi.transport.DGCImpl$$Lambda$118/0x0000000800c25198 (java.rmi@15)
1347:             1             16  sun.rmi.transport.DGCImpl$1 (java.rmi@15)
1348:             1             16  sun.rmi.transport.DGCImpl$2$$Lambda$119/0x0000000800c257d0 (java.rmi@15)
1349:             1             16  sun.rmi.transport.DGCImpl_Skel (java.rmi@15)
1350:             1             16  sun.rmi.transport.DGCImpl_Stub (java.rmi@15)
1351:             1             16  sun.rmi.transport.ObjectTable$$Lambda$113/0x0000000800c21ef0 (java.rmi@15)
1352:             1             16  sun.rmi.transport.Transport$$Lambda$108/0x0000000800c1d668 (java.rmi@15)
1353:             1             16  sun.rmi.transport.tcp.TCPChannel$$Lambda$121/0x0000000800c2e500 (java.rmi@15)
1354:             1             16  sun.rmi.transport.tcp.TCPChannel$$Lambda$122/0x0000000800c2e718 (java.rmi@15)
1355:             1             16  sun.rmi.transport.tcp.TCPChannel$$Lambda$123/0x0000000800c2e930 (java.rmi@15)
1356:             1             16  sun.rmi.transport.tcp.TCPDirectSocketFactory (java.rmi@15)
1357:             1             16  sun.rmi.transport.tcp.TCPEndpoint$$Lambda$106/0x0000000800c1cba0 (java.rmi@15)
1358:             1             16  sun.rmi.transport.tcp.TCPTransport$$Lambda$109/0x0000000800c1d880 (java.rmi@15)
1359:             1             16  sun.rmi.transport.tcp.TCPTransport$$Lambda$110/0x0000000800c1da98 (java.rmi@15)
1360:             1             16  sun.rmi.transport.tcp.TCPTransport$$Lambda$111/0x0000000800c1dcb0 (java.rmi@15)
1361:             1             16  sun.rmi.transport.tcp.TCPTransport$$Lambda$112/0x0000000800c206b8 (java.rmi@15)
1362:             1             16  sun.rmi.transport.tcp.TCPTransport$1 (java.rmi@15)
1363:             1             16  sun.security.jca.ProviderConfig$ProviderLoader (java.base@15)
1364:             1             16  sun.security.provider.AbstractDrbg$$Lambda$66/0x0000000800b8ea88 (java.base@15)
1365:             1             16  sun.security.provider.AbstractDrbg$SeederHolder$$Lambda$70/0x0000000800b95958 (java.base@15)
1366:             1             16  sun.security.provider.DRBG$$Lambda$65/0x0000000800b8d578 (java.base@15)
1367:             1             16  sun.security.provider.NativeSeedGenerator (java.base@15)
1368:             1             16  sun.security.util.ByteArrayLexOrder (java.base@15)
1369:             1             16  sun.security.util.ByteArrayTagOrder (java.base@15)
1370:             1             16  sun.security.util.KnownOIDs$$Lambda$64/0x0000000800b8ccf0 (java.base@15)
1371:             1             16  sun.util.calendar.Gregorian (java.base@15)
1372:             1             16  sun.util.cldr.CLDRBaseLocaleDataMetaInfo (java.base@15)
1373:             1             16  sun.util.locale.InternalLocaleBuilder$CaseInsensitiveChar (java.base@15)
1374:             1             16  sun.util.locale.provider.CalendarDataUtility$CalendarWeekParameterGetter (java.base@15)
1375:             1             16  sun.util.locale.provider.NumberFormatProviderImpl$$Lambda$23/0x0000000800b650f0 (java.base@15)
1376:             1             16  sun.util.locale.provider.NumberFormatProviderImpl$$Lambda$24/0x0000000800b65548 (java.base@15)
1377:             1             16  sun.util.locale.provider.TimeZoneNameUtility$TimeZoneNameGetter (java.base@15)
1378:             1             16  sun.util.logging.internal.LoggingProviderImpl (java.logging@15)
1379:             1             16  sun.util.resources.LocaleData$LocaleDataStrategy (java.base@15)
1380:             1             16  sun.util.resources.cldr.provider.CLDRLocaleDataMetaInfo (jdk.localedata@15)
Total        681883       38854816

3. Show all items:
C:\projects\job4j_tracker>jstat -gc 4216 1s 10
 S0C    S1C    S0U    S1U      EC       EU        OC         OU       MC     MU    CCSC   CCSU   YGC     YGCT    FGC    FGCT    CGC    CGCT     GCT
 0,0   1024,0  0,0   955,2  80896,0  37888,0   49152,0     3707,0   10752,0 9964,3 1280,0 1056,4      3    0,024   0      0,000   0      0,000    0,024
 0,0   1024,0  0,0   955,2  80896,0  37888,0   49152,0     3707,0   10752,0 9964,3 1280,0 1056,4      3    0,024   0      0,000   0      0,000    0,024
 0,0   1024,0  0,0   955,2  80896,0  37888,0   49152,0     3707,0   10752,0 9964,3 1280,0 1056,4      3    0,024   0      0,000   0      0,000    0,024
 0,0   1024,0  0,0   955,2  80896,0  37888,0   49152,0     3707,0   10752,0 9964,3 1280,0 1056,4      3    0,024   0      0,000   0      0,000    0,024
 0,0   1024,0  0,0   955,2  80896,0  37888,0   49152,0     3707,0   10752,0 9964,3 1280,0 1056,4      3    0,024   0      0,000   0      0,000    0,024
 0,0   1024,0  0,0   955,2  80896,0  37888,0   49152,0     3707,0   10752,0 9964,3 1280,0 1056,4      3    0,024   0      0,000   0      0,000    0,024
 0,0   1024,0  0,0   955,2  80896,0  37888,0   49152,0     3707,0   10752,0 9964,3 1280,0 1056,4      3    0,024   0      0,000   0      0,000    0,024
 0,0   1024,0  0,0   955,2  80896,0  37888,0   49152,0     3707,0   10752,0 9964,3 1280,0 1056,4      3    0,024   0      0,000   0      0,000    0,024
 0,0   1024,0  0,0   955,2  80896,0  37888,0   49152,0     3707,0   10752,0 9964,3 1280,0 1056,4      3    0,024   0      0,000   0      0,000    0,024
 0,0   1024,0  0,0   955,2  80896,0  37888,0   49152,0     3707,0   10752,0 9964,3 1280,0 1056,4      3    0,024   0      0,000   0      0,000    0,024

C:\projects\job4j_tracker>jmap -histo 4216
No dump file specified
 num     #instances         #bytes  class name (module)
-------------------------------------------------------
   1:        127393       12056464  [B (java.base@15)
   2:         17254        5026304  [C (java.base@15)
   3:         26356        4767104  [I (java.base@15)
   4:        106131        4604856  [Ljava.lang.Object; (java.base@15)
   5:         77542        2481344  java.io.ObjectStreamClass$WeakClassKey (java.base@15)
   6:         13026        1563120  java.io.ObjectStreamClass (java.base@15)
   7:         62123        1490952  java.lang.String (java.base@15)
   8:          2703         690488  [J (java.base@15)
   9:         14128         678144  java.util.HashMap (java.base@15)
  10:         25894         621456  java.lang.Long (java.base@15)
  11:         22731         545544  java.lang.StringBuilder (java.base@15)
  12:         17820         535672  [Ljava.lang.String; (java.base@15)
  13:         15871         507872  java.util.HashMap$Node (java.base@15)
  14:          7166         473320  [Ljava.util.HashMap$Node; (java.base@15)
  15:          3025         364784  java.lang.Class (java.base@15)
  16:          8507         340280  java.util.TreeMap$Entry (java.base@15)
  17:          9771         338048  [Ljavax.management.ObjectName$Property; (java.management@15)
  18:          7589         303560  java.io.DataOutputStream (java.base@15)
  19:         12533         300792  javax.management.Attribute (java.management@15)
  20:         12129         291096  java.io.SerialCallbackContext (java.base@15)
  21:          6936         277440  java.io.ObjectOutputStream$HandleTable (java.base@15)
  22:          6514         260560  java.io.ObjectStreamClass$FieldReflectorKey (java.base@15)
  23:          3468         249696  sun.rmi.transport.ConnectionInputStream (java.rmi@15)
  24:          7579         242528  java.util.concurrent.ConcurrentHashMap$Node (java.base@15)
  25:          3875         236536  [Ljava.io.ObjectInputStream$HandleTable$HandleList; (java.base@15)
  26:          6946         222272  java.rmi.server.UID (java.rmi@15)
  27:          3468         221952  sun.rmi.transport.ConnectionOutputStream (java.rmi@15)
  28:          2431         194360  [S (java.base@15)
  29:          3468         194208  java.io.ObjectInputStream$BlockDataInputStream (java.base@15)
  30:          5659         181088  java.util.TreeMap$EntryIterator (java.base@15)
  31:          6056         169008  [Ljava.lang.Class; (java.base@15)
  32:         10159         162544  java.lang.Object (java.base@15)
  33:          1760         154880  java.lang.reflect.Method (java.base@15)
  34:          3469         138760  sun.rmi.transport.StreamRemoteCall (java.rmi@15)
  35:          3468         138720  java.io.ObjectOutputStream$BlockDataOutputStream (java.base@15)
  36:          3997         127904  java.util.TreeMap$KeyIterator (java.base@15)
  37:          5310         127440  javax.management.ObjectName$Property (java.management@15)
  38:          3474         111168  java.io.DataInputStream (java.base@15)
  39:          3468         110976  java.io.ObjectInputStream$HandleTable (java.base@15)
  40:          3468         110976  java.io.ObjectInputStream$PeekInputStream (java.base@15)
  41:          6936         110976  sun.rmi.transport.Transport$$Lambda$127/0x0000000800c333c0 (java.rmi@15)
  42:          3468         110976  sun.rmi.transport.Transport$1 (java.rmi@15)
  43:          3268         104576  javax.management.ObjectName (java.management@15)
  44:          3235         103520  javax.management.AttributeList (java.management@15)
  45:          2126         102048  java.util.TreeMap (java.base@15)
  46:          2037          97776  java.lang.management.MemoryUsage (java.management@15)
  47:          3784          90816  java.util.ArrayList (java.base@15)
  48:          3472          83328  java.rmi.server.ObjID (java.rmi@15)
  49:          3471          83304  sun.rmi.transport.ObjectEndpoint (java.rmi@15)
  50:          3468          83232  java.io.ObjectOutputStream$ReplaceTable (java.base@15)
  51:          3289          78936  java.io.ObjectStreamClass$ClassDataSlot (java.base@15)
  52:          3271          78528  [Ljava.io.ObjectStreamClass$ClassDataSlot; (java.base@15)
  53:          3244          77856  [Ljava.io.ObjectInputStream$FieldValues; (java.base@15)
  54:           114          72832  [Ljava.util.concurrent.ConcurrentHashMap$Node; (java.base@15)
  55:          2940          70560  java.io.ObjectInputStream$FieldValues (java.base@15)
  56:          2785          66840  javax.management.remote.rmi.RMIConnectionImpl$PrivilegedOperation (java.management.rmi@15)
  57:          1563          62520  sun.util.locale.LocaleObjectCache$CacheEntry (java.base@15)
  58:          1415          56600  java.lang.ref.SoftReference (java.base@15)
  59:          3521          56336  java.util.HashSet (java.base@15)
  60:          3480          55680  java.util.HashMap$Values (java.base@15)
  61:          3468          55488  java.io.ObjectInputStream$ValidationList (java.base@15)
  62:          2144          51456  java.util.Collections$UnmodifiableCollection$1 (java.base@15)
  63:          2089          50136  javax.management.openmbean.CompositeDataSupport (java.management@15)
  64:          1230          49200  java.util.LinkedHashMap$Entry (java.base@15)
  65:           557          40104  java.lang.reflect.Field (java.base@15)
  66:          2096          33536  java.util.TreeMap$KeySet (java.base@15)
  67:          2037          32592  java.util.TreeMap$EntrySet (java.base@15)
  68:           676          32448  java.lang.invoke.MemberName (java.base@15)
  69:           449          32328  java.lang.reflect.Constructor (java.base@15)
  70:           808          32320  java.lang.reflect.InvocationTargetException (java.base@15)
  71:           501          32064  java.util.concurrent.ConcurrentHashMap (java.base@15)
  72:          1857          29712  sun.rmi.server.MarshalOutputStream$1 (java.rmi@15)
  73:           928          29696  java.net.InetAddress$InetAddressHolder (java.base@15)
  74:           414          26496  java.lang.Class$ReflectionData (java.base@15)
  75:           800          25600  java.util.Locale (java.base@15)
  76:           799          25568  sun.util.locale.BaseLocale (java.base@15)
  77:           780          24960  sun.util.locale.BaseLocale$Key (java.base@15)
  78:           607          24280  java.util.HashMap$ValueIterator (java.base@15)
  79:           504          20160  java.lang.invoke.MethodType (java.base@15)
  80:           614          19648  java.net.Inet6Address$Inet6AddressHolder (java.base@15)
  81:           268          18224  [Ljava.lang.ref.SoftReference; (java.base@15)
  82:           569          18208  java.lang.invoke.LambdaForm$Name (java.base@15)
  83:           416          16640  java.math.BigInteger (java.base@15)
  84:           512          16384  java.lang.invoke.MethodType$ConcurrentWeakInternSet$WeakEntry (java.base@15)
  85:           404          16160  java.lang.UnsupportedOperationException (java.base@15)
  86:           614          14736  java.net.Inet6Address (java.base@15)
  87:           206          14704  [Ljava.lang.Thread; (java.base@15)
  88:           558          13392  java.security.Provider$ServiceKey (java.base@15)
  89:           539          12936  java.lang.invoke.ResolvedMethodName (java.base@15)
  90:           220          12320  java.security.Provider$Service (java.base@15)
  91:           203          11368  [Ljava.net.InetAddress; (java.base@15)
  92:           190          11280  [Ljava.lang.reflect.Method; (java.base@15)
  93:           339          10848  java.lang.ref.WeakReference (java.base@15)
  94:           190          10640  java.lang.Module (java.base@15)
  95:           656          10496  java.lang.Integer (java.base@15)
  96:           119           9520  jdk.internal.reflect.DelegatingClassLoader (java.base@15)
  97:           396           9504  java.lang.module.ModuleDescriptor$Exports (java.base@15)
  98:           215           8600  java.io.ObjectStreamField (java.base@15)
  99:           247           7904  sun.security.util.KnownOIDs (java.base@15)
 100:           314           7536  java.net.Inet4Address (java.base@15)
 101:           144           6912  java.lang.invoke.LambdaForm (java.base@15)
 102:           149           6904  [Ljava.lang.invoke.LambdaForm$Name; (java.base@15)
 103:           294           6896  [Ljava.lang.reflect.Constructor; (java.base@15)
 104:           159           6360  java.util.WeakHashMap$Entry (java.base@15)
 105:           263           6312  java.util.ImmutableCollections$Set12 (java.base@15)
 106:           197           6304  java.lang.invoke.DirectMethodHandle (java.base@15)
 107:           252           6048  javax.management.ImmutableDescriptor (java.management@15)
 108:           177           5664  java.lang.module.ModuleDescriptor$Requires (java.base@15)
 109:            70           5600  java.net.URI (java.base@15)
 110:           232           5568  java.util.Arrays$ArrayItr (java.base@15)
 111:            15           5520  java.lang.Thread (java.base@15)
 112:           138           5520  java.security.ProtectionDomain (java.base@15)
 113:           170           5440  java.lang.invoke.LambdaForm$NamedFunction (java.base@15)
 114:           135           5400  java.security.CodeSource (java.base@15)
 115:           213           5112  jdk.internal.reflect.NativeConstructorAccessorImpl (java.base@15)
 116:           155           4960  com.sun.jmx.mbeanserver.ConvertingMethod (java.management@15)
 117:           204           4896  java.util.concurrent.ConcurrentSkipListMap$Node (java.base@15)
 118:           150           4800  java.lang.invoke.MethodTypeForm (java.base@15)
 119:            97           4656  java.util.logging.LogManager$LoggerWeakRef (java.logging@15)
 120:           187           4488  java.security.Provider$UString (java.base@15)
 121:           187           4488  java.time.LocalDateTime (java.base@15)
 122:            70           4480  java.lang.module.ModuleDescriptor (java.base@15)
 123:           102           4080  java.net.InetAddress$CachedAddresses (java.base@15)
 124:           170           4080  jdk.internal.module.ServicesCatalog$ServiceProvider (java.base@15)
 125:           127           4064  jdk.internal.loader.NativeLibraries (java.base@15)
 126:           166           3984  java.util.ImmutableCollections$SetN (java.base@15)
 127:            70           3920  jdk.internal.module.ModuleReferenceImpl (java.base@15)
 128:           150           3600  java.util.ImmutableCollections$List12 (java.base@15)
 129:           110           3520  java.lang.invoke.BoundMethodHandle$Species_L (java.base@15)
 130:            39           3440  [Ljava.lang.invoke.MethodHandle; (java.base@15)
 131:           214           3424  jdk.internal.reflect.DelegatingConstructorAccessorImpl (java.base@15)
 132:            32           3360  [Ljava.util.WeakHashMap$Entry; (java.base@15)
 133:           166           3320  [Lcom.sun.jmx.mbeanserver.MXBeanMapping; (java.management@15)
 134:           102           3264  java.net.InetAddress$CachedLocalHost (java.base@15)
 135:            71           3248  [Ljava.lang.reflect.Field; (java.base@15)
 136:           101           3232  java.util.concurrent.ConcurrentSkipListMap$KeyIterator (java.base@15)
 137:            79           3160  com.sun.management.internal.DiagnosticCommandArgumentInfo (jdk.management@15)
 138:            49           3136  javax.management.openmbean.OpenMBeanAttributeInfoSupport (java.management@15)
 139:           123           2952  java.time.LocalDate (java.base@15)
 140:            91           2912  java.util.logging.LogManager$LogNode (java.logging@15)
 141:            55           2888  [Ljavax.management.MBeanAttributeInfo; (java.management@15)
 142:           104           2744  [[C (java.base@15)
 143:           112           2688  java.util.concurrent.CopyOnWriteArrayList (java.base@15)
 144:            48           2688  sun.util.calendar.ZoneInfo (java.base@15)
 145:            65           2600  org.postgresql.PGProperty
 146:            54           2592  javax.management.MBeanInfo (java.management@15)
 147:            91           2528  [Ljava.io.ObjectStreamField; (java.base@15)
 148:           156           2496  java.util.Collections$UnmodifiableSet (java.base@15)
 149:           101           2424  java.net.InetAddress$NameServiceAddresses (java.base@15)
 150:            42           2352  java.nio.HeapCharBuffer (java.base@15)
 151:           138           2208  [Ljava.security.Principal; (java.base@15)
 152:           138           2208  java.security.ProtectionDomain$Key (java.base@15)
 153:            55           2200  java.lang.invoke.BoundMethodHandle$Species_LL (java.base@15)
 154:           134           2144  java.util.HashMap$EntrySet (java.base@15)
 155:            53           2120  sun.security.util.NamedCurve (java.base@15)
 156:            66           2112  java.lang.invoke.LambdaForm$Kind (java.base@15)
 157:            44           2112  java.lang.invoke.LambdaFormEditor$Transform (java.base@15)
 158:            65           2080  javax.management.MBeanAttributeInfo (java.management@15)
 159:           128           2048  java.lang.Character (java.base@15)
 160:            36           2016  java.util.logging.Logger (java.logging@15)
 161:            21           2016  sun.util.calendar.Gregorian$Date (java.base@15)
 162:            41           1968  com.sun.management.internal.DiagnosticCommandInfo (jdk.management@15)
 163:            13           1928  [[B (java.base@15)
 164:            48           1920  java.lang.invoke.DirectMethodHandle$Constructor (java.base@15)
 165:            30           1920  java.util.stream.IntPipeline$9 (java.base@15)
 166:            60           1920  jdk.internal.loader.BuiltinClassLoader$LoadedModule (java.base@15)
 167:            59           1888  java.lang.ref.ReferenceQueue (java.base@15)
 168:            77           1848  java.util.Arrays$ArrayList (java.base@15)
 169:            72           1728  java.lang.module.ModuleDescriptor$Provides (java.base@15)
 170:            53           1696  java.security.spec.EllipticCurve (java.base@15)
 171:            53           1696  sun.security.util.ObjectIdentifier (java.base@15)
 172:            30           1680  java.util.stream.IntPipeline$Head (java.base@15)
 173:            70           1680  jdk.internal.module.SystemModuleFinders$2 (java.base@15)
 174:            33           1584  java.time.temporal.ValueRange (java.base@15)
 175:            99           1584  jdk.internal.reflect.DelegatingMethodAccessorImpl (java.base@15)
 176:            38           1520  javax.management.MBeanOperationInfo (java.management@15)
 177:            63           1512  sun.reflect.generics.tree.SimpleClassTypeSignature (java.base@15)
 178:            37           1480  java.util.logging.Logger$ConfigurationData (java.logging@15)
 179:            61           1464  java.lang.module.ResolvedModule (java.base@15)
 180:            61           1464  jdk.internal.module.SystemModuleFinders$SystemModuleReader (java.base@15)
 181:            60           1440  java.time.LocalTime (java.base@15)
 182:            59           1416  java.util.concurrent.ConcurrentSkipListMap$Index (java.base@15)
 183:            25           1400  java.util.LinkedHashMap (java.base@15)
 184:            29           1392  java.util.WeakHashMap (java.base@15)
 185:            42           1344  javax.management.MBeanParameterInfo (java.management@15)
 186:            45           1336  [Ljavax.management.MBeanOperationInfo; (java.management@15)
 187:            41           1312  com.sun.management.internal.DiagnosticCommandImpl$Wrapper (jdk.management@15)
 188:            54           1296  java.security.spec.ECPoint (java.base@15)
 189:            39           1248  jdk.internal.reflect.UnsafeQualifiedStaticLongFieldAccessorImpl (java.base@15)
 190:            30           1200  [Ljava.util.Formatter$Flags; (java.base@15)
 191:            30           1200  java.lang.invoke.DirectMethodHandle$Accessor (java.base@15)
 192:            30           1200  java.time.temporal.ChronoField (java.base@15)
 193:            30           1200  java.util.Formatter$FormatSpecifier (java.base@15)
 194:            38           1184  [Ljava.math.BigInteger; (java.base@15)
 195:            63           1176  [Lsun.reflect.generics.tree.TypeArgument; (java.base@15)
 196:            29           1160  java.io.ObjectStreamClass$FieldReflector (java.base@15)
 197:            29           1160  java.security.AccessControlContext (java.base@15)
 198:            24           1152  jdk.internal.ref.CleanerImpl$PhantomCleanableRef (java.base@15)
 199:             6           1144  [Z (java.base@15)
 200:            47           1128  java.util.jar.Attributes$Name (java.base@15)
 201:            70           1120  java.util.HashMap$KeySet (java.base@15)
 202:            27           1080  java.lang.invoke.MethodHandleImpl$AsVarargsCollector (java.base@15)
 203:             2           1064  [Ljava.lang.Integer; (java.base@15)
 204:            33           1056  java.util.ArrayList$Itr (java.base@15)
 205:             1           1048  [Lsun.security.util.KnownOIDs; (java.base@15)
 206:             1           1040  [Ljava.lang.Long; (java.base@15)
 207:             1           1040  [Ljdk.internal.org.objectweb.asm.SymbolTable$Entry; (java.base@15)
 208:            65           1040  jdk.internal.module.SystemModuleFinders$3 (java.base@15)
 209:            41           1024  [Lcom.sun.management.internal.DiagnosticCommandArgumentInfo; (jdk.management@15)
 210:            32           1024  java.lang.ThreadLocal$ThreadLocalMap$Entry (java.base@15)
 211:            21           1008  java.io.ObjectInputStream$FilterValues (java.base@15)
 212:            18           1008  jdk.internal.org.objectweb.asm.SymbolTable$Entry (java.base@15)
 213:            18           1008  sun.security.ec.SunEC$ProviderServiceA (jdk.crypto.ec@15)
 214:            31            992  java.lang.invoke.VarHandle$AccessMode (java.base@15)
 215:            62            992  sun.reflect.generics.tree.ClassTypeSignature (java.base@15)
 216:            41            984  com.sun.jmx.mbeanserver.PerInterface$MethodAndSig (java.management@15)
 217:            41            984  java.util.Collections$UnmodifiableRandomAccessList (java.base@15)
 218:            61            976  java.lang.ref.ReferenceQueue$Lock (java.base@15)
 219:            24            960  com.sun.jmx.mbeanserver.MXBeanSupport (java.management@15)
 220:            15            960  java.net.URL (java.base@15)
 221:            30            960  java.security.Provider$EngineDescription (java.base@15)
 222:            30            960  java.util.Formatter$FixedString (java.base@15)
 223:            17            952  javax.management.openmbean.CompositeType (java.management@15)
 224:            28            936  [Ljava.time.format.DateTimeFormatterBuilder$DateTimePrinterParser; (java.base@15)
 225:            23            920  java.lang.Package$VersionInfo (java.base@15)
 226:            19            912  javax.management.openmbean.ArrayType (java.management@15)
 227:            37            904  [Ljavax.management.MBeanParameterInfo; (java.management@15)
 228:            14            896  org.postgresql.core.v3.SimpleQuery
 229:            16            896  sun.security.ec.SunEC$ProviderService (jdk.crypto.ec@15)
 230:             3            888  [[Ljava.lang.String; (java.base@15)
 231:            10            880  java.text.DecimalFormatSymbols (java.base@15)
 232:             6            864  [Ljava.lang.invoke.MemberName; (java.base@15)
 233:            36            864  java.lang.management.ManagementPermission (java.management@15)
 234:            25            800  com.sun.jmx.mbeanserver.WeakIdentityHashMap$IdentityWeakReference (java.management@15)
 235:            25            800  java.time.format.DateTimeFormatterBuilder$NumberPrinterParser (java.base@15)
 236:            11            792  java.util.regex.Matcher (java.base@15)
 237:            14            784  javax.management.openmbean.OpenMBeanParameterInfoSupport (java.management@15)
 238:            32            768  com.sun.jmx.mbeanserver.DefaultMXBeanMappingFactory$IdentityMapping (java.management@15)
 239:            24            768  java.lang.Package (java.base@15)
 240:            12            768  java.nio.DirectByteBuffer (java.base@15)
 241:            31            744  java.util.OptionalInt (java.base@15)
 242:            23            736  sun.management.MappedMXBeanType$BasicMXBeanType (java.management@15)
 243:            18            720  java.lang.invoke.BoundMethodHandle$Species_LJ (java.base@15)
 244:            30            720  java.util.stream.FindOps$FindSink$OfInt (java.base@15)
 245:            30            720  java.util.stream.IntPipeline$9$1 (java.base@15)
 246:            30            720  jdk.internal.reflect.Label$PatchInfo (java.base@15)
 247:            18            720  sun.reflect.generics.repository.MethodRepository (java.base@15)
 248:            31            688  [Ljava.lang.reflect.Type; (java.base@15)
 249:             7            680  [D (java.base@15)
 250:            28            672  java.time.format.DateTimeFormatterBuilder$CompositePrinterParser (java.base@15)
 251:            41            656  jdk.internal.reflect.BootstrapConstructorAccessorImpl (java.base@15)
 252:            27            648  java.util.Collections$SingletonList (java.base@15)
 253:             2            640  [Ljava.time.LocalDateTime; (java.base@15)
 254:            20            640  java.lang.StringLatin1$CharsSpliterator (java.base@15)
 255:            20            640  java.sql.Timestamp (java.sql@15)
 256:            16            640  java.time.format.DateTimeFormatter (java.base@15)
 257:            40            640  java.util.Formatter$Flags (java.base@15)
 258:             3            624  [Ljava.lang.invoke.LambdaForm; (java.base@15)
 259:            26            624  com.sun.jmx.mbeanserver.NamedObject (java.management@15)
 260:            26            624  java.security.spec.ECFieldF2m (java.base@15)
 261:            25            600  java.time.Duration (java.base@15)
 262:            15            600  javax.management.remote.rmi.RMIConnectionImpl$4 (java.management.rmi@15)
 263:            18            576  java.util.concurrent.locks.ReentrantLock$NonfairSync (java.base@15)
 264:            18            576  sun.reflect.generics.tree.MethodTypeSignature (java.base@15)
 265:             7            560  java.util.concurrent.TimeUnit (java.base@15)
 266:            14            560  javax.management.openmbean.SimpleType (java.management@15)
 267:            10            560  org.postgresql.jdbc.TimestampUtils$ParsedTimestamp
 268:            10            560  sun.invoke.util.Wrapper (java.base@15)
 269:             7            560  sun.nio.ch.NioSocketImpl (java.base@15)
 270:            23            552  java.lang.invoke.Invokers (java.base@15)
 271:            34            544  java.util.ImmutableCollections$ListN (java.base@15)
 272:             1            528  [Ljava.lang.Character; (java.base@15)
 273:            11            528  com.sun.jmx.mbeanserver.DefaultMXBeanMappingFactory$CompositeMapping (java.management@15)
 274:            22            528  jdk.internal.reflect.NativeMethodAccessorImpl (java.base@15)
 275:            13            520  com.sun.jmx.mbeanserver.PerInterface (java.management@15)
 276:            16            512  java.time.temporal.ChronoUnit (java.base@15)
 277:            21            504  java.lang.RuntimePermission (java.base@15)
 278:            21            504  java.util.AbstractMap$SimpleImmutableEntry (java.base@15)
 279:            21            504  sun.reflect.generics.factory.CoreReflectionFactory (java.base@15)
 280:             7            496  [Lsun.invoke.util.Wrapper; (java.base@15)
 281:             6            480  [Ljava.lang.ThreadLocal$ThreadLocalMap$Entry; (java.base@15)
 282:            12            480  java.io.FileDescriptor (java.base@15)
 283:            12            480  java.lang.invoke.VarHandleReferences$FieldInstanceReadWrite (java.base@15)
 284:            19            456  java.lang.Class$AnnotationData (java.base@15)
 285:            19            456  java.util.LinkedList$Node (java.base@15)
 286:            19            456  sun.reflect.generics.reflectiveObjects.ParameterizedTypeImpl (java.base@15)
 287:            25            448  [Lsun.reflect.generics.tree.FieldTypeSignature; (java.base@15)
 288:            14            448  java.lang.invoke.VarHandle$AccessDescriptor (java.base@15)
 289:            14            448  javax.management.remote.NotificationResult (java.management@15)
 290:             2            448  jdk.internal.org.objectweb.asm.MethodWriter (java.base@15)
 291:            14            448  org.postgresql.core.NativeQuery
 292:             8            448  sun.management.MemoryPoolImpl (java.management@15)
 293:            20            440  [Ljavax.management.MBeanNotificationInfo; (java.management@15)
 294:            11            440  java.lang.OutOfMemoryError (java.base@15)
 295:             5            440  java.util.regex.Pattern (java.base@15)
 296:             1            432  [[[C (java.base@15)
 297:             9            432  java.lang.invoke.BoundMethodHandle$SpeciesData (java.base@15)
 298:            27            432  java.security.spec.ECFieldFp (java.base@15)
 299:             9            432  java.util.Hashtable (java.base@15)
 300:            18            432  javax.management.StandardMBean (java.management@15)
 301:            18            432  sun.reflect.generics.scope.MethodScope (java.base@15)
 302:             9            424  [Ljava.util.Hashtable$Entry; (java.base@15)
 303:            13            416  sun.security.jca.ProviderConfig (java.base@15)
 304:            17            408  java.io.ObjectStreamClass$ExceptionInfo (java.base@15)
 305:            17            408  sun.nio.ch.OptionKey (java.base@15)
 306:            17            408  sun.nio.ch.SocketOptionRegistry$RegistryKey (java.base@15)
 307:             5            400  [Ljava.nio.ByteBuffer; (java.base@15)
 308:            10            400  java.util.IdentityHashMap (java.base@15)
 309:            10            400  sun.nio.fs.WindowsPath (java.base@15)
 310:             7            392  java.lang.invoke.BoundMethodHandle$Species_LLLLLLL (java.base@15)
 311:             7            392  java.nio.HeapByteBuffer (java.base@15)
 312:             7            392  java.util.Properties (java.base@15)
 313:             2            384  [Ljava.time.ZoneOffset; (java.base@15)
 314:            16            384  java.time.ZoneOffset (java.base@15)
 315:             4            384  java.util.jar.JarFile$JarFileEntry (java.base@15)
 316:            12            384  jdk.jfr.internal.LogTag (jdk.jfr@15)
 317:            16            384  sun.management.MemoryUsageCompositeData (java.management@15)
 318:            22            376  [Lsun.reflect.generics.tree.FormalTypeParameter; (java.base@15)
 319:             1            376  com.intellij.rt.execution.application.AppMainV2$1
 320:             1            376  java.lang.ref.Finalizer$FinalizerThread (java.base@15)
 321:             1            376  java.util.logging.LogManager$Cleaner (java.logging@15)
 322:             1            376  jdk.internal.misc.InnocuousThread (java.base@15)
 323:             1            368  java.lang.ref.Reference$ReferenceHandler (java.base@15)
 324:             9            360  [Ljava.lang.invoke.BoundMethodHandle$SpeciesData; (java.base@15)
 325:             9            360  sun.util.resources.Bundles$BundleReference (java.base@15)
 326:             8            352  [Ljava.lang.invoke.MethodType; (java.base@15)
 327:            22            352  java.time.format.DateTimeFormatterBuilder$CharLiteralPrinterParser (java.base@15)
 328:            11            352  jdk.internal.reflect.UnsafeQualifiedStaticObjectFieldAccessorImpl (java.base@15)
 329:             6            336  java.nio.DirectLongBufferU (java.base@15)
 330:             6            336  org.postgresql.core.Field
 331:            14            336  org.postgresql.core.ServerVersion
 332:             3            336  sun.security.provider.HashDrbg (java.base@15)
 333:            21            336  sun.util.logging.internal.LoggingProviderImpl$JULWrapper (java.logging@15)
 334:            18            328  [Lsun.reflect.generics.tree.TypeSignature; (java.base@15)
 335:            10            320  java.lang.StringUTF16$CharsSpliterator (java.base@15)
 336:             8            320  java.lang.invoke.DirectMethodHandle$Interface (java.base@15)
 337:            10            320  java.util.Formatter (java.base@15)
 338:             8            320  jdk.internal.loader.NativeLibraries$NativeLibraryImpl (java.base@15)
 339:            10            320  jdk.internal.org.objectweb.asm.Type (java.base@15)
 340:            10            320  org.postgresql.core.SqlCommand
 341:             8            320  sun.management.MemoryPoolImpl$CollectionSensor (java.management@15)
 342:             8            320  sun.management.MemoryPoolImpl$PoolSensor (java.management@15)
 343:             5            320  sun.nio.cs.SingleByte$Encoder (java.base@15)
 344:             8            320  sun.rmi.transport.tcp.TCPEndpoint (java.rmi@15)
 345:            17            312  [Ljavax.management.MBeanConstructorInfo; (java.management@15)
 346:            13            312  java.time.Instant (java.base@15)
 347:            13            312  java.util.concurrent.atomic.AtomicLong (java.base@15)
 348:            19            304  jdk.internal.reflect.Label (java.base@15)
 349:            18            288  [Ljava.util.regex.IntHashSet; (java.base@15)
 350:            12            288  com.sun.jmx.remote.util.ClassLogger (java.management@15)
 351:             6            288  java.lang.invoke.BoundMethodHandle$Species_LLLLL (java.base@15)
 352:             9            288  java.lang.invoke.MethodHandleNatives$CallSiteContext (java.base@15)
 353:            12            288  java.net.StandardSocketOptions$StdSocketOption (java.base@15)
 354:             9            288  java.util.Collections$UnmodifiableMap (java.base@15)
 355:             9            288  java.util.Hashtable$Entry (java.base@15)
 356:            18            288  java.util.concurrent.locks.ReentrantLock (java.base@15)
 357:             9            288  java.util.logging.Level (java.logging@15)
 358:             9            288  java.util.logging.Level$KnownLevel (java.logging@15)
 359:             9            288  javax.management.MBeanNotificationInfo (java.management@15)
 360:             9            288  sun.util.resources.Bundles$CacheKey (java.base@15)
 361:             1            280  [Ljava.lang.invoke.LambdaForm$Kind; (java.base@15)
 362:             1            280  [Lorg.postgresql.PGProperty;
 363:             7            280  sun.util.locale.provider.LocaleResources$ResourceReference (java.base@15)
 364:            11            264  java.lang.invoke.MethodHandleImpl$Intrinsic (java.base@15)
 365:            11            264  java.security.Permissions (java.base@15)
 366:            11            264  java.time.Clock$SystemClock (java.base@15)
 367:             8            256  java.lang.invoke.MethodHandles$Lookup (java.base@15)
 368:             8            256  java.lang.reflect.ProxyGenerator$PrimitiveTypeInfo (java.base@15)
 369:            16            256  java.util.Collections$UnmodifiableMap$UnmodifiableEntrySet$UnmodifiableEntry (java.base@15)
 370:            16            256  java.util.concurrent.atomic.AtomicInteger (java.base@15)
 371:             5            240  java.lang.invoke.BoundMethodHandle$Species_LLLL (java.base@15)
 372:             6            240  java.net.Socket (java.base@15)
 373:            10            240  java.nio.charset.CoderResult (java.base@15)
 374:            10            240  java.nio.file.StandardOpenOption (java.base@15)
 375:            10            240  java.time.format.DateTimePrintContext (java.base@15)
 376:            10            240  java.util.regex.Pattern$BmpCharProperty (java.base@15)
 377:            10            240  org.postgresql.core.Tuple
 378:            10            240  ru.job4j.tracker.Item
 379:             5            240  sun.nio.cs.UTF_8$Encoder (java.base@15)
 380:             5            232  [Ljava.lang.invoke.LambdaForm$NamedFunction; (java.base@15)
 381:            14            224  [Ljavax.management.remote.TargetedNotification; (java.management@15)
 382:            14            224  java.util.Collections$SingletonSet (java.base@15)
 383:             7            224  java.util.regex.Pattern$Branch (java.base@15)
 384:             7            224  org.postgresql.core.Parser$SqlParseState
 385:             2            224  org.postgresql.jdbc.PgPreparedStatement
 386:             9            216  com.sun.jmx.interceptor.DefaultMBeanServerInterceptor$ListenerWrapper (java.management@15)
 387:             9            216  java.util.ArrayDeque (java.base@15)
 388:             9            216  org.postgresql.shaded.com.ongres.scram.common.ScramAttributes
 389:             9            216  sun.rmi.runtime.Log$LoggerLog (java.rmi@15)
 390:             9            216  sun.util.logging.PlatformLogger$Level (java.base@15)
 391:             1            208  org.postgresql.core.v3.QueryExecutorImpl
 392:             5            200  java.util.EnumMap (java.base@15)
 393:             5            200  java.util.stream.StreamOpFlag (java.base@15)
 394:             5            200  jdk.internal.ref.Cleaner (java.base@15)
 395:             6            192  com.sun.jmx.mbeanserver.DefaultMXBeanMappingFactory$CollectionMapping (java.management@15)
 396:             6            192  java.io.BufferedOutputStream (java.base@15)
 397:             4            192  java.lang.ThreadGroup (java.base@15)
 398:             6            192  java.lang.invoke.LambdaForm$BasicType (java.base@15)
 399:             8            192  java.math.RoundingMode (java.base@15)
 400:             8            192  java.net.NetPermission (java.base@15)
 401:             3            192  java.nio.DirectByteBufferR (java.base@15)
 402:             6            192  java.time.format.TextStyle (java.base@15)
 403:             8            192  java.util.Collections$SetFromMap (java.base@15)
 404:             6            192  java.util.Collections$SynchronizedMap (java.base@15)
 405:             6            192  java.util.LinkedList (java.base@15)
 406:             6            192  java.util.RegularEnumSet (java.base@15)
 407:             4            192  java.util.concurrent.ThreadPoolExecutor$Worker (java.base@15)
 408:             4            192  org.postgresql.shaded.com.ongres.scram.common.ScramMechanisms
 409:             6            192  sun.management.NotificationEmitterSupport$ListenerInfo (java.management@15)
 410:             4            192  sun.nio.cs.SingleByte$Decoder (java.base@15)
 411:             4            192  sun.nio.cs.StreamEncoder (java.base@15)
 412:            11            176  java.lang.ThreadLocal (java.base@15)
 413:             7            168  [Ljava.util.regex.Pattern$Node; (java.base@15)
 414:             1            168  [[Ljava.math.BigInteger; (java.base@15)
 415:             7            168  java.lang.System$Logger$Level (java.base@15)
 416:             7            168  java.util.regex.Pattern$GroupHead (java.base@15)
 417:             7            168  java.util.regex.Pattern$GroupTail (java.base@15)
 418:             3            168  javax.management.openmbean.OpenMBeanOperationInfoSupport (java.management@15)
 419:             3            168  jdk.internal.org.objectweb.asm.Label (java.base@15)
 420:             7            168  org.postgresql.core.SqlCommandType
 421:             7            168  sun.management.counter.Units (java.management@15)
 422:             3            168  sun.rmi.transport.Target (java.rmi@15)
 423:             3            168  sun.rmi.transport.tcp.TCPConnection (java.rmi@15)
 424:             6            160  [Ljava.rmi.server.Operation; (java.rmi@15)
 425:             3            160  [Ljava.util.logging.Level; (java.logging@15)
 426:             2            160  [[Ljava.lang.Object; (java.base@15)
 427:             4            160  java.io.BufferedInputStream (java.base@15)
 428:             5            160  java.io.File (java.base@15)
 429:             5            160  java.lang.StringCoding$StringEncoder (java.base@15)
 430:             5            160  java.lang.invoke.VarHandle$AccessType (java.base@15)
 431:             5            160  java.nio.DirectByteBuffer$Deallocator (java.base@15)
 432:             5            160  java.util.ImmutableCollections$MapN (java.base@15)
 433:             5            160  java.util.Vector (java.base@15)
 434:             2            160  java.util.zip.ZipFile$Source (java.base@15)
 435:             5            160  javax.management.StandardEmitterMBean (java.management@15)
 436:             5            160  org.postgresql.core.CachedQuery
 437:             5            160  sun.util.locale.provider.LocaleProviderAdapter$Type (java.base@15)
 438:             5            160  sun.util.locale.provider.LocaleResources (java.base@15)
 439:             1            152  jdk.internal.org.objectweb.asm.ClassWriter (java.base@15)
 440:             1            144  [Ljava.lang.invoke.VarHandle$AccessMode; (java.base@15)
 441:             6            144  [Ljava.security.ProtectionDomain; (java.base@15)
 442:             6            144  java.lang.NamedPackage (java.base@15)
 443:             6            144  java.lang.Thread$State (java.base@15)
 444:             6            144  java.lang.ThreadLocal$ThreadLocalMap (java.base@15)
 445:             6            144  java.lang.invoke.VarForm (java.base@15)
 446:             6            144  java.rmi.dgc.Lease (java.rmi@15)
 447:             9            144  java.rmi.server.Operation (java.rmi@15)
 448:             9            144  java.security.SecureClassLoader$CodeSourceKey (java.base@15)
 449:             3            144  java.time.temporal.JulianFields$Field (java.base@15)
 450:             6            144  java.util.BitSet (java.base@15)
 451:             1            144  java.util.Scanner (java.base@15)
 452:             3            144  javax.management.openmbean.TabularType (java.management@15)
 453:             6            144  jdk.internal.perf.PerfCounter (java.base@15)
 454:             1            144  jdk.internal.reflect.MethodAccessorGenerator (java.base@15)
 455:             6            144  org.postgresql.jdbc.SslMode
 456:             6            144  sun.reflect.annotation.AnnotationInvocationHandler (java.base@15)
 457:             3            144  sun.rmi.transport.tcp.TCPChannel (java.rmi@15)
 458:             6            144  sun.security.util.LazyCodeSourcePermissionCollection (java.base@15)
 459:             1            136  [Ljava.time.temporal.ChronoField; (java.base@15)
 460:             1            136  org.postgresql.jdbc.PgResultSet
 461:             4            128  [Ljava.lang.invoke.LambdaFormEditor$Transform; (java.base@15)
 462:             4            128  com.sun.jmx.mbeanserver.DefaultMXBeanMappingFactory$ArrayMapping (java.management@15)
 463:             4            128  java.lang.StringCoding$StringDecoder (java.base@15)
 464:             4            128  java.lang.invoke.SimpleMethodHandle (java.base@15)
 465:             4            128  java.lang.invoke.VarHandleInts$FieldInstanceReadWrite (java.base@15)
 466:             2            128  java.net.SocksSocketImpl (java.base@15)
 467:             2            128  java.security.SecureRandom (java.base@15)
 468:             4            128  java.util.concurrent.locks.AbstractQueuedSynchronizer$ConditionNode (java.base@15)
 469:             4            128  java.util.stream.FindOps$FindOp (java.base@15)
 470:             2            128  java.util.zip.Inflater (java.base@15)
 471:             4            128  jdk.internal.reflect.ClassFileAssembler (java.base@15)
 472:             2            128  org.postgresql.util.LruCache$LimitedMap
 473:             2            128  sun.nio.fs.WindowsFileAttributes (java.base@15)
 474:             4            128  sun.reflect.generics.reflectiveObjects.TypeVariableImpl (java.base@15)
 475:             4            128  sun.reflect.generics.repository.ClassRepository (java.base@15)
 476:             2            128  sun.security.provider.SHA2$SHA256 (java.base@15)
 477:             3            120  [Ljava.lang.invoke.LambdaForm$BasicType; (java.base@15)
 478:             5            120  java.lang.StringCoding$Result (java.base@15)
 479:             5            120  java.lang.module.ModuleDescriptor$Opens (java.base@15)
 480:             3            120  java.lang.reflect.ProxyGenerator$ProxyMethod (java.base@15)
 481:             5            120  java.net.Socket$SocketInputStream (java.base@15)
 482:             5            120  java.rmi.dgc.VMID (java.rmi@15)
 483:             5            120  java.time.format.SignStyle (java.base@15)
 484:             5            120  java.util.regex.Pattern$Ques (java.base@15)
 485:             5            120  java.util.regex.Pattern$Start (java.base@15)
 486:             5            120  java.util.stream.StreamOpFlag$Type (java.base@15)
 487:             5            120  jdk.internal.math.FloatingDecimal$PreparedASCIIToBinaryBuffer (java.base@15)
 488:             5            120  jdk.net.ExtendedSocketOptions$ExtSocketOption (jdk.net@15)
 489:             1            120  org.postgresql.jdbc.PgConnection
 490:             5            120  sun.nio.ch.Util$BufferCache (java.base@15)
 491:             5            120  sun.nio.fs.WindowsPathType (java.base@15)
 492:             3            120  sun.rmi.transport.WeakRef (java.rmi@15)
 493:             3            120  sun.rmi.transport.tcp.TCPTransport$ConnectionHandler (java.rmi@15)
 494:             1            112  [Ljava.time.LocalTime; (java.base@15)
 495:             2            112  [Ljavax.management.openmbean.OpenType; (java.management@15)
 496:             2            112  java.io.FileCleanable (java.base@15)
 497:             2            112  java.net.SocketPermission (java.base@15)
 498:             2            112  java.nio.DirectIntBufferRU (java.base@15)
 499:             1            112  java.util.GregorianCalendar (java.base@15)
 500:             2            112  java.util.jar.JarFile (java.base@15)
 501:             7            112  java.util.regex.Pattern$BranchConn (java.base@15)
 502:             2            112  java.util.zip.ZipFile$ZipFileInflaterInputStream (java.base@15)
 503:             2            112  java.util.zip.ZipFile$ZipFileInputStream (java.base@15)
 504:             1            112  jdk.internal.loader.ClassLoaders$AppClassLoader (java.base@15)
 505:             2            104  [Lsun.util.logging.PlatformLogger$Level; (java.base@15)
 506:             1            104  com.sun.crypto.provider.SunJCE (java.base@15)
 507:             1            104  java.lang.invoke.InnerClassLambdaMetafactory (java.base@15)
 508:             1            104  jdk.internal.loader.ClassLoaders$BootClassLoader (java.base@15)
 509:             1            104  jdk.internal.loader.ClassLoaders$PlatformClassLoader (java.base@15)
 510:             1            104  sun.security.ec.SunEC (jdk.crypto.ec@15)
 511:             1            104  sun.security.jca.ProviderList$1 (java.base@15)
 512:             1            104  sun.security.provider.Sun (java.base@15)
 513:             1            104  sun.security.rsa.SunRsaSign (java.base@15)
 514:             1            104  sun.security.ssl.SunJSSE (java.base@15)
 515:             2             96  [Ljava.lang.System$Logger$Level; (java.base@15)
 516:             2             96  [Ljava.lang.management.MemoryUsage; (java.management@15)
 517:             2             96  [Lorg.postgresql.core.Parser$SqlParseState;
 518:             4             96  [Lsun.reflect.generics.tree.ClassTypeSignature; (java.base@15)
 519:             1             96  [Lsun.util.locale.BaseLocale; (java.base@15)
 520:             3             96  com.sun.jmx.mbeanserver.DefaultMXBeanMappingFactory$EnumMapping (java.management@15)
 521:             2             96  com.sun.management.internal.GarbageCollectorExtImpl (jdk.management@15)
 522:             6             96  com.sun.proxy.$Proxy1
 523:             4             96  java.io.OutputStreamWriter (java.base@15)
 524:             3             96  java.lang.Runtime$Version (java.base@15)
 525:             4             96  java.lang.module.ModuleDescriptor$Modifier (java.base@15)
 526:             4             96  java.lang.module.ModuleDescriptor$Requires$Modifier (java.base@15)
 527:             4             96  java.net.Socket$SocketOutputStream (java.base@15)
 528:             4             96  java.security.BasicPermissionCollection (java.base@15)
 529:             4             96  java.sql.SQLPermission (java.sql@15)
 530:             4             96  java.time.OffsetDateTime (java.base@15)
 531:             4             96  java.time.format.DateTimeFormatterBuilder$OffsetIdPrinterParser (java.base@15)
 532:             4             96  java.time.format.DateTimeFormatterBuilder$SettingsParser (java.base@15)
 533:             3             96  java.util.regex.Matcher$ImmutableMatchResult (java.base@15)
 534:             4             96  java.util.regex.Pattern$BmpCharPredicate$$Lambda$76/0x0000000800ba8740 (java.base@15)
 535:             4             96  java.util.regex.Pattern$BmpCharPropertyGreedy (java.base@15)
 536:             4             96  java.util.regex.Pattern$CharPropertyGreedy (java.base@15)
 537:             4             96  java.util.regex.Pattern$Qtype (java.base@15)
 538:             4             96  java.util.stream.StreamShape (java.base@15)
 539:             3             96  javax.management.MBeanConstructorInfo (java.management@15)
 540:             2             96  javax.management.Notification (java.management@15)
 541:             4             96  javax.management.openmbean.TabularDataSupport (java.management@15)
 542:             1             96  jdk.internal.jimage.ImageReader$SharedImageReader (java.base@15)
 543:             4             96  jdk.internal.loader.AbstractClassLoaderValue$Sub (java.base@15)
 544:             6             96  jdk.internal.loader.ClassLoaderValue (java.base@15)
 545:             2             96  jdk.internal.loader.URLClassPath$JarLoader (java.base@15)
 546:             4             96  jdk.internal.logger.BootstrapLogger$LoggingBackend (java.base@15)
 547:             4             96  jdk.internal.org.objectweb.asm.ByteVector (java.base@15)
 548:             4             96  jdk.internal.reflect.ByteVectorImpl (java.base@15)
 549:             4             96  org.postgresql.core.JavaVersion
 550:             4             96  org.postgresql.core.v3.ExecuteRequest
 551:             4             96  org.postgresql.hostchooser.HostStatus
 552:             4             96  org.postgresql.jdbc.PreferQueryMode
 553:             4             96  org.postgresql.jdbc.StatementCancelState
 554:             4             96  org.postgresql.shaded.com.ongres.scram.common.gssapi.Gs2Attributes
 555:             2             96  org.postgresql.util.LruCache
 556:             3             96  sun.net.spi.DefaultProxySelector$NonProxyInfo (java.base@15)
 557:             6             96  sun.nio.ch.NioSocketImpl$$Lambda$21/0x0000000800b61e78 (java.base@15)
 558:             2             96  sun.nio.cs.StreamDecoder (java.base@15)
 559:             4             96  sun.reflect.generics.tree.ClassSignature (java.base@15)
 560:             4             96  sun.reflect.generics.tree.FormalTypeParameter (java.base@15)
 561:             3             96  sun.rmi.transport.LiveRef (java.rmi@15)
 562:             2             96  sun.security.provider.MoreDrbgParameters (java.base@15)
 563:             2             88  [Lsun.security.jca.ProviderConfig; (java.base@15)
 564:             1             88  com.sun.jmx.remote.util.ClassLoaderWithRepository (java.management@15)
 565:             1             88  javax.management.remote.rmi.RMIConnectionImpl$CombinedClassLoader (java.management.rmi@15)
 566:             1             88  sun.reflect.misc.MethodUtil (java.base@15)
 567:             2             80  [F (java.base@15)
 568:             2             80  [Ljava.time.format.SignStyle; (java.base@15)
 569:             1             80  [Ljava.time.temporal.ChronoUnit; (java.base@15)
 570:             1             80  [Ljava.util.concurrent.RunnableScheduledFuture; (java.base@15)
 571:             2             80  [Ljava.util.stream.StreamOpFlag$Type; (java.base@15)
 572:             2             80  [Lorg.postgresql.hostchooser.HostRequirement;
 573:             2             80  [Lorg.postgresql.jdbc.SslMode;
 574:             2             80  com.sun.jmx.mbeanserver.DefaultMXBeanMappingFactory$TabularMapping (java.management@15)
 575:             2             80  java.io.BufferedWriter (java.base@15)
 576:             2             80  java.io.PrintStream (java.base@15)
 577:             2             80  java.lang.ModuleLayer (java.base@15)
 578:             2             80  java.lang.VirtualMachineError (java.base@15)
 579:             2             80  java.lang.WeakPairMap$Pair$Weak (java.base@15)
 580:             2             80  java.lang.invoke.MethodHandleImpl$IntrinsicMethodHandle (java.base@15)
 581:             2             80  java.lang.module.Configuration (java.base@15)
 582:             2             80  java.util.Collections$SingletonMap (java.base@15)
 583:             2             80  java.util.HashMap$EntryIterator (java.base@15)
 584:             5             80  java.util.IdentityHashMap$KeySet (java.base@15)
 585:             2             80  java.util.Locale$Category (java.base@15)
 586:             5             80  java.util.regex.Pattern$$Lambda$72/0x0000000800b9c7d8 (java.base@15)
 587:             1             80  javax.management.remote.rmi.RMIConnectionImpl$CombinedClassLoader$ClassLoaderWrapper (java.management.rmi@15)
 588:             2             80  jdk.internal.math.FloatingDecimal$BinaryToASCIIBuffer (java.base@15)
 589:             1             80  org.postgresql.core.PGStream
 590:             2             80  org.postgresql.core.v3.SimpleParameterList
 591:             2             80  org.postgresql.jdbc.PgStatement$StatementResultHandler
 592:             2             80  org.postgresql.jdbc.ResultWrapper
 593:             1             80  org.postgresql.jdbc.TypeInfoCache
 594:             2             80  sun.management.MemoryManagerImpl (java.management@15)
 595:             5             80  sun.nio.ch.NioSocketImpl$1 (java.base@15)
 596:             2             80  sun.nio.cs.UTF_8$Decoder (java.base@15)
 597:             2             80  sun.rmi.server.UnicastServerRef2 (java.rmi@15)
 598:             1             80  sun.util.cldr.CLDRLocaleProviderAdapter (java.base@15)
 599:             1             80  sun.util.locale.provider.JRELocaleProviderAdapter (java.base@15)
 600:             3             72  [Ljava.lang.reflect.TypeVariable; (java.base@15)
 601:             1             72  [Ljavax.management.openmbean.SimpleType; (java.management@15)
 602:             1             72  [Lorg.postgresql.core.ServerVersion;
 603:             3             72  java.io.ObjectInputFilter$Status (java.base@15)
 604:             3             72  java.lang.StackWalker$Option (java.base@15)
 605:             3             72  java.lang.WeakPairMap (java.base@15)
 606:             3             72  java.lang.annotation.RetentionPolicy (java.base@15)
 607:             3             72  java.net.Proxy$Type (java.base@15)
 608:             3             72  java.nio.file.AccessMode (java.base@15)
 609:             3             72  java.security.DrbgParameters$Capability (java.base@15)
 610:             3             72  java.security.SecurityPermission (java.base@15)
 611:             3             72  java.time.format.ResolverStyle (java.base@15)
 612:             3             72  java.util.concurrent.ConcurrentHashMap$KeySetView (java.base@15)
 613:             1             72  java.util.concurrent.ScheduledThreadPoolExecutor (java.base@15)
 614:             1             72  java.util.concurrent.ScheduledThreadPoolExecutor$ScheduledFutureTask (java.base@15)
 615:             1             72  java.util.concurrent.ThreadPoolExecutor (java.base@15)
 616:             3             72  java.util.concurrent.locks.AbstractQueuedSynchronizer$ConditionObject (java.base@15)
 617:             3             72  java.util.regex.Pattern$$Lambda$17/0x0000000800b5c1b0 (java.base@15)
 618:             3             72  java.util.stream.Collector$Characteristics (java.base@15)
 619:             3             72  javax.management.NotificationBroadcasterSupport$ListenerInfo (java.management@15)
 620:             3             72  jdk.internal.math.FloatingDecimal$ExceptionalBinaryToASCIIBuffer (java.base@15)
 621:             3             72  jdk.internal.module.IllegalAccessLogger$Mode (java.base@15)
 622:             3             72  jdk.jfr.internal.SecuritySupport$SafePath (jdk.jfr@15)
 623:             3             72  org.postgresql.core.TransactionState
 624:             3             72  org.postgresql.jdbc.AutoSave
 625:             3             72  org.postgresql.jdbc.EscapeSyntaxCallMode
 626:             3             72  org.postgresql.jdbc.PgConnection$ReadOnlyBehavior
 627:             3             72  org.postgresql.shaded.com.ongres.scram.client.ScramClient$ChannelBinding
 628:             3             72  org.postgresql.shaded.com.ongres.scram.common.gssapi.Gs2CbindFlag
 629:             3             72  sun.management.ManagementFactoryHelper$1 (java.management@15)
 630:             3             72  sun.reflect.generics.scope.ClassScope (java.base@15)
 631:             3             72  sun.rmi.server.UnicastServerRef$$Lambda$128/0x0000000800c33810 (java.rmi@15)
 632:             2             64  [Ljava.lang.StackWalker$Option; (java.base@15)
 633:             2             64  [Ljava.lang.annotation.RetentionPolicy; (java.base@15)
 634:             1             64  [Ljava.lang.invoke.MethodHandleImpl$Intrinsic; (java.base@15)
 635:             2             64  [Ljava.nio.charset.CoderResult; (java.base@15)
 636:             2             64  [Ljava.util.stream.Collector$Characteristics; (java.base@15)
 637:             1             64  [Ljdk.jfr.internal.LogTag; (jdk.jfr@15)
 638:             2             64  [Lorg.postgresql.core.Field;
 639:             2             64  [Lorg.postgresql.jdbc.AutoSave;
 640:             2             64  [Lorg.postgresql.jdbc.PgConnection$ReadOnlyBehavior;
 641:             1             64  com.sun.jmx.remote.internal.ArrayNotificationBuffer (java.management@15)
 642:             2             64  com.sun.management.internal.GcInfoCompositeData (jdk.management@15)
 643:             2             64  java.io.FileOutputStream (java.base@15)
 644:             2             64  java.io.RandomAccessFile (java.base@15)
 645:             2             64  java.lang.ClassValue$Entry (java.base@15)
 646:             2             64  java.lang.StackWalker (java.base@15)
 647:             2             64  java.lang.WeakPairMap$Pair$Weak$1 (java.base@15)
 648:             2             64  java.lang.ref.ReferenceQueue$Null (java.base@15)
 649:             2             64  java.security.MessageDigest$Delegate$CloneableDelegate (java.base@15)
 650:             2             64  java.time.format.DateTimeFormatterBuilder$TextPrinterParser (java.base@15)
 651:             2             64  java.time.temporal.IsoFields$Unit (java.base@15)
 652:             4             64  java.util.LinkedHashMap$LinkedValues (java.base@15)
 653:             2             64  java.util.PropertyPermission (java.base@15)
 654:             4             64  java.util.concurrent.ConcurrentHashMap$EntrySetView (java.base@15)
 655:             4             64  java.util.concurrent.ConcurrentHashMap$ValuesView (java.base@15)
 656:             2             64  java.util.concurrent.atomic.AtomicReferenceFieldUpdater$AtomicReferenceFieldUpdaterImpl (java.base@15)
 657:             1             64  java.util.logging.LogManager$RootLogger (java.logging@15)
 658:             4             64  java.util.regex.Pattern$BitClass (java.base@15)
 659:             2             64  java.util.zip.ZipFile$CleanableResource (java.base@15)
 660:             1             64  javax.management.remote.rmi.RMIConnectionImpl (java.management.rmi@15)
 661:             1             64  javax.management.remote.rmi.RMIConnectorServer (java.management.rmi@15)
 662:             1             64  javax.management.remote.rmi.RMIJRMPServerImpl (java.management.rmi@15)
 663:             2             64  jdk.internal.loader.URLClassPath$JarLoader$2 (java.base@15)
 664:             1             64  jdk.internal.org.objectweb.asm.SymbolTable (java.base@15)
 665:             2             64  jdk.internal.reflect.UnsafeQualifiedObjectFieldAccessorImpl (java.base@15)
 666:             4             64  sun.nio.ch.NioSocketImpl$2 (java.base@15)
 667:             2             64  sun.nio.fs.NativeBuffer (java.base@15)
 668:             2             64  sun.reflect.annotation.AnnotationType (java.base@15)
 669:             2             64  sun.rmi.transport.tcp.TCPTransport (java.rmi@15)
 670:             1             56  [Ljava.lang.Runnable; (java.base@15)
 671:             1             56  [Ljava.nio.file.StandardOpenOption; (java.base@15)
 672:             1             56  [Ljava.util.regex.Pattern$GroupHead; (java.base@15)
 673:             1             56  [Lorg.postgresql.shaded.com.ongres.scram.common.ScramAttributes;
 674:             1             56  [[I (java.base@15)
 675:             1             56  com.sun.jmx.remote.internal.ServerNotifForwarder (java.management@15)
 676:             1             56  com.sun.management.GcInfo (jdk.management@15)
 677:             1             56  java.io.ObjectInputFilter$Config$Global (java.base@15)
 678:             1             56  java.lang.invoke.BoundMethodHandle$Specializer (java.base@15)
 679:             1             56  java.util.ServiceLoader (java.base@15)
 680:             1             56  java.util.logging.LogManager (java.logging@15)
 681:             1             56  jdk.internal.ref.CleanerImpl$SoftCleanableRef (java.base@15)
 682:             3             48  [Ljava.lang.StackTraceElement; (java.base@15)
 683:             3             48  [Ljava.lang.annotation.Annotation; (java.base@15)
 684:             2             48  [Ljava.lang.invoke.MethodHandles$Lookup$ClassOption; (java.base@15)
 685:             1             48  [Ljava.lang.management.MemoryPoolMXBean; (java.management@15)
 686:             1             48  [Ljava.math.RoundingMode; (java.base@15)
 687:             3             48  [Ljava.rmi.server.ObjID; (java.rmi@15)
 688:             1             48  [Ljava.util.concurrent.TimeUnit; (java.base@15)
 689:             1             48  [Lorg.postgresql.core.SqlCommandType;
 690:             1             48  [Lsun.management.counter.Units; (java.management@15)
 691:             2             48  com.sun.jmx.mbeanserver.ClassLoaderRepositorySupport$LoaderEntry (java.management@15)
 692:             1             48  com.sun.jmx.mbeanserver.DefaultMXBeanMappingFactory$Mappings (java.management@15)
 693:             1             48  com.sun.jmx.mbeanserver.MBeanIntrospector$MBeanInfoMap (java.management@15)
 694:             1             48  com.sun.jmx.mbeanserver.MBeanIntrospector$PerInterfaceMap (java.management@15)
 695:             2             48  com.sun.jmx.mbeanserver.WeakIdentityHashMap (java.management@15)
 696:             2             48  com.sun.jmx.remote.internal.ArrayNotificationBuffer$NamedNotification (java.management@15)
 697:             2             48  com.sun.jmx.remote.internal.ServerNotifForwarder$IdAndFilter (java.management@15)
 698:             2             48  com.sun.management.internal.GarbageCollectionNotifInfoCompositeData (jdk.management@15)
 699:             1             48  com.sun.management.internal.GcInfoBuilder (jdk.management@15)
 700:             1             48  java.io.BufferedReader (java.base@15)
 701:             2             48  java.io.File$PathStatus (java.base@15)
 702:             2             48  java.io.InputStreamReader (java.base@15)
 703:             1             48  java.lang.NullPointerException (java.base@15)
 704:             1             48  java.lang.invoke.BoundMethodHandle$Specializer$Factory (java.base@15)
 705:             2             48  java.lang.invoke.MethodHandles$Lookup$ClassOption (java.base@15)
 706:             2             48  java.lang.management.MemoryType (java.management@15)
 707:             2             48  java.lang.reflect.ReflectPermission (java.base@15)
 708:             2             48  java.net.StandardProtocolFamily (java.base@15)
 709:             3             48  java.nio.charset.CodingErrorAction (java.base@15)
 710:             2             48  java.security.SecureClassLoader$1 (java.base@15)
 711:             2             48  java.time.chrono.IsoEra (java.base@15)
 712:             2             48  java.time.format.DateTimeFormatterBuilder$1 (java.base@15)
 713:             2             48  java.time.format.DateTimeFormatterBuilder$ZoneIdPrinterParser (java.base@15)
 714:             2             48  java.time.format.DateTimeTextProvider$LocaleStore (java.base@15)
 715:             2             48  java.util.Collections$UnmodifiableMap$UnmodifiableEntrySet$1 (java.base@15)
 716:             3             48  java.util.LinkedHashMap$LinkedKeySet (java.base@15)
 717:             3             48  java.util.Optional (java.base@15)
 718:             3             48  java.util.ResourceBundle$NoFallbackControl (java.base@15)
 719:             3             48  java.util.WeakHashMap$KeySet (java.base@15)
 720:             1             48  java.util.concurrent.ConcurrentSkipListMap (java.base@15)
 721:             1             48  java.util.concurrent.locks.ReentrantReadWriteLock$FairSync (java.base@15)
 722:             2             48  java.util.jar.Manifest (java.base@15)
 723:             2             48  java.util.logging.Logger$LoggerBundle (java.logging@15)
 724:             2             48  java.util.logging.LoggingPermission (java.logging@15)
 725:             2             48  java.util.zip.Inflater$InflaterZStreamRef (java.base@15)
 726:             2             48  java.util.zip.ZipFile$InflaterCleanupAction (java.base@15)
 727:             2             48  java.util.zip.ZipFile$Source$Key (java.base@15)
 728:             2             48  javax.management.NotificationBroadcasterSupport (java.management@15)
 729:             1             48  javax.management.remote.rmi.RMIConnectionImpl$RMIServerCommunicatorAdmin (java.management.rmi@15)
 730:             1             48  jdk.internal.jimage.ImageHeader (java.base@15)
 731:             2             48  jdk.internal.misc.Signal (java.base@15)
 732:             2             48  jdk.internal.misc.Signal$NativeHandler (java.base@15)
 733:             3             48  jdk.internal.module.ServicesCatalog (java.base@15)
 734:             1             48  jdk.internal.org.objectweb.asm.ClassReader (java.base@15)
 735:             1             48  jdk.internal.ref.CleanerImpl$WeakCleanableRef (java.base@15)
 736:             1             48  jdk.management.jfr.FlightRecorderMXBeanImpl (jdk.management.jfr@15)
 737:             1             48  org.postgresql.jdbc.TimestampUtils
 738:             2             48  sun.nio.fs.NativeBuffer$Deallocator (java.base@15)
 739:             1             48  sun.rmi.runtime.Log$InternalStreamHandler (java.rmi@15)
 740:             3             48  sun.rmi.transport.tcp.TCPTransport$ConnectionHandler$$Lambda$120/0x0000000800c2de98 (java.rmi@15)
 741:             2             48  sun.security.jca.ProviderList (java.base@15)
 742:             2             48  sun.security.jca.ProviderList$3 (java.base@15)
 743:             2             48  sun.security.provider.DRBG (java.base@15)
 744:             2             48  sun.util.locale.provider.LocaleServiceProviderPool (java.base@15)
 745:             1             48  sun.util.resources.TimeZoneNames (java.base@15)
 746:             1             48  sun.util.resources.TimeZoneNames_en (java.base@15)
 747:             1             48  sun.util.resources.cldr.TimeZoneNames (java.base@15)
 748:             1             48  sun.util.resources.cldr.TimeZoneNames_en (java.base@15)
 749:             2             40  [Lcom.sun.jmx.mbeanserver.ClassLoaderRepositorySupport$LoaderEntry; (java.management@15)
 750:             1             40  [Ljava.lang.Thread$State; (java.base@15)
 751:             1             40  [Ljava.lang.invoke.VarHandle$AccessType; (java.base@15)
 752:             2             40  [Ljava.net.URL; (java.base@15)
 753:             1             40  [Ljava.time.format.TextStyle; (java.base@15)
 754:             1             40  [Ljava.util.stream.StreamOpFlag; (java.base@15)
 755:             1             40  [Lsun.nio.fs.WindowsPathType; (java.base@15)
 756:             1             40  [Lsun.util.locale.provider.LocaleProviderAdapter$Type; (java.base@15)
 757:             1             40  [[Ljava.lang.invoke.LambdaForm$Name; (java.base@15)
 758:             1             40  com.sun.jmx.interceptor.DefaultMBeanServerInterceptor (java.management@15)
 759:             1             40  com.sun.jmx.mbeanserver.JmxMBeanServer (java.management@15)
 760:             1             40  com.sun.jmx.mbeanserver.MBeanServerDelegateImpl (java.management@15)
 761:             1             40  com.sun.management.internal.DiagnosticCommandImpl (jdk.management@15)
 762:             1             40  java.io.FilePermission (java.base@15)
 763:             1             40  java.lang.ArithmeticException (java.base@15)
 764:             1             40  java.lang.Exception (java.base@15)
 765:             1             40  java.lang.ref.Finalizer (java.base@15)
 766:             1             40  java.time.format.DateTimeFormatterBuilder (java.base@15)
 767:             1             40  java.time.format.DateTimeFormatterBuilder$FractionPrinterParser (java.base@15)
 768:             1             40  java.time.zone.ZoneRules (java.base@15)
 769:             1             40  java.util.ResourceBundle$2 (java.base@15)
 770:             1             40  java.util.ServiceLoader$LazyClassPathLookupIterator (java.base@15)
 771:             1             40  javax.crypto.CryptoAllPermission (java.base@15)
 772:             1             40  jdk.internal.loader.URLClassPath (java.base@15)
 773:             1             40  jdk.internal.ref.CleanerImpl$CleanerCleanable (java.base@15)
 774:             1             40  org.postgresql.jdbc.PgResultSet$1
 775:             1             40  sun.management.MappedMXBeanType$CompositeDataMXBeanType (java.management@15)
 776:             1             40  sun.management.MappedMXBeanType$MapMXBeanType (java.management@15)
 777:             1             40  sun.nio.cs.StandardCharsets$Aliases (java.base@15)
 778:             1             40  sun.nio.cs.StandardCharsets$Cache (java.base@15)
 779:             1             40  sun.nio.cs.StandardCharsets$Classes (java.base@15)
 780:             1             40  sun.nio.cs.US_ASCII$Decoder (java.base@15)
 781:             1             40  sun.rmi.server.UnicastServerRef (java.rmi@15)
 782:             1             40  sun.text.resources.cldr.FormatData (java.base@15)
 783:             1             40  sun.text.resources.cldr.ext.FormatData_ru (jdk.localedata@15)
 784:             1             40  sun.util.locale.InternalLocaleBuilder (java.base@15)
 785:             1             40  sun.util.resources.Bundles$1 (java.base@15)
 786:             1             40  sun.util.resources.cldr.CalendarData (java.base@15)
 787:             1             32  [Ljava.io.ObjectInputFilter$Status; (java.base@15)
 788:             1             32  [Ljava.lang.OutOfMemoryError; (java.base@15)
 789:             1             32  [Ljava.lang.ThreadGroup; (java.base@15)
 790:             1             32  [Ljava.lang.management.MemoryManagerMXBean; (java.management@15)
 791:             1             32  [Ljava.lang.module.ModuleDescriptor$Modifier; (java.base@15)
 792:             1             32  [Ljava.lang.module.ModuleDescriptor$Requires$Modifier; (java.base@15)
 793:             1             32  [Ljava.net.Proxy$Type; (java.base@15)
 794:             1             32  [Ljava.nio.file.AccessMode; (java.base@15)
 795:             1             32  [Ljava.security.DrbgParameters$Capability; (java.base@15)
 796:             1             32  [Ljava.time.format.DateTimeFormatterBuilder$SettingsParser; (java.base@15)
 797:             1             32  [Ljava.time.format.ResolverStyle; (java.base@15)
 798:             1             32  [Ljava.time.temporal.IsoFields$Field; (java.base@15)
 799:             1             32  [Ljava.time.temporal.JulianFields$Field; (java.base@15)
 800:             1             32  [Ljava.util.regex.Pattern$Qtype; (java.base@15)
 801:             1             32  [Ljava.util.stream.StreamShape; (java.base@15)
 802:             1             32  [Ljdk.internal.logger.BootstrapLogger$LoggingBackend; (java.base@15)
 803:             1             32  [Ljdk.internal.module.IllegalAccessLogger$Mode; (java.base@15)
 804:             1             32  [Lorg.postgresql.core.JavaVersion;
 805:             1             32  [Lorg.postgresql.core.TransactionState;
 806:             1             32  [Lorg.postgresql.hostchooser.HostStatus;
 807:             1             32  [Lorg.postgresql.jdbc.EscapeSyntaxCallMode;
 808:             1             32  [Lorg.postgresql.jdbc.PreferQueryMode;
 809:             1             32  [Lorg.postgresql.jdbc.StatementCancelState;
 810:             1             32  [Lorg.postgresql.shaded.com.ongres.scram.client.ScramClient$ChannelBinding;
 811:             1             32  [Lorg.postgresql.shaded.com.ongres.scram.common.ScramMechanisms;
 812:             1             32  [Lorg.postgresql.shaded.com.ongres.scram.common.gssapi.Gs2Attributes;
 813:             1             32  [Lorg.postgresql.shaded.com.ongres.scram.common.gssapi.Gs2CbindFlag;
 814:             1             32  [Lsun.nio.fs.NativeBuffer; (java.base@15)
 815:             2             32  com.sun.jmx.mbeanserver.GetPropertyAction (java.management@15)
 816:             1             32  com.sun.jmx.mbeanserver.Repository (java.management@15)
 817:             1             32  com.sun.jmx.remote.internal.ArrayQueue (java.management@15)
 818:             1             32  com.sun.management.GarbageCollectionNotificationInfo (jdk.management@15)
 819:             1             32  java.io.FileInputStream (java.base@15)
 820:             1             32  java.io.WinNTFileSystem (java.base@15)
 821:             2             32  java.lang.Boolean (java.base@15)
 822:             2             32  java.lang.InheritableThreadLocal (java.base@15)
 823:             2             32  java.lang.Shutdown$Lock (java.base@15)
 824:             1             32  java.lang.invoke.MethodHandles$Lookup$ClassDefiner (java.base@15)
 825:             1             32  java.lang.invoke.VarHandleLongs$FieldInstanceReadWrite (java.base@15)
 826:             1             32  java.lang.module.ModuleDescriptor$Version (java.base@15)
 827:             2             32  java.nio.ByteOrder (java.base@15)
 828:             2             32  java.security.AllPermissionCollection (java.base@15)
 829:             2             32  java.time.format.DateTimeFormatterBuilder$StringLiteralPrinterParser (java.base@15)
 830:             2             32  java.util.Collections$UnmodifiableMap$UnmodifiableEntrySet (java.base@15)
 831:             2             32  java.util.LinkedHashMap$LinkedEntrySet (java.base@15)
 832:             1             32  java.util.LinkedList$ListItr (java.base@15)
 833:             2             32  java.util.ResourceBundle$SingleFormatControl (java.base@15)
 834:             1             32  java.util.ServiceLoader$ModuleServicesLookupIterator (java.base@15)
 835:             2             32  java.util.TreeSet (java.base@15)
 836:             1             32  java.util.concurrent.ConcurrentHashMap$ForwardingNode (java.base@15)
 837:             1             32  java.util.concurrent.ScheduledThreadPoolExecutor$DelayedWorkQueue (java.base@15)
 838:             1             32  java.util.concurrent.SynchronousQueue (java.base@15)
 839:             1             32  java.util.concurrent.SynchronousQueue$TransferStack$SNode (java.base@15)
 840:             1             32  java.util.concurrent.ThreadLocalRandom (java.base@15)
 841:             1             32  java.util.concurrent.atomic.LongAdder (java.base@15)
 842:             2             32  java.util.jar.Attributes (java.base@15)
 843:             1             32  java.util.logging.LogManager$SystemLoggerContext (java.logging@15)
 844:             1             32  java.util.zip.ZipCoder$UTF8ZipCoder (java.base@15)
 845:             2             32  javax.management.NotificationFilterSupport (java.management@15)
 846:             1             32  javax.management.remote.JMXServiceURL (java.management@15)
 847:             1             32  jdk.internal.module.IllegalAccessLogger (java.base@15)
 848:             2             32  jdk.internal.module.ModuleResolution (java.base@15)
 849:             1             32  jdk.internal.ref.CleanerImpl (java.base@15)
 850:             1             32  jdk.internal.reflect.MethodAccessorGenerator$1 (java.base@15)
 851:             1             32  jdk.management.jfr.FlightRecorderMXBeanImpl$MXBeanListener (jdk.management.jfr@15)
 852:             1             32  jdk.net.ExtendedSocketOptions$1 (jdk.net@15)
 853:             1             32  org.postgresql.core.ByteOptimizedUTF8Encoder
 854:             1             32  org.postgresql.core.CommandCompleteParser
 855:             1             32  org.postgresql.core.PGStream$1
 856:             1             32  org.postgresql.core.QueryWithReturningColumnsKey
 857:             1             32  org.postgresql.core.VisibleBufferedInputStream
 858:             1             32  org.postgresql.core.v3.Portal
 859:             1             32  org.postgresql.hostchooser.GlobalHostStatusTracker$HostSpecStatus
 860:             2             32  ru.job4j.tracker.ConsoleOutput
 861:             1             32  sun.instrument.InstrumentationImpl (java.instrument@15)
 862:             1             32  sun.management.MappedMXBeanType$InProgress (java.management@15)
 863:             1             32  sun.management.jmxremote.LocalRMIServerSocketFactory$1 (jdk.management.agent@15)
 864:             2             32  sun.rmi.server.UnicastRef2 (java.rmi@15)
 865:             2             32  sun.rmi.server.WeakClassHashMap$ValueCell (java.rmi@15)
 866:             1             32  sun.rmi.transport.DGCImpl$LeaseInfo (java.rmi@15)
 867:             1             32  sun.rmi.transport.tcp.TCPTransport$AcceptLoop (java.rmi@15)
 868:             1             32  sun.security.util.KnownOIDs$1 (java.base@15)
 869:             1             32  sun.security.util.KnownOIDs$10 (java.base@15)
 870:             1             32  sun.security.util.KnownOIDs$2 (java.base@15)
 871:             1             32  sun.security.util.KnownOIDs$3 (java.base@15)
 872:             1             32  sun.security.util.KnownOIDs$4 (java.base@15)
 873:             1             32  sun.security.util.KnownOIDs$5 (java.base@15)
 874:             1             32  sun.security.util.KnownOIDs$6 (java.base@15)
 875:             1             32  sun.security.util.KnownOIDs$7 (java.base@15)
 876:             1             32  sun.security.util.KnownOIDs$8 (java.base@15)
 877:             1             32  sun.security.util.KnownOIDs$9 (java.base@15)
 878:             2             32  sun.util.resources.LocaleData (java.base@15)
 879:             1             24  [Ljava.io.File$PathStatus; (java.base@15)
 880:             1             24  [Ljava.lang.ClassValue$Entry; (java.base@15)
 881:             1             24  [Ljava.lang.management.MemoryType; (java.management@15)
 882:             1             24  [Ljava.net.InetSocketAddress; (java.base@15)
 883:             1             24  [Ljava.net.StandardProtocolFamily; (java.base@15)
 884:             1             24  [Ljava.security.Permission; (java.base@15)
 885:             1             24  [Ljava.time.chrono.IsoEra; (java.base@15)
 886:             1             24  [Ljava.time.temporal.IsoFields$Unit; (java.base@15)
 887:             1             24  [Ljava.util.Locale$Category; (java.base@15)
 888:             1             24  [Ljava.util.jar.Manifest; (java.base@15)
 889:             1             24  [Lorg.postgresql.shaded.com.ongres.scram.common.stringprep.StringPreparations;
 890:             1             24  com.sun.jmx.mbeanserver.ClassLoaderRepositorySupport (java.management@15)
 891:             1             24  com.sun.jmx.mbeanserver.MXBeanLookup (java.management@15)
 892:             1             24  com.sun.jmx.remote.internal.ArrayNotificationBuffer$ShareBuffer (java.management@15)
 893:             1             24  com.sun.management.internal.HotSpotThreadImpl (jdk.management@15)
 894:             1             24  com.sun.management.internal.OperatingSystemImpl (jdk.management@15)
 895:             1             24  com.sun.management.internal.PlatformMBeanProviderImpl$1 (jdk.management@15)
 896:             1             24  com.sun.management.internal.PlatformMBeanProviderImpl$2 (jdk.management@15)
 897:             1             24  com.sun.management.internal.PlatformMBeanProviderImpl$3 (jdk.management@15)
 898:             1             24  com.sun.management.internal.PlatformMBeanProviderImpl$4 (jdk.management@15)
 899:             1             24  com.sun.management.internal.PlatformMBeanProviderImpl$5 (jdk.management@15)
 900:             1             24  java.lang.Class$1 (java.base@15)
 901:             1             24  java.lang.ClassValue$Version (java.base@15)
 902:             1             24  java.lang.Double (java.base@15)
 903:             1             24  java.lang.invoke.ConstantCallSite (java.base@15)
 904:             1             24  java.lang.invoke.InfoFromMemberName (java.base@15)
 905:             1             24  java.lang.invoke.InnerClassLambdaMetafactory$1 (java.base@15)
 906:             1             24  java.lang.invoke.InnerClassLambdaMetafactory$ForwardingMethodGenerator (java.base@15)
 907:             1             24  java.lang.invoke.LambdaFormEditor$TransformKey (java.base@15)
 908:             1             24  java.lang.invoke.MethodHandles$Lookup$ClassFile (java.base@15)
 909:             1             24  java.lang.invoke.MethodType$ConcurrentWeakInternSet (java.base@15)
 910:             1             24  java.lang.invoke.VarHandles$1 (java.base@15)
 911:             1             24  java.lang.management.DefaultPlatformMBeanProvider$1 (java.management@15)
 912:             1             24  java.lang.management.DefaultPlatformMBeanProvider$10 (java.management@15)
 913:             1             24  java.lang.management.DefaultPlatformMBeanProvider$11 (java.management@15)
 914:             1             24  java.lang.management.DefaultPlatformMBeanProvider$2 (java.management@15)
 915:             1             24  java.lang.management.DefaultPlatformMBeanProvider$3 (java.management@15)
 916:             1             24  java.lang.management.DefaultPlatformMBeanProvider$4 (java.management@15)
 917:             1             24  java.lang.management.DefaultPlatformMBeanProvider$5 (java.management@15)
 918:             1             24  java.lang.management.DefaultPlatformMBeanProvider$6 (java.management@15)
 919:             1             24  java.lang.management.DefaultPlatformMBeanProvider$7 (java.management@15)
 920:             1             24  java.lang.management.DefaultPlatformMBeanProvider$8 (java.management@15)
 921:             1             24  java.lang.management.DefaultPlatformMBeanProvider$9 (java.management@15)
 922:             1             24  java.net.Inet6AddressImpl (java.base@15)
 923:             1             24  java.net.Proxy (java.base@15)
 924:             1             24  java.net.SocketPermissionCollection (java.base@15)
 925:             1             24  java.sql.DriverInfo (java.sql@15)
 926:             1             24  java.time.ZoneRegion (java.base@15)
 927:             1             24  java.time.format.DecimalStyle (java.base@15)
 928:             1             24  java.time.temporal.IsoFields$Field$1 (java.base@15)
 929:             1             24  java.time.temporal.IsoFields$Field$2 (java.base@15)
 930:             1             24  java.time.temporal.IsoFields$Field$3 (java.base@15)
 931:             1             24  java.time.temporal.IsoFields$Field$4 (java.base@15)
 932:             1             24  java.time.zone.TzdbZoneRulesProvider (java.base@15)
 933:             1             24  java.util.Collections$EmptyMap (java.base@15)
 934:             1             24  java.util.Collections$SynchronizedCollection (java.base@15)
 935:             1             24  java.util.ImmutableCollections$Set12$1 (java.base@15)
 936:             1             24  java.util.Locale$Cache (java.base@15)
 937:             1             24  java.util.ResourceBundle$Control$CandidateListCache (java.base@15)
 938:             1             24  java.util.Scanner$PatternLRUCache (java.base@15)
 939:             1             24  java.util.ServiceLoader$2 (java.base@15)
 940:             1             24  java.util.concurrent.CopyOnWriteArrayList$COWIterator (java.base@15)
 941:             1             24  java.util.concurrent.Executors$RunnableAdapter (java.base@15)
 942:             1             24  java.util.concurrent.locks.ReentrantReadWriteLock (java.base@15)
 943:             1             24  java.util.logging.LogManager$LoggerContext (java.logging@15)
 944:             1             24  java.util.regex.Pattern$CharPredicate$$Lambda$20/0x0000000800b5ddb0 (java.base@15)
 945:             1             24  java.util.regex.Pattern$CharProperty (java.base@15)
 946:             1             24  java.util.regex.Pattern$Dollar (java.base@15)
 947:             1             24  java.util.regex.Pattern$Slice (java.base@15)
 948:             1             24  java.util.regex.Pattern$TreeInfo (java.base@15)
 949:             1             24  javax.crypto.CryptoPermissions (java.base@15)
 950:             1             24  jdk.internal.jimage.ImageReader (java.base@15)
 951:             1             24  jdk.internal.loader.URLClassPath$FileLoader (java.base@15)
 952:             1             24  jdk.internal.logger.BootstrapLogger$RedirectedLoggers (java.base@15)
 953:             1             24  jdk.internal.module.ModuleBootstrap$SafeModuleFinder (java.base@15)
 954:             1             24  jdk.internal.module.ModuleHashes (java.base@15)
 955:             1             24  jdk.jfr.FlightRecorderPermission (jdk.jfr@15)
 956:             1             24  jdk.jfr.internal.SecuritySupport$SecureRecorderListener (jdk.jfr@15)
 957:             1             24  jdk.management.jfr.StreamManager (jdk.management.jfr@15)
 958:             1             24  jdk.management.jfr.internal.FlightRecorderMXBeanProvider$SingleMBeanComponent (jdk.management.jfr@15)
 959:             1             24  org.postgresql.core.Encoding
 960:             1             24  org.postgresql.core.v3.replication.V3ReplicationProtocol
 961:             1             24  org.postgresql.hostchooser.HostRequirement$1
 962:             1             24  org.postgresql.hostchooser.HostRequirement$2
 963:             1             24  org.postgresql.hostchooser.HostRequirement$3
 964:             1             24  org.postgresql.hostchooser.HostRequirement$4
 965:             1             24  org.postgresql.hostchooser.HostRequirement$5
 966:             1             24  org.postgresql.shaded.com.ongres.scram.common.bouncycastle.base64.Base64Encoder
 967:             1             24  org.postgresql.shaded.com.ongres.scram.common.stringprep.StringPreparations$1
 968:             1             24  org.postgresql.shaded.com.ongres.scram.common.stringprep.StringPreparations$2
 969:             1             24  org.postgresql.util.HostSpec
 970:             1             24  org.postgresql.util.SharedTimer
 971:             1             24  ru.job4j.tracker.ValidateInput
 972:             1             24  sun.instrument.TransformerManager (java.instrument@15)
 973:             1             24  sun.management.CompilationImpl (java.management@15)
 974:             1             24  sun.management.ManagementFactoryHelper$LoggingMXBeanAccess (java.management@15)
 975:             1             24  sun.management.ManagementFactoryHelper$PlatformLoggingImpl (java.management@15)
 976:             1             24  sun.management.MemoryImpl (java.management@15)
 977:             1             24  sun.management.RuntimeImpl (java.management@15)
 978:             1             24  sun.management.VMManagementImpl (java.management@15)
 979:             1             24  sun.net.ProgressMonitor (java.base@15)
 980:             1             24  sun.net.www.protocol.http.Handler (java.base@15)
 981:             1             24  sun.nio.cs.ISO_8859_1 (java.base@15)
 982:             1             24  sun.nio.cs.MS1251 (java.base@15)
 983:             1             24  sun.nio.cs.StandardCharsets (java.base@15)
 984:             1             24  sun.nio.cs.ThreadLocalCoders$1 (java.base@15)
 985:             1             24  sun.nio.cs.ThreadLocalCoders$2 (java.base@15)
 986:             1             24  sun.nio.cs.US_ASCII (java.base@15)
 987:             1             24  sun.nio.cs.UTF_16 (java.base@15)
 988:             1             24  sun.nio.cs.UTF_16BE (java.base@15)
 989:             1             24  sun.nio.cs.UTF_16LE (java.base@15)
 990:             1             24  sun.nio.cs.UTF_8 (java.base@15)
 991:             1             24  sun.nio.fs.WindowsFileSystem (java.base@15)
 992:             1             24  sun.nio.fs.WindowsSecurityDescriptor (java.base@15)
 993:             1             24  sun.reflect.generics.tree.Wildcard (java.base@15)
 994:             1             24  sun.rmi.runtime.RuntimeUtil$1 (java.rmi@15)
 995:             1             24  sun.rmi.transport.DGCImpl (java.rmi@15)
 996:             1             24  sun.rmi.transport.SequenceEntry (java.rmi@15)
 997:             1             24  sun.util.cldr.CLDRCalendarDataProviderImpl (java.base@15)
 998:             1             24  sun.util.cldr.CLDRTimeZoneNameProviderImpl (java.base@15)
 999:             1             24  sun.util.locale.BaseLocale$Cache (java.base@15)
1000:             1             24  sun.util.locale.provider.DecimalFormatSymbolsProviderImpl (java.base@15)
1001:             1             24  sun.util.locale.provider.NumberFormatProviderImpl (java.base@15)
1002:             1             24  sun.util.locale.provider.TimeZoneNameProviderImpl (java.base@15)
1003:             1             16  [Ljava.lang.Throwable; (java.base@15)
1004:             1             16  [Ljava.lang.constant.ClassDesc; (java.base@15)
1005:             1             16  [Ljava.lang.management.LockInfo; (java.management@15)
1006:             1             16  [Ljava.lang.management.MonitorInfo; (java.management@15)
1007:             1             16  [Ljava.nio.file.attribute.FileAttribute; (java.base@15)
1008:             1             16  [Ljava.security.Provider; (java.base@15)
1009:             1             16  [Ljava.security.cert.Certificate; (java.base@15)
1010:             1             16  [Ljava.text.FieldPosition; (java.base@15)
1011:             1             16  [Ljava.time.zone.ZoneOffsetTransitionRule; (java.base@15)
1012:             1             16  [Ljava.util.logging.Handler; (java.logging@15)
1013:             1             16  [Lsun.instrument.TransformerManager$TransformerInfo; (java.instrument@15)
1014:             1             16  com.sun.jmx.interceptor.DefaultMBeanServerInterceptor$ResourceContext$1 (java.management@15)
1015:             1             16  com.sun.jmx.mbeanserver.DefaultMXBeanMappingFactory (java.management@15)
1016:             1             16  com.sun.jmx.mbeanserver.DescriptorCache (java.management@15)
1017:             1             16  com.sun.jmx.mbeanserver.MBeanAnalyzer$MethodOrder (java.management@15)
1018:             1             16  com.sun.jmx.mbeanserver.MBeanInstantiator (java.management@15)
1019:             1             16  com.sun.jmx.mbeanserver.MXBeanIntrospector (java.management@15)
1020:             1             16  com.sun.jmx.mbeanserver.SecureClassLoaderRepository (java.management@15)
1021:             1             16  com.sun.jmx.remote.internal.ArrayNotificationBuffer$5 (java.management@15)
1022:             1             16  com.sun.jmx.remote.internal.ArrayNotificationBuffer$BroadcasterQuery (java.management@15)
1023:             1             16  com.sun.jmx.remote.internal.ArrayNotificationBuffer$BufferListener (java.management@15)
1024:             1             16  com.sun.jmx.remote.internal.ServerCommunicatorAdmin$Timeout (java.management@15)
1025:             1             16  com.sun.jmx.remote.internal.ServerNotifForwarder$NotifForwarderBufferFilter (java.management@15)
1026:             1             16  com.sun.jmx.remote.security.SubjectDelegator (java.management@15)
1027:             1             16  com.sun.management.internal.GarbageCollectionNotifInfoCompositeData$1 (jdk.management@15)
1028:             1             16  com.sun.management.internal.GcInfoCompositeData$1 (jdk.management@15)
1029:             1             16  com.sun.management.internal.GcInfoCompositeData$2 (jdk.management@15)
1030:             1             16  com.sun.management.internal.HotSpotDiagnostic (jdk.management@15)
1031:             1             16  com.sun.management.internal.PlatformMBeanProviderImpl (jdk.management@15)
1032:             1             16  com.sun.management.internal.PlatformMBeanProviderImpl$$Lambda$47/0x0000000800b7c350 (jdk.management@15)
1033:             1             16  java.io.FileDescriptor$1 (java.base@15)
1034:             1             16  java.io.FilePermission$1 (java.base@15)
1035:             1             16  java.io.ObjectInputFilter$Config$$Lambda$93/0x0000000800c15928 (java.base@15)
1036:             1             16  java.io.ObjectInputFilter$Config$$Lambda$94/0x0000000800c15d38 (java.base@15)
1037:             1             16  java.io.ObjectInputFilter$Config$Global$$Lambda$95/0x0000000800c163b0 (java.base@15)
1038:             1             16  java.io.ObjectInputFilter$Config$Global$$Lambda$96/0x0000000800c165f0 (java.base@15)
1039:             1             16  java.io.ObjectInputStream$$Lambda$124/0x0000000800c30040 (java.base@15)
1040:             1             16  java.io.ObjectInputStream$$Lambda$125/0x0000000800c30450 (java.base@15)
1041:             1             16  java.io.RandomAccessFile$2 (java.base@15)
1042:             1             16  java.lang.ApplicationShutdownHooks$1 (java.base@15)
1043:             1             16  java.lang.Byte (java.base@15)
1044:             1             16  java.lang.CharacterData00 (java.base@15)
1045:             1             16  java.lang.CharacterDataLatin1 (java.base@15)
1046:             1             16  java.lang.Class$$Lambda$86/0x0000000800c11598 (java.base@15)
1047:             1             16  java.lang.ClassValue$Identity (java.base@15)
1048:             1             16  java.lang.Float (java.base@15)
1049:             1             16  java.lang.Module$$Lambda$133/0x0000000800c4d110 (java.base@15)
1050:             1             16  java.lang.Runtime (java.base@15)
1051:             1             16  java.lang.String$CaseInsensitiveComparator (java.base@15)
1052:             1             16  java.lang.StringCoding$1 (java.base@15)
1053:             1             16  java.lang.System$2 (java.base@15)
1054:             1             16  java.lang.System$LoggerFinder$$Lambda$77/0x0000000800ba9408 (java.base@15)
1055:             1             16  java.lang.Terminator$1 (java.base@15)
1056:             1             16  java.lang.invoke.ClassSpecializer$1 (java.base@15)
1057:             1             16  java.lang.invoke.LambdaFormEditor (java.base@15)
1058:             1             16  java.lang.invoke.MemberName$Factory (java.base@15)
1059:             1             16  java.lang.invoke.MethodHandleImpl$1 (java.base@15)
1060:             1             16  java.lang.invoke.StringConcatFactory$1 (java.base@15)
1061:             1             16  java.lang.invoke.StringConcatFactory$2 (java.base@15)
1062:             1             16  java.lang.invoke.StringConcatFactory$3 (java.base@15)
1063:             1             16  java.lang.invoke.VarHandle$1 (java.base@15)
1064:             1             16  java.lang.management.DefaultPlatformMBeanProvider (java.management@15)
1065:             1             16  java.lang.management.DefaultPlatformMBeanProvider$5$$Lambda$83/0x0000000800bfd358 (java.management@15)
1066:             1             16  java.lang.management.ManagementFactory$$Lambda$44/0x0000000800b7aec0 (java.management@15)
1067:             1             16  java.lang.management.ManagementFactory$$Lambda$78/0x0000000800bece88 (java.management@15)
1068:             1             16  java.lang.management.ManagementFactory$$Lambda$79/0x0000000800bed0d0 (java.management@15)
1069:             1             16  java.lang.management.ManagementFactory$$Lambda$80/0x0000000800bed308 (java.management@15)
1070:             1             16  java.lang.management.ManagementFactory$PlatformMBeanFinder$$Lambda$45/0x0000000800b7b6c8 (java.management@15)
1071:             1             16  java.lang.management.ManagementFactory$PlatformMBeanFinder$$Lambda$48/0x0000000800b810f8 (java.management@15)
1072:             1             16  java.lang.management.ManagementFactory$PlatformMBeanFinder$$Lambda$49/0x0000000800b81330 (java.management@15)
1073:             1             16  java.lang.management.ManagementFactory$PlatformMBeanFinder$$Lambda$51/0x0000000800b817a0 (java.management@15)
1074:             1             16  java.lang.management.ManagementFactory$PlatformMBeanFinder$$Lambda$55/0x0000000800b82070 (java.management@15)
1075:             1             16  java.lang.management.ManagementFactory$PlatformMBeanFinder$$Lambda$56/0x0000000800b822a8 (java.management@15)
1076:             1             16  java.lang.module.ModuleDescriptor$1 (java.base@15)
1077:             1             16  java.lang.ref.Cleaner (java.base@15)
1078:             1             16  java.lang.ref.Cleaner$1 (java.base@15)
1079:             1             16  java.lang.ref.Reference$1 (java.base@15)
1080:             1             16  java.lang.reflect.Proxy$$Lambda$40/0x0000000800b74920 (java.base@15)
1081:             1             16  java.lang.reflect.ProxyGenerator$$Lambda$42/0x0000000800b76370 (java.base@15)
1082:             1             16  java.lang.reflect.ProxyGenerator$$Lambda$43/0x0000000800b765a8 (java.base@15)
1083:             1             16  java.lang.reflect.ReflectAccess (java.base@15)
1084:             1             16  java.net.InetAddress$1 (java.base@15)
1085:             1             16  java.net.InetAddress$PlatformNameService (java.base@15)
1086:             1             16  java.net.SocketImpl$$Lambda$18/0x0000000800b5cb38 (java.base@15)
1087:             1             16  java.net.URI$1 (java.base@15)
1088:             1             16  java.net.URL$3 (java.base@15)
1089:             1             16  java.net.URL$DefaultFactory (java.base@15)
1090:             1             16  java.nio.Bits$1 (java.base@15)
1091:             1             16  java.nio.Buffer$1 (java.base@15)
1092:             1             16  java.nio.file.Files$AcceptAllFilter (java.base@15)
1093:             1             16  java.rmi.server.ObjID$$Lambda$105/0x0000000800c1c4f0 (java.rmi@15)
1094:             1             16  java.rmi.server.RMIClassLoader$2 (java.rmi@15)
1095:             1             16  java.security.AllPermission (java.base@15)
1096:             1             16  java.security.ProtectionDomain$JavaSecurityAccessImpl (java.base@15)
1097:             1             16  java.text.DecimalFormatSymbols$$Lambda$30/0x0000000800b66f70 (java.base@15)
1098:             1             16  java.time.chrono.IsoChronology (java.base@15)
1099:             1             16  java.time.format.DateTimeFormatter$$Lambda$141/0x0000000800c72600 (java.base@15)
1100:             1             16  java.time.format.DateTimeFormatter$$Lambda$142/0x0000000800c72818 (java.base@15)
1101:             1             16  java.time.format.DateTimeFormatterBuilder$$Lambda$140/0x0000000800c71468 (java.base@15)
1102:             1             16  java.time.format.DateTimeFormatterBuilder$2 (java.base@15)
1103:             1             16  java.time.format.DateTimeFormatterBuilder$InstantPrinterParser (java.base@15)
1104:             1             16  java.time.format.DateTimeTextProvider (java.base@15)
1105:             1             16  java.time.format.DateTimeTextProvider$1 (java.base@15)
1106:             1             16  java.util.Collections$EmptyEnumeration (java.base@15)
1107:             1             16  java.util.Collections$EmptyIterator (java.base@15)
1108:             1             16  java.util.Collections$EmptyList (java.base@15)
1109:             1             16  java.util.Collections$EmptySet (java.base@15)
1110:             1             16  java.util.Collections$UnmodifiableCollection (java.base@15)
1111:             1             16  java.util.EnumMap$1 (java.base@15)
1112:             1             16  java.util.IdentityHashMap$Values (java.base@15)
1113:             1             16  java.util.LinkedHashSet (java.base@15)
1114:             1             16  java.util.Locale$Builder (java.base@15)
1115:             1             16  java.util.ResourceBundle$1 (java.base@15)
1116:             1             16  java.util.ResourceBundle$Control (java.base@15)
1117:             1             16  java.util.Spliterators$EmptySpliterator$OfDouble (java.base@15)
1118:             1             16  java.util.Spliterators$EmptySpliterator$OfInt (java.base@15)
1119:             1             16  java.util.Spliterators$EmptySpliterator$OfLong (java.base@15)
1120:             1             16  java.util.Spliterators$EmptySpliterator$OfRef (java.base@15)
1121:             1             16  java.util.concurrent.ConcurrentSkipListMap$KeySet (java.base@15)
1122:             1             16  java.util.concurrent.ConcurrentSkipListSet (java.base@15)
1123:             1             16  java.util.concurrent.SynchronousQueue$TransferStack (java.base@15)
1124:             1             16  java.util.concurrent.ThreadPoolExecutor$AbortPolicy (java.base@15)
1125:             1             16  java.util.concurrent.atomic.AtomicBoolean (java.base@15)
1126:             1             16  java.util.concurrent.locks.ReentrantReadWriteLock$ReadLock (java.base@15)
1127:             1             16  java.util.concurrent.locks.ReentrantReadWriteLock$Sync$ThreadLocalHoldCounter (java.base@15)
1128:             1             16  java.util.concurrent.locks.ReentrantReadWriteLock$WriteLock (java.base@15)
1129:             1             16  java.util.function.Function$$Lambda$50/0x0000000800b81568 (java.base@15)
1130:             1             16  java.util.jar.JavaUtilJarAccessImpl (java.base@15)
1131:             1             16  java.util.logging.ErrorManager (java.logging@15)
1132:             1             16  java.util.logging.Level$$Lambda$37/0x0000000800b6c318 (java.logging@15)
1133:             1             16  java.util.logging.Level$KnownLevel$$Lambda$35/0x0000000800b6b518 (java.logging@15)
1134:             1             16  java.util.logging.Level$KnownLevel$$Lambda$36/0x0000000800b6b750 (java.logging@15)
1135:             1             16  java.util.logging.Level$KnownLevel$$Lambda$38/0x0000000800b6c550 (java.logging@15)
1136:             1             16  java.util.logging.LogManager$LoggingProviderAccess (java.logging@15)
1137:             1             16  java.util.logging.LogManager$VisitedLoggers (java.logging@15)
1138:             1             16  java.util.logging.Logging (java.logging@15)
1139:             1             16  java.util.logging.SimpleFormatter (java.logging@15)
1140:             1             16  java.util.logging.SimpleFormatter$$Lambda$99/0x0000000800c19770 (java.logging@15)
1141:             1             16  java.util.regex.CharPredicates$$Lambda$14/0x0000000800b5aee0 (java.base@15)
1142:             1             16  java.util.regex.CharPredicates$$Lambda$143/0x0000000800c74c80 (java.base@15)
1143:             1             16  java.util.regex.CharPredicates$$Lambda$16/0x0000000800b5bd68 (java.base@15)
1144:             1             16  java.util.regex.Pattern$$Lambda$15/0x0000000800b5bb10 (java.base@15)
1145:             1             16  java.util.regex.Pattern$$Lambda$75/0x0000000800ba84e8 (java.base@15)
1146:             1             16  java.util.regex.Pattern$CharPredicate$$Lambda$19/0x0000000800b5d178 (java.base@15)
1147:             1             16  java.util.regex.Pattern$LastNode (java.base@15)
1148:             1             16  java.util.regex.Pattern$Node (java.base@15)
1149:             1             16  java.util.stream.Collectors$$Lambda$25/0x0000000800b65780 (java.base@15)
1150:             1             16  java.util.stream.Collectors$$Lambda$27/0x0000000800b65bc8 (java.base@15)
1151:             1             16  java.util.stream.Collectors$$Lambda$5/0x0000000800b54a30 (java.base@15)
1152:             1             16  java.util.stream.Collectors$$Lambda$52/0x0000000800b819e0 (java.base@15)
1153:             1             16  java.util.stream.Collectors$$Lambda$6/0x0000000800b54c48 (java.base@15)
1154:             1             16  java.util.stream.Collectors$$Lambda$61/0x0000000800b83da8 (java.base@15)
1155:             1             16  java.util.stream.Collectors$$Lambda$62/0x0000000800b83fc0 (java.base@15)
1156:             1             16  java.util.stream.Collectors$$Lambda$63/0x0000000800b841e8 (java.base@15)
1157:             1             16  java.util.stream.Collectors$$Lambda$7/0x0000000800b54e70 (java.base@15)
1158:             1             16  java.util.stream.Collectors$$Lambda$8/0x0000000800b550b0 (java.base@15)
1159:             1             16  java.util.stream.Collectors$$Lambda$88/0x0000000800c119f0 (java.base@15)
1160:             1             16  java.util.stream.Collectors$$Lambda$89/0x0000000800c11c18 (java.base@15)
1161:             1             16  java.util.stream.Collectors$$Lambda$90/0x0000000800c11e58 (java.base@15)
1162:             1             16  java.util.stream.FindOps$FindSink$OfInt$$Lambda$31/0x0000000800b671b8 (java.base@15)
1163:             1             16  java.util.stream.FindOps$FindSink$OfInt$$Lambda$32/0x0000000800b67400 (java.base@15)
1164:             1             16  java.util.stream.FindOps$FindSink$OfInt$$Lambda$33/0x0000000800b67618 (java.base@15)
1165:             1             16  java.util.stream.FindOps$FindSink$OfInt$$Lambda$34/0x0000000800b67860 (java.base@15)
1166:             1             16  java.util.stream.FindOps$FindSink$OfRef$$Lambda$10/0x0000000800b55530 (java.base@15)
1167:             1             16  java.util.stream.FindOps$FindSink$OfRef$$Lambda$11/0x0000000800b55778 (java.base@15)
1168:             1             16  java.util.stream.FindOps$FindSink$OfRef$$Lambda$12/0x0000000800b55990 (java.base@15)
1169:             1             16  java.util.stream.FindOps$FindSink$OfRef$$Lambda$13/0x0000000800b55bd8 (java.base@15)
1170:             1             16  java.util.stream.Nodes$EmptyNode$OfDouble (java.base@15)
1171:             1             16  java.util.stream.Nodes$EmptyNode$OfInt (java.base@15)
1172:             1             16  java.util.stream.Nodes$EmptyNode$OfLong (java.base@15)
1173:             1             16  java.util.stream.Nodes$EmptyNode$OfRef (java.base@15)
1174:             1             16  java.util.zip.ZipFile$1 (java.base@15)
1175:             1             16  javax.crypto.CryptoAllPermissionCollection (java.base@15)
1176:             1             16  javax.crypto.JceSecurity$IdentityWrapper (java.base@15)
1177:             1             16  javax.management.JMX (java.management@15)
1178:             1             16  javax.management.MBeanServerBuilder (java.management@15)
1179:             1             16  javax.management.NotificationBroadcasterSupport$1 (java.management@15)
1180:             1             16  javax.management.remote.JMXConnectorServerFactory$$Lambda$91/0x0000000800c130e8 (java.management@15)
1181:             1             16  javax.management.remote.rmi.RMIConnectionImpl_Stub (java.management.rmi@15)
1182:             1             16  javax.management.remote.rmi.RMIServerImpl_Stub (java.management.rmi@15)
1183:             1             16  javax.net.DefaultSocketFactory (java.base@15)
1184:             1             16  jdk.internal.jimage.ImageReaderFactory$1 (java.base@15)
1185:             1             16  jdk.internal.jimage.ImageStringsReader (java.base@15)
1186:             1             16  jdk.internal.jimage.decompressor.Decompressor (java.base@15)
1187:             1             16  jdk.internal.logger.LazyLoggers$1 (java.base@15)
1188:             1             16  jdk.internal.logger.LazyLoggers$LazyLoggerFactories (java.base@15)
1189:             1             16  jdk.internal.math.FloatingDecimal$1 (java.base@15)
1190:             1             16  jdk.internal.misc.TerminatingThreadLocal$1 (java.base@15)
1191:             1             16  jdk.internal.misc.Unsafe (java.base@15)
1192:             1             16  jdk.internal.module.DefaultRoots$$Lambda$1/0x0000000800b53778 (java.base@15)
1193:             1             16  jdk.internal.module.DefaultRoots$$Lambda$2/0x0000000800b54180 (java.base@15)
1194:             1             16  jdk.internal.module.DefaultRoots$$Lambda$4/0x0000000800b54608 (java.base@15)
1195:             1             16  jdk.internal.module.DefaultRoots$$Lambda$9/0x0000000800b552e8 (java.base@15)
1196:             1             16  jdk.internal.module.ModulePatcher (java.base@15)
1197:             1             16  jdk.internal.module.ModuleTarget (java.base@15)
1198:             1             16  jdk.internal.perf.Perf (java.base@15)
1199:             1             16  jdk.internal.reflect.ClassDefiner$1 (java.base@15)
1200:             1             16  jdk.internal.reflect.GeneratedConstructorAccessor1 (java.base@15)
1201:             1             16  jdk.internal.reflect.GeneratedConstructorAccessor2 (java.base@15)
1202:             1             16  jdk.internal.reflect.GeneratedMethodAccessor1 (java.base@15)
1203:             1             16  jdk.internal.reflect.GeneratedMethodAccessor10 (java.base@15)
1204:             1             16  jdk.internal.reflect.GeneratedMethodAccessor11 (java.base@15)
1205:             1             16  jdk.internal.reflect.GeneratedMethodAccessor12 (java.base@15)
1206:             1             16  jdk.internal.reflect.GeneratedMethodAccessor13 (java.base@15)
1207:             1             16  jdk.internal.reflect.GeneratedMethodAccessor14 (java.base@15)
1208:             1             16  jdk.internal.reflect.GeneratedMethodAccessor15 (java.base@15)
1209:             1             16  jdk.internal.reflect.GeneratedMethodAccessor16 (java.base@15)
1210:             1             16  jdk.internal.reflect.GeneratedMethodAccessor17 (java.base@15)
1211:             1             16  jdk.internal.reflect.GeneratedMethodAccessor18 (java.base@15)
1212:             1             16  jdk.internal.reflect.GeneratedMethodAccessor19 (java.base@15)
1213:             1             16  jdk.internal.reflect.GeneratedMethodAccessor2 (java.base@15)
1214:             1             16  jdk.internal.reflect.GeneratedMethodAccessor20 (java.base@15)
1215:             1             16  jdk.internal.reflect.GeneratedMethodAccessor21 (java.base@15)
1216:             1             16  jdk.internal.reflect.GeneratedMethodAccessor22 (java.base@15)
1217:             1             16  jdk.internal.reflect.GeneratedMethodAccessor23 (java.base@15)
1218:             1             16  jdk.internal.reflect.GeneratedMethodAccessor24 (java.base@15)
1219:             1             16  jdk.internal.reflect.GeneratedMethodAccessor25 (java.base@15)
1220:             1             16  jdk.internal.reflect.GeneratedMethodAccessor26 (java.base@15)
1221:             1             16  jdk.internal.reflect.GeneratedMethodAccessor27 (java.base@15)
1222:             1             16  jdk.internal.reflect.GeneratedMethodAccessor28 (java.base@15)
1223:             1             16  jdk.internal.reflect.GeneratedMethodAccessor29 (java.base@15)
1224:             1             16  jdk.internal.reflect.GeneratedMethodAccessor3
1225:             1             16  jdk.internal.reflect.GeneratedMethodAccessor30 (java.base@15)
1226:             1             16  jdk.internal.reflect.GeneratedMethodAccessor31 (java.base@15)
1227:             1             16  jdk.internal.reflect.GeneratedMethodAccessor32 (java.base@15)
1228:             1             16  jdk.internal.reflect.GeneratedMethodAccessor33 (java.base@15)
1229:             1             16  jdk.internal.reflect.GeneratedMethodAccessor34 (java.base@15)
1230:             1             16  jdk.internal.reflect.GeneratedMethodAccessor35 (java.base@15)
1231:             1             16  jdk.internal.reflect.GeneratedMethodAccessor36 (java.base@15)
1232:             1             16  jdk.internal.reflect.GeneratedMethodAccessor37 (java.base@15)
1233:             1             16  jdk.internal.reflect.GeneratedMethodAccessor38 (java.base@15)
1234:             1             16  jdk.internal.reflect.GeneratedMethodAccessor39 (java.base@15)
1235:             1             16  jdk.internal.reflect.GeneratedMethodAccessor4 (java.base@15)
1236:             1             16  jdk.internal.reflect.GeneratedMethodAccessor40 (java.base@15)
1237:             1             16  jdk.internal.reflect.GeneratedMethodAccessor41 (java.base@15)
1238:             1             16  jdk.internal.reflect.GeneratedMethodAccessor42 (java.base@15)
1239:             1             16  jdk.internal.reflect.GeneratedMethodAccessor43 (java.base@15)
1240:             1             16  jdk.internal.reflect.GeneratedMethodAccessor44 (java.base@15)
1241:             1             16  jdk.internal.reflect.GeneratedMethodAccessor45 (java.base@15)
1242:             1             16  jdk.internal.reflect.GeneratedMethodAccessor46 (java.base@15)
1243:             1             16  jdk.internal.reflect.GeneratedMethodAccessor47 (java.base@15)
1244:             1             16  jdk.internal.reflect.GeneratedMethodAccessor48 (java.base@15)
1245:             1             16  jdk.internal.reflect.GeneratedMethodAccessor49 (java.base@15)
1246:             1             16  jdk.internal.reflect.GeneratedMethodAccessor5 (java.base@15)
1247:             1             16  jdk.internal.reflect.GeneratedMethodAccessor50 (java.base@15)
1248:             1             16  jdk.internal.reflect.GeneratedMethodAccessor51 (java.base@15)
1249:             1             16  jdk.internal.reflect.GeneratedMethodAccessor52 (java.base@15)
1250:             1             16  jdk.internal.reflect.GeneratedMethodAccessor53 (java.base@15)
1251:             1             16  jdk.internal.reflect.GeneratedMethodAccessor54 (java.base@15)
1252:             1             16  jdk.internal.reflect.GeneratedMethodAccessor55 (java.base@15)
1253:             1             16  jdk.internal.reflect.GeneratedMethodAccessor56 (java.base@15)
1254:             1             16  jdk.internal.reflect.GeneratedMethodAccessor57 (java.base@15)
1255:             1             16  jdk.internal.reflect.GeneratedMethodAccessor58 (java.base@15)
1256:             1             16  jdk.internal.reflect.GeneratedMethodAccessor59 (java.base@15)
1257:             1             16  jdk.internal.reflect.GeneratedMethodAccessor6 (java.base@15)
1258:             1             16  jdk.internal.reflect.GeneratedMethodAccessor60 (java.base@15)
1259:             1             16  jdk.internal.reflect.GeneratedMethodAccessor61 (java.base@15)
1260:             1             16  jdk.internal.reflect.GeneratedMethodAccessor62 (java.base@15)
1261:             1             16  jdk.internal.reflect.GeneratedMethodAccessor63 (java.base@15)
1262:             1             16  jdk.internal.reflect.GeneratedMethodAccessor64 (java.base@15)
1263:             1             16  jdk.internal.reflect.GeneratedMethodAccessor65 (java.base@15)
1264:             1             16  jdk.internal.reflect.GeneratedMethodAccessor66 (java.base@15)
1265:             1             16  jdk.internal.reflect.GeneratedMethodAccessor67 (java.base@15)
1266:             1             16  jdk.internal.reflect.GeneratedMethodAccessor68 (java.base@15)
1267:             1             16  jdk.internal.reflect.GeneratedMethodAccessor69 (java.base@15)
1268:             1             16  jdk.internal.reflect.GeneratedMethodAccessor7 (java.base@15)
1269:             1             16  jdk.internal.reflect.GeneratedMethodAccessor70 (java.base@15)
1270:             1             16  jdk.internal.reflect.GeneratedMethodAccessor71 (java.base@15)
1271:             1             16  jdk.internal.reflect.GeneratedMethodAccessor72 (java.base@15)
1272:             1             16  jdk.internal.reflect.GeneratedMethodAccessor73 (java.base@15)
1273:             1             16  jdk.internal.reflect.GeneratedMethodAccessor74 (java.base@15)
1274:             1             16  jdk.internal.reflect.GeneratedMethodAccessor75 (java.base@15)
1275:             1             16  jdk.internal.reflect.GeneratedMethodAccessor76 (java.base@15)
1276:             1             16  jdk.internal.reflect.GeneratedMethodAccessor77 (java.base@15)
1277:             1             16  jdk.internal.reflect.GeneratedMethodAccessor78 (java.base@15)
1278:             1             16  jdk.internal.reflect.GeneratedMethodAccessor8 (java.base@15)
1279:             1             16  jdk.internal.reflect.GeneratedMethodAccessor9 (java.base@15)
1280:             1             16  jdk.internal.reflect.GeneratedSerializationConstructorAccessor1 (java.base@15)
1281:             1             16  jdk.internal.reflect.GeneratedSerializationConstructorAccessor10 (java.base@15)
1282:             1             16  jdk.internal.reflect.GeneratedSerializationConstructorAccessor11 (java.base@15)
1283:             1             16  jdk.internal.reflect.GeneratedSerializationConstructorAccessor12 (java.base@15)
1284:             1             16  jdk.internal.reflect.GeneratedSerializationConstructorAccessor13 (java.base@15)
1285:             1             16  jdk.internal.reflect.GeneratedSerializationConstructorAccessor14 (java.base@15)
1286:             1             16  jdk.internal.reflect.GeneratedSerializationConstructorAccessor15 (java.base@15)
1287:             1             16  jdk.internal.reflect.GeneratedSerializationConstructorAccessor16 (java.base@15)
1288:             1             16  jdk.internal.reflect.GeneratedSerializationConstructorAccessor17 (java.base@15)
1289:             1             16  jdk.internal.reflect.GeneratedSerializationConstructorAccessor18 (java.base@15)
1290:             1             16  jdk.internal.reflect.GeneratedSerializationConstructorAccessor19 (java.base@15)
1291:             1             16  jdk.internal.reflect.GeneratedSerializationConstructorAccessor2 (java.base@15)
1292:             1             16  jdk.internal.reflect.GeneratedSerializationConstructorAccessor20 (java.base@15)
1293:             1             16  jdk.internal.reflect.GeneratedSerializationConstructorAccessor21 (java.base@15)
1294:             1             16  jdk.internal.reflect.GeneratedSerializationConstructorAccessor22 (java.base@15)
1295:             1             16  jdk.internal.reflect.GeneratedSerializationConstructorAccessor23 (java.base@15)
1296:             1             16  jdk.internal.reflect.GeneratedSerializationConstructorAccessor24 (java.base@15)
1297:             1             16  jdk.internal.reflect.GeneratedSerializationConstructorAccessor25 (java.base@15)
1298:             1             16  jdk.internal.reflect.GeneratedSerializationConstructorAccessor26 (java.base@15)
1299:             1             16  jdk.internal.reflect.GeneratedSerializationConstructorAccessor27 (java.base@15)
1300:             1             16  jdk.internal.reflect.GeneratedSerializationConstructorAccessor28 (java.base@15)
1301:             1             16  jdk.internal.reflect.GeneratedSerializationConstructorAccessor29 (java.base@15)
1302:             1             16  jdk.internal.reflect.GeneratedSerializationConstructorAccessor3 (java.base@15)
1303:             1             16  jdk.internal.reflect.GeneratedSerializationConstructorAccessor30 (java.base@15)
1304:             1             16  jdk.internal.reflect.GeneratedSerializationConstructorAccessor31 (java.base@15)
1305:             1             16  jdk.internal.reflect.GeneratedSerializationConstructorAccessor32 (java.base@15)
1306:             1             16  jdk.internal.reflect.GeneratedSerializationConstructorAccessor33 (java.base@15)
1307:             1             16  jdk.internal.reflect.GeneratedSerializationConstructorAccessor34 (java.base@15)
1308:             1             16  jdk.internal.reflect.GeneratedSerializationConstructorAccessor35 (java.base@15)
1309:             1             16  jdk.internal.reflect.GeneratedSerializationConstructorAccessor36 (java.base@15)
1310:             1             16  jdk.internal.reflect.GeneratedSerializationConstructorAccessor37 (java.base@15)
1311:             1             16  jdk.internal.reflect.GeneratedSerializationConstructorAccessor38 (java.base@15)
1312:             1             16  jdk.internal.reflect.GeneratedSerializationConstructorAccessor39 (java.base@15)
1313:             1             16  jdk.internal.reflect.GeneratedSerializationConstructorAccessor4 (java.base@15)
1314:             1             16  jdk.internal.reflect.GeneratedSerializationConstructorAccessor5 (java.base@15)
1315:             1             16  jdk.internal.reflect.GeneratedSerializationConstructorAccessor6 (java.base@15)
1316:             1             16  jdk.internal.reflect.GeneratedSerializationConstructorAccessor7 (java.base@15)
1317:             1             16  jdk.internal.reflect.GeneratedSerializationConstructorAccessor8 (java.base@15)
1318:             1             16  jdk.internal.reflect.GeneratedSerializationConstructorAccessor9 (java.base@15)
1319:             1             16  jdk.internal.reflect.ReflectionFactory (java.base@15)
1320:             1             16  jdk.internal.util.Preconditions$1 (java.base@15)
1321:             1             16  jdk.jfr.FlightRecorderPermission$InternalAccess (jdk.jfr@15)
1322:             1             16  jdk.jfr.internal.JVM (jdk.jfr@15)
1323:             1             16  jdk.jfr.internal.SecuritySupport$Privileged (jdk.jfr@15)
1324:             1             16  jdk.jfr.internal.consumer.FileAccess$UnPrivileged (jdk.jfr@15)
1325:             1             16  jdk.management.jfr.SettingDescriptorInfo$1 (jdk.management.jfr@15)
1326:             1             16  jdk.net.ExtendedSocketOptions$PlatformSocketOptions (jdk.net@15)
1327:             1             16  org.postgresql.Driver
1328:             1             16  org.postgresql.core.CachedQueryCreateAction
1329:             1             16  org.postgresql.core.Encoding$2
1330:             1             16  org.postgresql.core.QueryExecutorBase$1
1331:             1             16  org.postgresql.jdbc.PgConnection$1
1332:             1             16  org.postgresql.util.LruCache$1
1333:             1             16  org.postgresql.util.LruCache$2
1334:             1             16  ru.job4j.tracker.ConsoleInput
1335:             1             16  ru.job4j.tracker.CreateAction
1336:             1             16  ru.job4j.tracker.DeleteAction
1337:             1             16  ru.job4j.tracker.ExitAction
1338:             1             16  ru.job4j.tracker.FindAllAction
1339:             1             16  ru.job4j.tracker.FindByIdAction
1340:             1             16  ru.job4j.tracker.FindByNameAction
1341:             1             16  ru.job4j.tracker.ReplaceAction
1342:             1             16  ru.job4j.tracker.SqlTracker
1343:             1             16  ru.job4j.tracker.StartUI
1344:             1             16  sun.management.ClassLoadingImpl (java.management@15)
1345:             1             16  sun.management.ManagementFactoryHelper$$Lambda$138/0x0000000800c51ed8 (java.management@15)
1346:             1             16  sun.management.ManagementFactoryHelper$$Lambda$139/0x0000000800c52110 (java.management@15)
1347:             1             16  sun.management.ManagementFactoryHelper$$Lambda$84/0x0000000800c0d490 (java.management@15)
1348:             1             16  sun.management.jmxremote.ConnectorBootstrap$PermanentExporter (jdk.management.agent@15)
1349:             1             16  sun.management.jmxremote.LocalRMIServerSocketFactory (jdk.management.agent@15)
1350:             1             16  sun.net.DefaultProgressMeteringPolicy (java.base@15)
1351:             1             16  sun.net.spi.DefaultProxySelector (java.base@15)
1352:             1             16  sun.net.www.protocol.file.Handler (java.base@15)
1353:             1             16  sun.net.www.protocol.jar.Handler (java.base@15)
1354:             1             16  sun.net.www.protocol.jar.JarFileFactory (java.base@15)
1355:             1             16  sun.net.www.protocol.jrt.Handler (java.base@15)
1356:             1             16  sun.nio.ch.ExtendedSocketOption$1 (java.base@15)
1357:             1             16  sun.nio.ch.FileChannelImpl$1 (java.base@15)
1358:             1             16  sun.nio.ch.FileChannelImpl$2 (java.base@15)
1359:             1             16  sun.nio.ch.Net$1 (java.base@15)
1360:             1             16  sun.nio.ch.SocketDispatcher (java.base@15)
1361:             1             16  sun.nio.ch.Util$1 (java.base@15)
1362:             1             16  sun.nio.fs.NativeBuffers$1 (java.base@15)
1363:             1             16  sun.nio.fs.WindowsChannelFactory$1 (java.base@15)
1364:             1             16  sun.nio.fs.WindowsFileSystemProvider (java.base@15)
1365:             1             16  sun.reflect.generics.tree.BottomSignature (java.base@15)
1366:             1             16  sun.reflect.generics.tree.LongSignature (java.base@15)
1367:             1             16  sun.reflect.generics.tree.TypeVariableSignature (java.base@15)
1368:             1             16  sun.reflect.generics.tree.VoidDescriptor (java.base@15)
1369:             1             16  sun.rmi.runtime.Log$$Lambda$98/0x0000000800c18a50 (java.rmi@15)
1370:             1             16  sun.rmi.runtime.Log$LoggerLogFactory (java.rmi@15)
1371:             1             16  sun.rmi.runtime.RuntimeUtil (java.rmi@15)
1372:             1             16  sun.rmi.runtime.RuntimeUtil$$Lambda$117/0x0000000800c22fa0 (java.rmi@15)
1373:             1             16  sun.rmi.server.LoaderHandler$$Lambda$129/0x0000000800c34498 (java.rmi@15)
1374:             1             16  sun.rmi.server.LoaderHandler$$Lambda$130/0x0000000800c346b0 (java.rmi@15)
1375:             1             16  sun.rmi.server.MarshalInputStream$$Lambda$126/0x0000000800c30668 (java.rmi@15)
1376:             1             16  sun.rmi.server.UnicastRef (java.rmi@15)
1377:             1             16  sun.rmi.server.UnicastRef$$Lambda$101/0x0000000800c1b200 (java.rmi@15)
1378:             1             16  sun.rmi.server.UnicastServerRef$$Lambda$102/0x0000000800c1b418 (java.rmi@15)
1379:             1             16  sun.rmi.server.UnicastServerRef$$Lambda$103/0x0000000800c1b630 (java.rmi@15)
1380:             1             16  sun.rmi.server.UnicastServerRef$$Lambda$104/0x0000000800c1b848 (java.rmi@15)
1381:             1             16  sun.rmi.server.UnicastServerRef$HashToMethod_Maps (java.rmi@15)
1382:             1             16  sun.rmi.server.Util$$Lambda$100/0x0000000800c1afe8 (java.rmi@15)
1383:             1             16  sun.rmi.server.Util$$Lambda$97/0x0000000800c17ba0 (java.rmi@15)
1384:             1             16  sun.rmi.transport.DGCAckHandler$$Lambda$131/0x0000000800c3dee8 (java.rmi@15)
1385:             1             16  sun.rmi.transport.DGCImpl$$Lambda$114/0x0000000800c22528 (java.rmi@15)
1386:             1             16  sun.rmi.transport.DGCImpl$$Lambda$115/0x0000000800c22740 (java.rmi@15)
1387:             1             16  sun.rmi.transport.DGCImpl$$Lambda$116/0x0000000800c22958 (java.rmi@15)
1388:             1             16  sun.rmi.transport.DGCImpl$$Lambda$118/0x0000000800c25198 (java.rmi@15)
1389:             1             16  sun.rmi.transport.DGCImpl$1 (java.rmi@15)
1390:             1             16  sun.rmi.transport.DGCImpl$2$$Lambda$119/0x0000000800c257d0 (java.rmi@15)
1391:             1             16  sun.rmi.transport.DGCImpl_Skel (java.rmi@15)
1392:             1             16  sun.rmi.transport.DGCImpl_Stub (java.rmi@15)
1393:             1             16  sun.rmi.transport.ObjectTable$$Lambda$113/0x0000000800c21ef0 (java.rmi@15)
1394:             1             16  sun.rmi.transport.Transport$$Lambda$108/0x0000000800c1d668 (java.rmi@15)
1395:             1             16  sun.rmi.transport.tcp.TCPChannel$$Lambda$121/0x0000000800c2e500 (java.rmi@15)
1396:             1             16  sun.rmi.transport.tcp.TCPChannel$$Lambda$122/0x0000000800c2e718 (java.rmi@15)
1397:             1             16  sun.rmi.transport.tcp.TCPChannel$$Lambda$123/0x0000000800c2e930 (java.rmi@15)
1398:             1             16  sun.rmi.transport.tcp.TCPDirectSocketFactory (java.rmi@15)
1399:             1             16  sun.rmi.transport.tcp.TCPEndpoint$$Lambda$106/0x0000000800c1cba0 (java.rmi@15)
1400:             1             16  sun.rmi.transport.tcp.TCPTransport$$Lambda$109/0x0000000800c1d880 (java.rmi@15)
1401:             1             16  sun.rmi.transport.tcp.TCPTransport$$Lambda$110/0x0000000800c1da98 (java.rmi@15)
1402:             1             16  sun.rmi.transport.tcp.TCPTransport$$Lambda$111/0x0000000800c1dcb0 (java.rmi@15)
1403:             1             16  sun.rmi.transport.tcp.TCPTransport$$Lambda$112/0x0000000800c206b8 (java.rmi@15)
1404:             1             16  sun.rmi.transport.tcp.TCPTransport$1 (java.rmi@15)
1405:             1             16  sun.security.jca.ProviderConfig$ProviderLoader (java.base@15)
1406:             1             16  sun.security.provider.AbstractDrbg$$Lambda$66/0x0000000800b8ea88 (java.base@15)
1407:             1             16  sun.security.provider.AbstractDrbg$SeederHolder$$Lambda$70/0x0000000800b95958 (java.base@15)
1408:             1             16  sun.security.provider.DRBG$$Lambda$65/0x0000000800b8d578 (java.base@15)
1409:             1             16  sun.security.provider.NativeSeedGenerator (java.base@15)
1410:             1             16  sun.security.util.ByteArrayLexOrder (java.base@15)
1411:             1             16  sun.security.util.ByteArrayTagOrder (java.base@15)
1412:             1             16  sun.security.util.KnownOIDs$$Lambda$64/0x0000000800b8ccf0 (java.base@15)
1413:             1             16  sun.util.calendar.Gregorian (java.base@15)
1414:             1             16  sun.util.cldr.CLDRBaseLocaleDataMetaInfo (java.base@15)
1415:             1             16  sun.util.locale.InternalLocaleBuilder$CaseInsensitiveChar (java.base@15)
1416:             1             16  sun.util.locale.provider.CalendarDataUtility$CalendarWeekParameterGetter (java.base@15)
1417:             1             16  sun.util.locale.provider.NumberFormatProviderImpl$$Lambda$23/0x0000000800b650f0 (java.base@15)
1418:             1             16  sun.util.locale.provider.NumberFormatProviderImpl$$Lambda$24/0x0000000800b65548 (java.base@15)
1419:             1             16  sun.util.locale.provider.TimeZoneNameUtility$TimeZoneNameGetter (java.base@15)
1420:             1             16  sun.util.logging.internal.LoggingProviderImpl (java.logging@15)
1421:             1             16  sun.util.resources.LocaleData$LocaleDataStrategy (java.base@15)
1422:             1             16  sun.util.resources.cldr.provider.CLDRLocaleDataMetaInfo (jdk.localedata@15)
Total        789831       44619936

